../Core/Src/stm32h7xx_it.c:71:6:NMI_Handler	8	static
../Core/Src/stm32h7xx_it.c:87:6:HardFault_Handler	8	static
../Core/Src/stm32h7xx_it.c:103:6:MemManage_Handler	8	static
../Core/Src/stm32h7xx_it.c:119:6:BusFault_Handler	8	static
../Core/Src/stm32h7xx_it.c:135:6:UsageFault_Handler	8	static
../Core/Src/stm32h7xx_it.c:151:6:SVC_Handler	4	static
../Core/Src/stm32h7xx_it.c:164:6:DebugMon_Handler	4	static
../Core/Src/stm32h7xx_it.c:177:6:PendSV_Handler	4	static
../Core/Src/stm32h7xx_it.c:190:6:SysTick_Handler	8	static
../Core/Src/stm32h7xx_it.c:211:6:RCC_IRQHandler	4	static
../Core/Src/stm32h7xx_it.c:224:6:HRTIM1_Master_IRQHandler	8	static
../Core/Src/stm32h7xx_it.c:238:6:HSEM1_IRQHandler	8	static
../Core/Src/stm32h7xx_it.c:250:6:HAL_HRTIM_RepetitionEventCallback	32	static
../Core/Src/stm32h7xx_it.c:268:6:HAL_HSEM_FreeCallback	16	static
