Archive member included to satisfy reference by file (symbol)

/Applications/STM32CubeIDE.app/Contents/Eclipse/plugins/com.st.stm32cube.ide.mcu.externaltools.gnu-tools-for-stm32.13.3.rel1.macos64_1.0.0.202411102158/tools/bin/../lib/gcc/arm-none-eabi/13.3.1/../../../../arm-none-eabi/lib/thumb/v7e-m+fp/hard/libc_nano.a(libc_a-exit.o)
                              /Applications/STM32CubeIDE.app/Contents/Eclipse/plugins/com.st.stm32cube.ide.mcu.externaltools.gnu-tools-for-stm32.13.3.rel1.macos64_1.0.0.202411102158/tools/bin/../lib/gcc/arm-none-eabi/13.3.1/../../../../arm-none-eabi/lib/thumb/v7e-m+fp/hard/crt0.o (exit)
/Applications/STM32CubeIDE.app/Contents/Eclipse/plugins/com.st.stm32cube.ide.mcu.externaltools.gnu-tools-for-stm32.13.3.rel1.macos64_1.0.0.202411102158/tools/bin/../lib/gcc/arm-none-eabi/13.3.1/../../../../arm-none-eabi/lib/thumb/v7e-m+fp/hard/libc_nano.a(libc_a-snprintf.o)
                              ./Core/Src/sdcard.o (snprintf)
/Applications/STM32CubeIDE.app/Contents/Eclipse/plugins/com.st.stm32cube.ide.mcu.externaltools.gnu-tools-for-stm32.13.3.rel1.macos64_1.0.0.202411102158/tools/bin/../lib/gcc/arm-none-eabi/13.3.1/../../../../arm-none-eabi/lib/thumb/v7e-m+fp/hard/libc_nano.a(libc_a-rand.o)
                              ./Core/Src/gnss.o (rand)
/Applications/STM32CubeIDE.app/Contents/Eclipse/plugins/com.st.stm32cube.ide.mcu.externaltools.gnu-tools-for-stm32.13.3.rel1.macos64_1.0.0.202411102158/tools/bin/../lib/gcc/arm-none-eabi/13.3.1/../../../../arm-none-eabi/lib/thumb/v7e-m+fp/hard/libc_nano.a(libc_a-findfp.o)
                              /Applications/STM32CubeIDE.app/Contents/Eclipse/plugins/com.st.stm32cube.ide.mcu.externaltools.gnu-tools-for-stm32.13.3.rel1.macos64_1.0.0.202411102158/tools/bin/../lib/gcc/arm-none-eabi/13.3.1/../../../../arm-none-eabi/lib/thumb/v7e-m+fp/hard/libc_nano.a(libc_a-exit.o) (__stdio_exit_handler)
/Applications/STM32CubeIDE.app/Contents/Eclipse/plugins/com.st.stm32cube.ide.mcu.externaltools.gnu-tools-for-stm32.13.3.rel1.macos64_1.0.0.202411102158/tools/bin/../lib/gcc/arm-none-eabi/13.3.1/../../../../arm-none-eabi/lib/thumb/v7e-m+fp/hard/libc_nano.a(libc_a-fwalk.o)
                              /Applications/STM32CubeIDE.app/Contents/Eclipse/plugins/com.st.stm32cube.ide.mcu.externaltools.gnu-tools-for-stm32.13.3.rel1.macos64_1.0.0.202411102158/tools/bin/../lib/gcc/arm-none-eabi/13.3.1/../../../../arm-none-eabi/lib/thumb/v7e-m+fp/hard/libc_nano.a(libc_a-findfp.o) (_fwalk_sglue)
/Applications/STM32CubeIDE.app/Contents/Eclipse/plugins/com.st.stm32cube.ide.mcu.externaltools.gnu-tools-for-stm32.13.3.rel1.macos64_1.0.0.202411102158/tools/bin/../lib/gcc/arm-none-eabi/13.3.1/../../../../arm-none-eabi/lib/thumb/v7e-m+fp/hard/libc_nano.a(libc_a-memset.o)
                              /Applications/STM32CubeIDE.app/Contents/Eclipse/plugins/com.st.stm32cube.ide.mcu.externaltools.gnu-tools-for-stm32.13.3.rel1.macos64_1.0.0.202411102158/tools/bin/../lib/gcc/arm-none-eabi/13.3.1/../../../../arm-none-eabi/lib/thumb/v7e-m+fp/hard/crt0.o (memset)
/Applications/STM32CubeIDE.app/Contents/Eclipse/plugins/com.st.stm32cube.ide.mcu.externaltools.gnu-tools-for-stm32.13.3.rel1.macos64_1.0.0.202411102158/tools/bin/../lib/gcc/arm-none-eabi/13.3.1/../../../../arm-none-eabi/lib/thumb/v7e-m+fp/hard/libc_nano.a(libc_a-errno.o)
                              ./Core/Src/syscalls.o (__errno)
/Applications/STM32CubeIDE.app/Contents/Eclipse/plugins/com.st.stm32cube.ide.mcu.externaltools.gnu-tools-for-stm32.13.3.rel1.macos64_1.0.0.202411102158/tools/bin/../lib/gcc/arm-none-eabi/13.3.1/../../../../arm-none-eabi/lib/thumb/v7e-m+fp/hard/libc_nano.a(libc_a-init.o)
                              /Applications/STM32CubeIDE.app/Contents/Eclipse/plugins/com.st.stm32cube.ide.mcu.externaltools.gnu-tools-for-stm32.13.3.rel1.macos64_1.0.0.202411102158/tools/bin/../lib/gcc/arm-none-eabi/13.3.1/../../../../arm-none-eabi/lib/thumb/v7e-m+fp/hard/crt0.o (__libc_init_array)
/Applications/STM32CubeIDE.app/Contents/Eclipse/plugins/com.st.stm32cube.ide.mcu.externaltools.gnu-tools-for-stm32.13.3.rel1.macos64_1.0.0.202411102158/tools/bin/../lib/gcc/arm-none-eabi/13.3.1/../../../../arm-none-eabi/lib/thumb/v7e-m+fp/hard/libc_nano.a(libc_a-strftime.o)
                              ./Core/Src/sdcard.o (strftime)
/Applications/STM32CubeIDE.app/Contents/Eclipse/plugins/com.st.stm32cube.ide.mcu.externaltools.gnu-tools-for-stm32.13.3.rel1.macos64_1.0.0.202411102158/tools/bin/../lib/gcc/arm-none-eabi/13.3.1/../../../../arm-none-eabi/lib/thumb/v7e-m+fp/hard/libc_nano.a(libc_a-tzlock.o)
                              /Applications/STM32CubeIDE.app/Contents/Eclipse/plugins/com.st.stm32cube.ide.mcu.externaltools.gnu-tools-for-stm32.13.3.rel1.macos64_1.0.0.202411102158/tools/bin/../lib/gcc/arm-none-eabi/13.3.1/../../../../arm-none-eabi/lib/thumb/v7e-m+fp/hard/libc_nano.a(libc_a-strftime.o) (__tz_lock)
[...]
Memory Configuration

Name             Origin             Length             Attributes
FLASH            0x08100000         0x00100000         xr
ADC_BUFFER       0x10000000         0x00040000         rw
RAM              0x10040000         0x00008000         xrw
*default*        0x00000000         0xffffffff

Linker script and memory map

LOAD /Applications/STM32CubeIDE.app/Contents/Eclipse/plugins/com.st.stm32cube.ide.mcu.externaltools.gnu-tools-for-stm32.13.3.rel1.macos64_1.0.0.202411102158/tools/bin/../lib/gcc/arm-none-eabi/13.3.1/thumb/v7e-m+fp/hard/crti.o
LOAD /Applications/STM32CubeIDE.app/Contents/Eclipse/plugins/com.st.stm32cube.ide.mcu.externaltools.gnu-tools-for-stm32.13.3.rel1.macos64_1.0.0.202411102158/tools/bin/../lib/gcc/arm-none-eabi/13.3.1/thumb/v7e-m+fp/hard/crtbegin.o
LOAD /Applications/STM32CubeIDE.app/Contents/Eclipse/plugins/com.st.stm32cube.ide.mcu.externaltools.gnu-tools-for-stm32.13.3.rel1.macos64_1.0.0.202411102158/tools/bin/../lib/gcc/arm-none-eabi/13.3.1/../../../../arm-none-eabi/lib/thumb/v7e-m+fp/hard/crt0.o
LOAD ./Common/Src/system_stm32h7xx_dualcore_boot_cm4_cm7.o
LOAD ./Core/Src/dma.o
LOAD ./Core/Src/gnss.o
LOAD ./Core/Src/gpio.o
LOAD ./Core/Src/main.o
LOAD ./Core/Src/sdcard.o
LOAD ./Core/Src/sdmmc.o
LOAD ./Core/Src/stm32h7xx_hal_msp.o
LOAD ./Core/Src/stm32h7xx_it.o
LOAD ./Core/Src/syscalls.o
LOAD ./Core/Src/sysmem.o
LOAD ./Core/Src/u_ubx_protocol.o
LOAD ./Core/Src/usart.o
LOAD ./Core/Startup/startup_stm32h755zitx.o
LOAD ./Drivers/STM32H7xx_HAL_Driver/stm32h7xx_hal.o
LOAD ./Drivers/STM32H7xx_HAL_Driver/stm32h7xx_hal_cortex.o
LOAD ./Drivers/STM32H7xx_HAL_Driver/stm32h7xx_hal_dma.o
LOAD ./Drivers/STM32H7xx_HAL_Driver/stm32h7xx_hal_dma_ex.o
LOAD ./Drivers/STM32H7xx_HAL_Driver/stm32h7xx_hal_exti.o
LOAD ./Drivers/STM32H7xx_HAL_Driver/stm32h7xx_hal_flash.o
LOAD ./Drivers/STM32H7xx_HAL_Driver/stm32h7xx_hal_flash_ex.o
LOAD ./Drivers/STM32H7xx_HAL_Driver/stm32h7xx_hal_gpio.o
LOAD ./Drivers/STM32H7xx_HAL_Driver/stm32h7xx_hal_hsem.o
LOAD ./Drivers/STM32H7xx_HAL_Driver/stm32h7xx_hal_i2c.o
LOAD ./Drivers/STM32H7xx_HAL_Driver/stm32h7xx_hal_i2c_ex.o
LOAD ./Drivers/STM32H7xx_HAL_Driver/stm32h7xx_hal_mdma.o
LOAD ./Drivers/STM32H7xx_HAL_Driver/stm32h7xx_hal_mmc.o
LOAD ./Drivers/STM32H7xx_HAL_Driver/stm32h7xx_hal_mmc_ex.o
LOAD ./Drivers/STM32H7xx_HAL_Driver/stm32h7xx_hal_pwr.o
LOAD ./Drivers/STM32H7xx_HAL_Driver/stm32h7xx_hal_pwr_ex.o
LOAD ./Drivers/STM32H7xx_HAL_Driver/stm32h7xx_hal_rcc.o
LOAD ./Drivers/STM32H7xx_HAL_Driver/stm32h7xx_hal_rcc_ex.o
LOAD ./Drivers/STM32H7xx_HAL_Driver/stm32h7xx_hal_sd.o
LOAD ./Drivers/STM32H7xx_HAL_Driver/stm32h7xx_hal_sd_ex.o
LOAD ./Drivers/STM32H7xx_HAL_Driver/stm32h7xx_hal_tim.o
LOAD ./Drivers/STM32H7xx_HAL_Driver/stm32h7xx_hal_tim_ex.o
LOAD ./Drivers/STM32H7xx_HAL_Driver/stm32h7xx_hal_uart.o
LOAD ./Drivers/STM32H7xx_HAL_Driver/stm32h7xx_hal_uart_ex.o
LOAD ./Drivers/STM32H7xx_HAL_Driver/stm32h7xx_ll_delayblock.o
LOAD ./Drivers/STM32H7xx_HAL_Driver/stm32h7xx_ll_sdmmc.o
LOAD ./FATFS/App/fatfs.o
LOAD ./FATFS/Target/bsp_driver_sd.o
LOAD ./FATFS/Target/fatfs_platform.o
LOAD ./FATFS/Target/sd_diskio.o
LOAD ./Middlewares/Third_Party/FatFs/ccsbcs.o
LOAD ./Middlewares/Third_Party/FatFs/diskio.o
LOAD ./Middlewares/Third_Party/FatFs/ff.o
LOAD ./Middlewares/Third_Party/FatFs/ff_gen_drv.o
LOAD ./Middlewares/Third_Party/FatFs/syscall.o
START GROUP
LOAD /Applications/STM32CubeIDE.app/Contents/Eclipse/plugins/com.st.stm32cube.ide.mcu.externaltools.gnu-tools-for-stm32.13.3.rel1.macos64_1.0.0.202411102158/tools/bin/../lib/gcc/arm-none-eabi/13.3.1/../../../../arm-none-eabi/lib/thumb/v7e-m+fp/hard/libc_nano.a
LOAD /Applications/STM32CubeIDE.app/Contents/Eclipse/plugins/com.st.stm32cube.ide.mcu.externaltools.gnu-tools-for-stm32.13.3.rel1.macos64_1.0.0.202411102158/tools/bin/../lib/gcc/arm-none-eabi/13.3.1/../../../../arm-none-eabi/lib/thumb/v7e-m+fp/hard/libm.a
END GROUP
START GROUP
LOAD /Applications/STM32CubeIDE.app/Contents/Eclipse/plugins/com.st.stm32cube.ide.mcu.externaltools.gnu-tools-for-stm32.13.3.rel1.macos64_1.0.0.202411102158/tools/bin/../lib/gcc/arm-none-eabi/13.3.1/thumb/v7e-m+fp/hard/libgcc.a
LOAD /Applications/STM32CubeIDE.app/Contents/Eclipse/plugins/com.st.stm32cube.ide.mcu.externaltools.gnu-tools-for-stm32.13.3.rel1.macos64_1.0.0.202411102158/tools/bin/../lib/gcc/arm-none-eabi/13.3.1/../../../../arm-none-eabi/lib/thumb/v7e-m+fp/hard/libc_nano.a
END GROUP
START GROUP
LOAD /Applications/STM32CubeIDE.app/Contents/Eclipse/plugins/com.st.stm32cube.ide.mcu.externaltools.gnu-tools-for-stm32.13.3.rel1.macos64_1.0.0.202411102158/tools/bin/../lib/gcc/arm-none-eabi/13.3.1/thumb/v7e-m+fp/hard/libgcc.a
LOAD /Applications/STM32CubeIDE.app/Contents/Eclipse/plugins/com.st.stm32cube.ide.mcu.externaltools.gnu-tools-for-stm32.13.3.rel1.macos64_1.0.0.202411102158/tools/bin/../lib/gcc/arm-none-eabi/13.3.1/../../../../arm-none-eabi/lib/thumb/v7e-m+fp/hard/libc_nano.a
LOAD /Applications/STM32CubeIDE.app/Contents/Eclipse/plugins/com.st.stm32cube.ide.mcu.externaltools.gnu-tools-for-stm32.13.3.rel1.macos64_1.0.0.202411102158/tools/bin/../lib/gcc/arm-none-eabi/13.3.1/../../../../arm-none-eabi/lib/thumb/v7e-m+fp/hard/libnosys.a
END GROUP
START GROUP
LOAD /Applications/STM32CubeIDE.app/Contents/Eclipse/plugins/com.st.stm32cube.ide.mcu.externaltools.gnu-tools-for-stm32.13.3.rel1.macos64_1.0.0.202411102158/tools/bin/../lib/gcc/arm-none-eabi/13.3.1/thumb/v7e-m+fp/hard/libgcc.a
LOAD /Applications/STM32CubeIDE.app/Contents/Eclipse/plugins/com.st.stm32cube.ide.mcu.externaltools.gnu-tools-for-stm32.13.3.rel1.macos64_1.0.0.202411102158/tools/bin/../lib/gcc/arm-none-eabi/13.3.1/../../../../arm-none-eabi/lib/thumb/v7e-m+fp/hard/libc_nano.a
LOAD /Applications/STM32CubeIDE.app/Contents/Eclipse/plugins/com.st.stm32cube.ide.mcu.externaltools.gnu-tools-for-stm32.13.3.rel1.macos64_1.0.0.202411102158/tools/bin/../lib/gcc/arm-none-eabi/13.3.1/../../../../arm-none-eabi/lib/thumb/v7e-m+fp/hard/libnosys.a
END GROUP
LOAD /Applications/STM32CubeIDE.app/Contents/Eclipse/plugins/com.st.stm32cube.ide.mcu.externaltools.gnu-tools-for-stm32.13.3.rel1.macos64_1.0.0.202411102158/tools/bin/../lib/gcc/arm-none-eabi/13.3.1/thumb/v7e-m+fp/hard/crtend.o
LOAD /Applications/STM32CubeIDE.app/Contents/Eclipse/plugins/com.st.stm32cube.ide.mcu.externaltools.gnu-tools-for-stm32.13.3.rel1.macos64_1.0.0.202411102158/tools/bin/../lib/gcc/arm-none-eabi/13.3.1/thumb/v7e-m+fp/hard/crtn.o
                0x10048000                        _estack = (ORIGIN (RAM) + LENGTH (RAM))
                0x00000200                        _Min_Heap_Size = 0x200
                0x00000400                        _Min_Stack_Size = 0x400

.isr_vector     0x08100000      0x298
                0x08100000                        . = ALIGN (0x4)
 *(.isr_vector)
 .isr_vector    0x08100000      0x298 ./Core/Startup/startup_stm32h755zitx.o
                0x08100000                g_pfnVectors
                0x08100298                        . = ALIGN (0x4)

.text           0x081002a0    0x182b8
                0x081002a0                        . = ALIGN (0x4)
 *(.text)
 .text          0x081002a0       0x40 /Applications/STM32CubeIDE.app/Contents/Eclipse/plugins/com.st.stm32cube.ide.mcu.externaltools.gnu-tools-for-stm32.13.3.rel1.macos64_1.0.0.202411102158/tools/bin/../lib/gcc/arm-none-eabi/13.3.1/thumb/v7e-m+fp/hard/crtbegin.o
 .text          0x081002e0       0x14 /Applications/STM32CubeIDE.app/Contents/Eclipse/plugins/com.st.stm32cube.ide.mcu.externaltools.gnu-tools-for-stm32.13.3.rel1.macos64_1.0.0.202411102158/tools/bin/../lib/gcc/arm-none-eabi/13.3.1/../../../../arm-none-eabi/lib/thumb/v7e-m+fp/hard/libc_nano.a(libc_a-strcmp.o)
                0x081002e0                strcmp
 .text          0x081002f4       0x10 /Applications/STM32CubeIDE.app/Contents/Eclipse/plugins/com.st.stm32cube.ide.mcu.externaltools.gnu-tools-for-stm32.13.3.rel1.macos64_1.0.0.202411102158/tools/bin/../lib/gcc/arm-none-eabi/13.3.1/../../../../arm-none-eabi/lib/thumb/v7e-m+fp/hard/libc_nano.a(libc_a-strlen.o)
                0x081002f4                strlen
 *fill*         0x08100304        0xc 
 .text          0x08100310       0xa0 /Applications/STM32CubeIDE.app/Contents/Eclipse/plugins/com.st.stm32cube.ide.mcu.externaltools.gnu-tools-for-stm32.13.3.rel1.macos64_1.0.0.202411102158/tools/bin/../lib/gcc/arm-none-eabi/13.3.1/../../../../arm-none-eabi/lib/thumb/v7e-m+fp/hard/libc_nano.a(libc_a-memchr.o)
                0x08100310                memchr
 .text          0x081003b0       0x30 /Applications/STM32CubeIDE.app/Contents/Eclipse/plugins/com.st.stm32cube.ide.mcu.externaltools.gnu-tools-for-stm32.13.3.rel1.macos64_1.0.0.202411102158/tools/bin/../lib/gcc/arm-none-eabi/13.3.1/thumb/v7e-m+fp/hard/libgcc.a(_aeabi_uldivmod.o)
                0x081003b0                __aeabi_uldivmod
 .text          0x081003e0      0x2f8 /Applications/STM32CubeIDE.app/Contents/Eclipse/plugins/com.st.stm32cube.ide.mcu.externaltools.gnu-tools-for-stm32.13.3.rel1.macos64_1.0.0.202411102158/tools/bin/../lib/gcc/arm-none-eabi/13.3.1/thumb/v7e-m+fp/hard/libgcc.a(_udivmoddi4.o)
                0x081003e0                __udivmoddi4
 .text          0x081006d8        0x4 /Applications/STM32CubeIDE.app/Contents/Eclipse/plugins/com.st.stm32cube.ide.mcu.externaltools.gnu-tools-for-stm32.13.3.rel1.macos64_1.0.0.202411102158/tools/bin/../lib/gcc/arm-none-eabi/13.3.1/thumb/v7e-m+fp/hard/libgcc.a(_dvmd_tls.o)
                0x081006d8                __aeabi_ldiv0
                0x081006d8                __aeabi_idiv0
 *(.text*)
 .text.SystemInit
                0x081006dc       0x30 ./Common/Src/system_stm32h7xx_dualcore_boot_cm4_cm7.o
                0x081006dc                SystemInit
 .text.MX_DMA_Init
                0x0810070c       0x40 ./Core/Src/dma.o
                0x0810070c                MX_DMA_Init
 .text.gnss_init
                0x0810074c       0x64 ./Core/Src/gnss.o
                0x0810074c                gnss_init
 .text.gnss_config
                0x081007b0       0x60 ./Core/Src/gnss.o
                0x081007b0                gnss_config
 .text.gnss_reset_uart
                0x08100810       0x28 ./Core/Src/gnss.o
 .text.gnss_get_time
                0x08100838      0x360 ./Core/Src/gnss.o
                0x08100838                gnss_get_time
 .text.send_config
                0x08100b98      0x524 ./Core/Src/gnss.o
 .text.HAL_UART_RxCpltCallback
                0x081010bc       0x20 ./Core/Src/gnss.o
                0x081010bc                HAL_UART_RxCpltCallback
 .text.HAL_UARTEx_RxEventCallback
                0x081010dc       0x2c ./Core/Src/gnss.o
                0x081010dc                HAL_UARTEx_RxEventCallback
 .text.MX_GPIO_Init
                0x08101108      0x108 ./Core/Src/gpio.o
                0x08101108                MX_GPIO_Init
 .text.supplemental_gpio_init
                0x08101210       0x40 ./Core/Src/gpio.o
                0x08101210                supplemental_gpio_init
 .text.green_led_on
                0x08101250       0x18 ./Core/Src/gpio.o
                0x08101250                green_led_on
 .text.green_led_off
                0x08101268       0x18 ./Core/Src/gpio.o
                0x08101268                green_led_off
 .text.red_led_on
                0x08101280       0x18 ./Core/Src/gpio.o
                0x08101280                red_led_on
 .text.red_led_off
                0x08101298       0x18 ./Core/Src/gpio.o
                0x08101298                red_led_off
 .text.main     0x081012b0      0x28c ./Core/Src/main.o
                0x081012b0                main
 .text._main_busy_loop
                0x0810153c       0x40 ./Core/Src/main.o
 .text.Error_Handler
                0x0810157c       0x74 ./Core/Src/main.o
                0x0810157c                Error_Handler
 .text.assert_failed
                0x081015f0       0x16 ./Core/Src/main.o
                0x081015f0                assert_failed
 *fill*         0x08101606        0x2 
 .text.sdcard_mount
                0x08101608       0x6c ./Core/Src/sdcard.o
                0x08101608                sdcard_mount
 .text.sdcard_write_start_stop_times
                0x08101674      0x148 ./Core/Src/sdcard.o
                0x08101674                sdcard_write_start_stop_times
 .text.sdcard_shutdown
                0x081017bc       0xf4 ./Core/Src/sdcard.o
                0x081017bc                sdcard_shutdown
 .text.sdcard_allocate_files
                0x081018b0       0xe8 ./Core/Src/sdcard.o
                0x081018b0                sdcard_allocate_files
 .text.sdcard_write_to_file
                0x08101998      0x128 ./Core/Src/sdcard.o
                0x08101998                sdcard_write_to_file
 .text.get_file_size
                0x08101ac0       0x48 ./Core/Src/sdcard.o
 .text.get_max_writes_per_file
                0x08101b08       0x1e ./Core/Src/sdcard.o
 *fill*         0x08101b26        0x2 
 .text.MX_SDMMC2_SD_Init
                0x08101b28       0x48 ./Core/Src/sdmmc.o
                0x08101b28                MX_SDMMC2_SD_Init
 .text.HAL_SD_MspInit
                0x08101b70      0x12c ./Core/Src/sdmmc.o
                0x08101b70                HAL_SD_MspInit
 .text.HAL_SD_MspDeInit
                0x08101c9c       0x54 ./Core/Src/sdmmc.o
                0x08101c9c                HAL_SD_MspDeInit
 .text.HAL_MspInit
                0x08101cf0       0x40 ./Core/Src/stm32h7xx_hal_msp.o
                0x08101cf0                HAL_MspInit
 .text.NMI_Handler
                0x08101d30        0xa ./Core/Src/stm32h7xx_it.o
                0x08101d30                NMI_Handler
 .text.HardFault_Handler
                0x08101d3a        0xa ./Core/Src/stm32h7xx_it.o
                0x08101d3a                HardFault_Handler
 .text.MemManage_Handler
                0x08101d44        0xa ./Core/Src/stm32h7xx_it.o
                0x08101d44                MemManage_Handler
 .text.BusFault_Handler
                0x08101d4e        0xa ./Core/Src/stm32h7xx_it.o
                0x08101d4e                BusFault_Handler
 .text.UsageFault_Handler
                0x08101d58        0xa ./Core/Src/stm32h7xx_it.o
                0x08101d58                UsageFault_Handler
 .text.SVC_Handler
                0x08101d62        0xe ./Core/Src/stm32h7xx_it.o
                0x08101d62                SVC_Handler
 .text.DebugMon_Handler
                0x08101d70        0xe ./Core/Src/stm32h7xx_it.o
                0x08101d70                DebugMon_Handler
 .text.PendSV_Handler
                0x08101d7e        0xe ./Core/Src/stm32h7xx_it.o
                0x08101d7e                PendSV_Handler
 .text.SysTick_Handler
                0x08101d8c        0xc ./Core/Src/stm32h7xx_it.o
                0x08101d8c                SysTick_Handler
 .text.DMA1_Stream0_IRQHandler
                0x08101d98       0x14 ./Core/Src/stm32h7xx_it.o
                0x08101d98                DMA1_Stream0_IRQHandler
 .text.EXTI15_10_IRQHandler
                0x08101dac       0x10 ./Core/Src/stm32h7xx_it.o
                0x08101dac                EXTI15_10_IRQHandler
 .text.UART4_IRQHandler
                0x08101dbc       0x14 ./Core/Src/stm32h7xx_it.o
                0x08101dbc                UART4_IRQHandler
 .text.SDMMC2_IRQHandler
                0x08101dd0       0x14 ./Core/Src/stm32h7xx_it.o
                0x08101dd0                SDMMC2_IRQHandler
 .text.HSEM2_IRQHandler
                0x08101de4        0xc ./Core/Src/stm32h7xx_it.o
                0x08101de4                HSEM2_IRQHandler
 .text.HAL_HSEM_FreeCallback
                0x08101df0       0x64 ./Core/Src/stm32h7xx_it.o
                0x08101df0                HAL_HSEM_FreeCallback
 .text.HAL_GPIO_EXTI_Callback
                0x08101e54       0x34 ./Core/Src/stm32h7xx_it.o
                0x08101e54                HAL_GPIO_EXTI_Callback
 .text._getpid  0x08101e88       0x10 ./Core/Src/syscalls.o
                0x08101e88                _getpid
 .text._kill    0x08101e98       0x20 ./Core/Src/syscalls.o
                0x08101e98                _kill
 .text._exit    0x08101eb8       0x16 ./Core/Src/syscalls.o
                0x08101eb8                _exit
 .text._read    0x08101ece       0x3a ./Core/Src/syscalls.o
                0x08101ece                _read
 .text._write   0x08101f08       0x38 ./Core/Src/syscalls.o
                0x08101f08                _write
 .text._close   0x08101f40       0x18 ./Core/Src/syscalls.o
                0x08101f40                _close
 .text._fstat   0x08101f58       0x20 ./Core/Src/syscalls.o
                0x08101f58                _fstat
 .text._isatty  0x08101f78       0x16 ./Core/Src/syscalls.o
                0x08101f78                _isatty
 .text._lseek   0x08101f8e       0x1a ./Core/Src/syscalls.o
                0x08101f8e                _lseek
 .text._sbrk    0x08101fa8       0x6c ./Core/Src/sysmem.o
                0x08101fa8                _sbrk
 .text.uUbxProtocolDecode
                0x08102014      0x1ec ./Core/Src/u_ubx_protocol.o
                0x08102014                uUbxProtocolDecode
 .text.MX_UART4_Init
                0x08102200       0x98 ./Core/Src/usart.o
                0x08102200                MX_UART4_Init
 .text.HAL_UART_MspInit
                0x08102298      0x144 ./Core/Src/usart.o
                0x08102298                HAL_UART_MspInit
 .text.HAL_UART_MspDeInit
                0x081023dc       0x50 ./Core/Src/usart.o
                0x081023dc                HAL_UART_MspDeInit
 .text.uart4_init
                0x0810242c       0x9c ./Core/Src/usart.o
                0x0810242c                uart4_init
 .text.Reset_Handler
                0x081024c8       0x50 ./Core/Startup/startup_stm32h755zitx.o
                0x081024c8                Reset_Handler
 .text.Default_Handler
                0x08102518        0x2 ./Core/Startup/startup_stm32h755zitx.o
                0x08102518                DMA1_Stream3_IRQHandler
                0x08102518                HASH_RNG_IRQHandler
                0x08102518                EXTI2_IRQHandler
                0x08102518                TIM8_CC_IRQHandler
                0x08102518                HRTIM1_Master_IRQHandler
                0x08102518                UART8_IRQHandler
                0x08102518                SPI4_IRQHandler
                0x08102518                TIM1_CC_IRQHandler
                0x08102518                BDMA_Channel6_IRQHandler
                0x08102518                DMA2_Stream5_IRQHandler
                0x08102518                HRTIM1_FLT_IRQHandler
                0x08102518                JPEG_IRQHandler
                0x08102518                DMA1_Stream5_IRQHandler
                0x08102518                BDMA_Channel1_IRQHandler
                0x08102518                HRTIM1_TIMD_IRQHandler
                0x08102518                TAMP_STAMP_IRQHandler
                0x08102518                EXTI3_IRQHandler
                0x08102518                LPTIM4_IRQHandler
                0x08102518                TIM8_TRG_COM_TIM14_IRQHandler
                0x08102518                LPTIM2_IRQHandler
                0x08102518                DFSDM1_FLT1_IRQHandler
                0x08102518                DMAMUX2_OVR_IRQHandler
                0x08102518                TIM8_UP_TIM13_IRQHandler
                0x08102518                I2C3_ER_IRQHandler
                0x08102518                DFSDM1_FLT2_IRQHandler
                0x08102518                MDMA_IRQHandler
                0x08102518                LPTIM3_IRQHandler
                0x08102518                HSEM1_IRQHandler
                0x08102518                EXTI0_IRQHandler
                0x08102518                I2C2_EV_IRQHandler
                0x08102518                DMA1_Stream2_IRQHandler
                0x08102518                FPU_IRQHandler
                0x08102518                OTG_HS_WKUP_IRQHandler
                0x08102518                FDCAN1_IT1_IRQHandler
                0x08102518                LTDC_ER_IRQHandler
                0x08102518                DMA2_Stream2_IRQHandler
                0x08102518                HRTIM1_TIME_IRQHandler
                0x08102518                SPI1_IRQHandler
                0x08102518                TIM6_DAC_IRQHandler
                0x08102518                DCMI_IRQHandler
                0x08102518                HRTIM1_TIMC_IRQHandler
                0x08102518                DMA2_Stream3_IRQHandler
                0x08102518                SAI2_IRQHandler
                0x08102518                DFSDM1_FLT3_IRQHandler
                0x08102518                USART6_IRQHandler
                0x08102518                TIM17_IRQHandler
                0x08102518                USART3_IRQHandler
                0x08102518                BDMA_Channel7_IRQHandler
                0x08102518                CRYP_IRQHandler
                0x08102518                LPTIM5_IRQHandler
                0x08102518                UART5_IRQHandler
                0x08102518                ADC3_IRQHandler
                0x08102518                DMA2_Stream0_IRQHandler
                0x08102518                TIM4_IRQHandler
                0x08102518                BDMA_Channel2_IRQHandler
                0x08102518                QUADSPI_IRQHandler
                0x08102518                I2C1_EV_IRQHandler
                0x08102518                DMA1_Stream6_IRQHandler
                0x08102518                DMAMUX1_OVR_IRQHandler
                0x08102518                DMA1_Stream1_IRQHandler
                0x08102518                TIM16_IRQHandler
                0x08102518                BDMA_Channel5_IRQHandler
                0x08102518                TIM3_IRQHandler
                0x08102518                RCC_IRQHandler
                0x08102518                TIM8_BRK_TIM12_IRQHandler
                0x08102518                TIM1_TRG_COM_IRQHandler
                0x08102518                Default_Handler
                0x08102518                ECC_IRQHandler
                0x08102518                CEC_IRQHandler
                0x08102518                BDMA_Channel0_IRQHandler
                0x08102518                ADC_IRQHandler
                0x08102518                DMA1_Stream7_IRQHandler
                0x08102518                HRTIM1_TIMA_IRQHandler
                0x08102518                SPI5_IRQHandler
                0x08102518                TIM7_IRQHandler
                0x08102518                SDMMC1_IRQHandler
                0x08102518                TIM5_IRQHandler
                0x08102518                DMA2_Stream7_IRQHandler
                0x08102518                TIM15_IRQHandler
                0x08102518                PVD_AVD_IRQHandler
                0x08102518                I2C3_EV_IRQHandler
                0x08102518                EXTI9_5_IRQHandler
                0x08102518                RTC_WKUP_IRQHandler
                0x08102518                LTDC_IRQHandler
                0x08102518                SAI3_IRQHandler
                0x08102518                ETH_WKUP_IRQHandler
                0x08102518                SPDIF_RX_IRQHandler
                0x08102518                SPI2_IRQHandler
                0x08102518                OTG_HS_EP1_IN_IRQHandler
                0x08102518                CRS_IRQHandler
                0x08102518                CM7_SEV_IRQHandler
                0x08102518                EXTI4_IRQHandler
                0x08102518                CM4_SEV_IRQHandler
                0x08102518                HRTIM1_TIMB_IRQHandler
                0x08102518                FDCAN2_IT1_IRQHandler
                0x08102518                ETH_IRQHandler
                0x08102518                TIM1_UP_IRQHandler
                0x08102518                WWDG_RST_IRQHandler
                0x08102518                BDMA_Channel4_IRQHandler
                0x08102518                OTG_HS_EP1_OUT_IRQHandler
                0x08102518                WWDG_IRQHandler
                0x08102518                SPI6_IRQHandler
                0x08102518                MDIOS_IRQHandler
                0x08102518                I2C4_EV_IRQHandler
                0x08102518                FDCAN2_IT0_IRQHandler
                0x08102518                LPUART1_IRQHandler
                0x08102518                FDCAN1_IT0_IRQHandler
                0x08102518                TIM2_IRQHandler
                0x08102518                OTG_FS_WKUP_IRQHandler
                0x08102518                OTG_HS_IRQHandler
                0x08102518                DMA2D_IRQHandler
                0x08102518                TIM1_BRK_IRQHandler
                0x08102518                EXTI1_IRQHandler
                0x08102518                OTG_FS_EP1_OUT_IRQHandler
                0x08102518                BDMA_Channel3_IRQHandler
                0x08102518                HOLD_CORE_IRQHandler
                0x08102518                UART7_IRQHandler
                0x08102518                MDIOS_WKUP_IRQHandler
                0x08102518                USART2_IRQHandler
                0x08102518                DFSDM1_FLT0_IRQHandler
                0x08102518                SAI4_IRQHandler
                0x08102518                I2C2_ER_IRQHandler
                0x08102518                DMA2_Stream1_IRQHandler
                0x08102518                FLASH_IRQHandler
                0x08102518                DMA2_Stream4_IRQHandler
                0x08102518                USART1_IRQHandler
                0x08102518                OTG_FS_IRQHandler
                0x08102518                SPI3_IRQHandler
                0x08102518                WAKEUP_PIN_IRQHandler
                0x08102518                DMA1_Stream4_IRQHandler
                0x08102518                OTG_FS_EP1_IN_IRQHandler
                0x08102518                I2C1_ER_IRQHandler
                0x08102518                FMC_IRQHandler
                0x08102518                FDCAN_CAL_IRQHandler
                0x08102518                SWPMI1_IRQHandler
                0x08102518                COMP1_IRQHandler
                0x08102518                LPTIM1_IRQHandler
                0x08102518                I2C4_ER_IRQHandler
                0x08102518                DMA2_Stream6_IRQHandler
                0x08102518                SAI1_IRQHandler
                0x08102518                RTC_Alarm_IRQHandler
 *fill*         0x0810251a        0x2 
 .text.HAL_Init
                0x0810251c       0xbc ./Drivers/STM32H7xx_HAL_Driver/stm32h7xx_hal.o
                0x0810251c                HAL_Init
 .text.HAL_InitTick
                0x081025d8       0x6c ./Drivers/STM32H7xx_HAL_Driver/stm32h7xx_hal.o
                0x081025d8                HAL_InitTick
 .text.HAL_IncTick
                0x08102644       0x28 ./Drivers/STM32H7xx_HAL_Driver/stm32h7xx_hal.o
                0x08102644                HAL_IncTick
 .text.HAL_GetTick
                0x0810266c       0x18 ./Drivers/STM32H7xx_HAL_Driver/stm32h7xx_hal.o
                0x0810266c                HAL_GetTick
 .text.HAL_Delay
                0x08102684       0x48 ./Drivers/STM32H7xx_HAL_Driver/stm32h7xx_hal.o
                0x08102684                HAL_Delay
 .text.__NVIC_SetPriorityGrouping
                0x081026cc       0x48 ./Drivers/STM32H7xx_HAL_Driver/stm32h7xx_hal_cortex.o
 .text.__NVIC_GetPriorityGrouping
                0x08102714       0x1c ./Drivers/STM32H7xx_HAL_Driver/stm32h7xx_hal_cortex.o
 .text.__NVIC_EnableIRQ
                0x08102730       0x3c ./Drivers/STM32H7xx_HAL_Driver/stm32h7xx_hal_cortex.o
 .text.__NVIC_DisableIRQ
                0x0810276c       0x48 ./Drivers/STM32H7xx_HAL_Driver/stm32h7xx_hal_cortex.o
 .text.__NVIC_SetPriority
                0x081027b4       0x54 ./Drivers/STM32H7xx_HAL_Driver/stm32h7xx_hal_cortex.o
 .text.NVIC_EncodePriority
                0x08102808       0x66 ./Drivers/STM32H7xx_HAL_Driver/stm32h7xx_hal_cortex.o
 *fill*         0x0810286e        0x2 
 .text.SysTick_Config
                0x08102870       0x44 ./Drivers/STM32H7xx_HAL_Driver/stm32h7xx_hal_cortex.o
 .text.HAL_NVIC_SetPriorityGrouping
                0x081028b4       0x40 ./Drivers/STM32H7xx_HAL_Driver/stm32h7xx_hal_cortex.o
                0x081028b4                HAL_NVIC_SetPriorityGrouping
 .text.HAL_NVIC_SetPriority
                0x081028f4       0x54 ./Drivers/STM32H7xx_HAL_Driver/stm32h7xx_hal_cortex.o
                0x081028f4                HAL_NVIC_SetPriority
 .text.HAL_NVIC_EnableIRQ
                0x08102948       0x30 ./Drivers/STM32H7xx_HAL_Driver/stm32h7xx_hal_cortex.o
                0x08102948                HAL_NVIC_EnableIRQ
 .text.HAL_NVIC_DisableIRQ
                0x08102978       0x30 ./Drivers/STM32H7xx_HAL_Driver/stm32h7xx_hal_cortex.o
                0x08102978                HAL_NVIC_DisableIRQ
 .text.HAL_SYSTICK_Config
                0x081029a8       0x18 ./Drivers/STM32H7xx_HAL_Driver/stm32h7xx_hal_cortex.o
                0x081029a8                HAL_SYSTICK_Config
 .text.HAL_GetCurrentCPUID
                0x081029c0       0x24 ./Drivers/STM32H7xx_HAL_Driver/stm32h7xx_hal_cortex.o
                0x081029c0                HAL_GetCurrentCPUID
 .text.HAL_DMA_Init
                0x081029e4      0x9ec ./Drivers/STM32H7xx_HAL_Driver/stm32h7xx_hal_dma.o
                0x081029e4                HAL_DMA_Init
 .text.HAL_DMA_DeInit
                0x081033d0      0x36c ./Drivers/STM32H7xx_HAL_Driver/stm32h7xx_hal_dma.o
                0x081033d0                HAL_DMA_DeInit
 .text.HAL_DMA_Start_IT
                0x0810373c      0x4f0 ./Drivers/STM32H7xx_HAL_Driver/stm32h7xx_hal_dma.o
                0x0810373c                HAL_DMA_Start_IT
 .text.HAL_DMA_Abort
                0x08103c2c      0x63c ./Drivers/STM32H7xx_HAL_Driver/stm32h7xx_hal_dma.o
                0x08103c2c                HAL_DMA_Abort
 .text.HAL_DMA_Abort_IT
                0x08104268      0x48c ./Drivers/STM32H7xx_HAL_Driver/stm32h7xx_hal_dma.o
                0x08104268                HAL_DMA_Abort_IT
 .text.HAL_DMA_IRQHandler
                0x081046f4      0xe54 ./Drivers/STM32H7xx_HAL_Driver/stm32h7xx_hal_dma.o
                0x081046f4                HAL_DMA_IRQHandler
 .text.HAL_DMA_GetError
                0x08105548       0x18 ./Drivers/STM32H7xx_HAL_Driver/stm32h7xx_hal_dma.o
                0x08105548                HAL_DMA_GetError
 .text.DMA_SetConfig
                0x08105560      0x358 ./Drivers/STM32H7xx_HAL_Driver/stm32h7xx_hal_dma.o
 .text.DMA_CalcBaseAndBitshift
                0x081058b8      0x164 ./Drivers/STM32H7xx_HAL_Driver/stm32h7xx_hal_dma.o
 .text.DMA_CheckFifoParam
                0x08105a1c       0xf8 ./Drivers/STM32H7xx_HAL_Driver/stm32h7xx_hal_dma.o
 .text.DMA_CalcDMAMUXChannelBaseAndMask
                0x08105b14      0x134 ./Drivers/STM32H7xx_HAL_Driver/stm32h7xx_hal_dma.o
 .text.DMA_CalcDMAMUXRequestGenBaseAndMask
                0x08105c48       0xe8 ./Drivers/STM32H7xx_HAL_Driver/stm32h7xx_hal_dma.o
 .text.HAL_GPIO_Init
                0x08105d30      0x554 ./Drivers/STM32H7xx_HAL_Driver/stm32h7xx_hal_gpio.o
                0x08105d30                HAL_GPIO_Init
 .text.HAL_GPIO_DeInit
                0x08106284      0x298 ./Drivers/STM32H7xx_HAL_Driver/stm32h7xx_hal_gpio.o
                0x08106284                HAL_GPIO_DeInit
 .text.HAL_GPIO_ReadPin
                0x0810651c       0x40 ./Drivers/STM32H7xx_HAL_Driver/stm32h7xx_hal_gpio.o
                0x0810651c                HAL_GPIO_ReadPin
 .text.HAL_GPIO_WritePin
                0x0810655c       0x58 ./Drivers/STM32H7xx_HAL_Driver/stm32h7xx_hal_gpio.o
                0x0810655c                HAL_GPIO_WritePin
 .text.HAL_GPIO_EXTI_IRQHandler
                0x081065b4       0x34 ./Drivers/STM32H7xx_HAL_Driver/stm32h7xx_hal_gpio.o
                0x081065b4                HAL_GPIO_EXTI_IRQHandler
 .text.HAL_HSEM_FastTake
                0x081065e8       0x40 ./Drivers/STM32H7xx_HAL_Driver/stm32h7xx_hal_hsem.o
                0x081065e8                HAL_HSEM_FastTake
 .text.HAL_HSEM_IsSemTaken
                0x08106628       0x2c ./Drivers/STM32H7xx_HAL_Driver/stm32h7xx_hal_hsem.o
                0x08106628                HAL_HSEM_IsSemTaken
 .text.HAL_HSEM_Release
                0x08106654       0x44 ./Drivers/STM32H7xx_HAL_Driver/stm32h7xx_hal_hsem.o
                0x08106654                HAL_HSEM_Release
 .text.HAL_HSEM_ActivateNotification
                0x08106698       0x24 ./Drivers/STM32H7xx_HAL_Driver/stm32h7xx_hal_hsem.o
                0x08106698                HAL_HSEM_ActivateNotification
 .text.HAL_HSEM_IRQHandler
                0x081066bc       0x34 ./Drivers/STM32H7xx_HAL_Driver/stm32h7xx_hal_hsem.o
                0x081066bc                HAL_HSEM_IRQHandler
 .text.HAL_PWREx_EnterSTOPMode
                0x081066f0      0x140 ./Drivers/STM32H7xx_HAL_Driver/stm32h7xx_hal_pwr_ex.o
                0x081066f0                HAL_PWREx_EnterSTOPMode
 .text.HAL_PWREx_ClearPendingEvent
                0x08106830       0x1a ./Drivers/STM32H7xx_HAL_Driver/stm32h7xx_hal_pwr_ex.o
                0x08106830                HAL_PWREx_ClearPendingEvent
 *fill*         0x0810684a        0x2 
 .text.HAL_RCC_GetSysClockFreq
                0x0810684c      0x2f4 ./Drivers/STM32H7xx_HAL_Driver/stm32h7xx_hal_rcc.o
                0x0810684c                HAL_RCC_GetSysClockFreq
 .text.HAL_RCC_GetHCLKFreq
                0x08106b40       0x64 ./Drivers/STM32H7xx_HAL_Driver/stm32h7xx_hal_rcc.o
                0x08106b40                HAL_RCC_GetHCLKFreq
 .text.HAL_RCC_GetPCLK1Freq
                0x08106ba4       0x2c ./Drivers/STM32H7xx_HAL_Driver/stm32h7xx_hal_rcc.o
                0x08106ba4                HAL_RCC_GetPCLK1Freq
 .text.HAL_RCC_GetPCLK2Freq
                0x08106bd0       0x2c ./Drivers/STM32H7xx_HAL_Driver/stm32h7xx_hal_rcc.o
                0x08106bd0                HAL_RCC_GetPCLK2Freq
 .text.HAL_RCCEx_PeriphCLKConfig
                0x08106bfc     0x1a60 ./Drivers/STM32H7xx_HAL_Driver/stm32h7xx_hal_rcc_ex.o
                0x08106bfc                HAL_RCCEx_PeriphCLKConfig
 .text.HAL_RCCEx_GetPeriphCLKFreq
                0x0810865c      0xb00 ./Drivers/STM32H7xx_HAL_Driver/stm32h7xx_hal_rcc_ex.o
                0x0810865c                HAL_RCCEx_GetPeriphCLKFreq
 .text.HAL_RCCEx_GetD3PCLK1Freq
                0x0810915c       0x2c ./Drivers/STM32H7xx_HAL_Driver/stm32h7xx_hal_rcc_ex.o
                0x0810915c                HAL_RCCEx_GetD3PCLK1Freq
 .text.HAL_RCCEx_GetPLL2ClockFreq
                0x08109188      0x2a8 ./Drivers/STM32H7xx_HAL_Driver/stm32h7xx_hal_rcc_ex.o
                0x08109188                HAL_RCCEx_GetPLL2ClockFreq
 .text.HAL_RCCEx_GetPLL3ClockFreq
                0x08109430      0x2a8 ./Drivers/STM32H7xx_HAL_Driver/stm32h7xx_hal_rcc_ex.o
                0x08109430                HAL_RCCEx_GetPLL3ClockFreq
 .text.HAL_RCCEx_GetPLL1ClockFreq
                0x081096d8      0x2a4 ./Drivers/STM32H7xx_HAL_Driver/stm32h7xx_hal_rcc_ex.o
                0x081096d8                HAL_RCCEx_GetPLL1ClockFreq
 .text.RCCEx_PLL2_Config
                0x0810997c      0x244 ./Drivers/STM32H7xx_HAL_Driver/stm32h7xx_hal_rcc_ex.o
 .text.RCCEx_PLL3_Config
                0x08109bc0      0x24c ./Drivers/STM32H7xx_HAL_Driver/stm32h7xx_hal_rcc_ex.o
 .text.HAL_SD_Init
                0x08109e0c      0x1c0 ./Drivers/STM32H7xx_HAL_Driver/stm32h7xx_hal_sd.o
                0x08109e0c                HAL_SD_Init
 .text.HAL_SD_InitCard
                0x08109fcc      0x138 ./Drivers/STM32H7xx_HAL_Driver/stm32h7xx_hal_sd.o
                0x08109fcc                HAL_SD_InitCard
 .text.HAL_SD_DeInit
                0x0810a104       0x68 ./Drivers/STM32H7xx_HAL_Driver/stm32h7xx_hal_sd.o
                0x0810a104                HAL_SD_DeInit
 .text.HAL_SD_ReadBlocks_DMA
                0x0810a16c      0x150 ./Drivers/STM32H7xx_HAL_Driver/stm32h7xx_hal_sd.o
                0x0810a16c                HAL_SD_ReadBlocks_DMA
 .text.HAL_SD_WriteBlocks_DMA
                0x0810a2bc      0x150 ./Drivers/STM32H7xx_HAL_Driver/stm32h7xx_hal_sd.o
                0x0810a2bc                HAL_SD_WriteBlocks_DMA
 .text.HAL_SD_IRQHandler
                0x0810a40c      0x36c ./Drivers/STM32H7xx_HAL_Driver/stm32h7xx_hal_sd.o
                0x0810a40c                HAL_SD_IRQHandler
 .text.HAL_SD_ErrorCallback
                0x0810a778       0x14 ./Drivers/STM32H7xx_HAL_Driver/stm32h7xx_hal_sd.o
                0x0810a778                HAL_SD_ErrorCallback
 .text.HAL_SD_GetCardCSD
                0x0810a78c      0x348 ./Drivers/STM32H7xx_HAL_Driver/stm32h7xx_hal_sd.o
                0x0810a78c                HAL_SD_GetCardCSD
 .text.HAL_SD_GetCardStatus
                0x0810aad4      0x17c ./Drivers/STM32H7xx_HAL_Driver/stm32h7xx_hal_sd.o
                0x0810aad4                HAL_SD_GetCardStatus
 .text.HAL_SD_GetCardInfo
                0x0810ac50       0x58 ./Drivers/STM32H7xx_HAL_Driver/stm32h7xx_hal_sd.o
                0x0810ac50                HAL_SD_GetCardInfo
 .text.HAL_SD_ConfigWideBusOperation
                0x0810aca8      0x248 ./Drivers/STM32H7xx_HAL_Driver/stm32h7xx_hal_sd.o
                0x0810aca8                HAL_SD_ConfigWideBusOperation
 .text.HAL_SD_GetCardState
                0x0810aef0       0x40 ./Drivers/STM32H7xx_HAL_Driver/stm32h7xx_hal_sd.o
                0x0810aef0                HAL_SD_GetCardState
 .text.SD_InitCard
                0x0810af30      0x19c ./Drivers/STM32H7xx_HAL_Driver/stm32h7xx_hal_sd.o
 .text.SD_PowerON
                0x0810b0cc      0x11c ./Drivers/STM32H7xx_HAL_Driver/stm32h7xx_hal_sd.o
 .text.SD_PowerOFF
                0x0810b1e8       0x1a ./Drivers/STM32H7xx_HAL_Driver/stm32h7xx_hal_sd.o
 *fill*         0x0810b202        0x2 
 .text.SD_SendSDStatus
                0x0810b204      0x1a0 ./Drivers/STM32H7xx_HAL_Driver/stm32h7xx_hal_sd.o
 .text.SD_SendStatus
                0x0810b3a4       0x50 ./Drivers/STM32H7xx_HAL_Driver/stm32h7xx_hal_sd.o
 .text.SD_WideBus_Enable
                0x0810b3f4       0x96 ./Drivers/STM32H7xx_HAL_Driver/stm32h7xx_hal_sd.o
 .text.SD_WideBus_Disable
                0x0810b48a       0x96 ./Drivers/STM32H7xx_HAL_Driver/stm32h7xx_hal_sd.o
 .text.SD_FindSCR
                0x0810b520      0x1a0 ./Drivers/STM32H7xx_HAL_Driver/stm32h7xx_hal_sd.o
 .text.SD_Read_IT
                0x0810b6c0       0x8c ./Drivers/STM32H7xx_HAL_Driver/stm32h7xx_hal_sd.o
 .text.SD_Write_IT
                0x0810b74c       0x94 ./Drivers/STM32H7xx_HAL_Driver/stm32h7xx_hal_sd.o
 .text.HAL_SDEx_Read_DMADoubleBuf0CpltCallback
                0x0810b7e0       0x14 ./Drivers/STM32H7xx_HAL_Driver/stm32h7xx_hal_sd.o
                0x0810b7e0                HAL_SDEx_Read_DMADoubleBuf0CpltCallback
 .text.HAL_SDEx_Read_DMADoubleBuf1CpltCallback
                0x0810b7f4       0x14 ./Drivers/STM32H7xx_HAL_Driver/stm32h7xx_hal_sd.o
                0x0810b7f4                HAL_SDEx_Read_DMADoubleBuf1CpltCallback
 .text.HAL_SDEx_Write_DMADoubleBuf0CpltCallback
                0x0810b808       0x14 ./Drivers/STM32H7xx_HAL_Driver/stm32h7xx_hal_sd.o
                0x0810b808                HAL_SDEx_Write_DMADoubleBuf0CpltCallback
 .text.HAL_SDEx_Write_DMADoubleBuf1CpltCallback
                0x0810b81c       0x14 ./Drivers/STM32H7xx_HAL_Driver/stm32h7xx_hal_sd.o
                0x0810b81c                HAL_SDEx_Write_DMADoubleBuf1CpltCallback
 .text.HAL_UART_Init
                0x0810b830      0x19c ./Drivers/STM32H7xx_HAL_Driver/stm32h7xx_hal_uart.o
                0x0810b830                HAL_UART_Init
 .text.HAL_UART_DeInit
                0x0810b9cc      0x10c ./Drivers/STM32H7xx_HAL_Driver/stm32h7xx_hal_uart.o
                0x0810b9cc                HAL_UART_DeInit
 .text.HAL_UART_Transmit
                0x0810bad8      0x11c ./Drivers/STM32H7xx_HAL_Driver/stm32h7xx_hal_uart.o
                0x0810bad8                HAL_UART_Transmit
 .text.HAL_UART_Receive_DMA
                0x0810bbf4       0x98 ./Drivers/STM32H7xx_HAL_Driver/stm32h7xx_hal_uart.o
                0x0810bbf4                HAL_UART_Receive_DMA
 .text.HAL_UART_DMAStop
                0x0810bc8c      0x12c ./Drivers/STM32H7xx_HAL_Driver/stm32h7xx_hal_uart.o
                0x0810bc8c                HAL_UART_DMAStop
 .text.HAL_UART_IRQHandler
                0x0810bdb8      0x774 ./Drivers/STM32H7xx_HAL_Driver/stm32h7xx_hal_uart.o
                0x0810bdb8                HAL_UART_IRQHandler
 .text.HAL_UART_TxCpltCallback
                0x0810c52c       0x14 ./Drivers/STM32H7xx_HAL_Driver/stm32h7xx_hal_uart.o
                0x0810c52c                HAL_UART_TxCpltCallback
 .text.HAL_UART_RxHalfCpltCallback
                0x0810c540       0x14 ./Drivers/STM32H7xx_HAL_Driver/stm32h7xx_hal_uart.o
                0x0810c540                HAL_UART_RxHalfCpltCallback
 .text.HAL_UART_ErrorCallback
                0x0810c554       0x14 ./Drivers/STM32H7xx_HAL_Driver/stm32h7xx_hal_uart.o
                0x0810c554                HAL_UART_ErrorCallback
 .text.UART_SetConfig
                0x0810c568      0xc88 ./Drivers/STM32H7xx_HAL_Driver/stm32h7xx_hal_uart.o
                0x0810c568                UART_SetConfig
 .text.UART_AdvFeatureConfig
                0x0810d1f0      0x2e8 ./Drivers/STM32H7xx_HAL_Driver/stm32h7xx_hal_uart.o
                0x0810d1f0                UART_AdvFeatureConfig
 .text.UART_CheckIdleState
                0x0810d4d8      0x154 ./Drivers/STM32H7xx_HAL_Driver/stm32h7xx_hal_uart.o
                0x0810d4d8                UART_CheckIdleState
 .text.UART_WaitOnFlagUntilTimeout
                0x0810d62c       0xda ./Drivers/STM32H7xx_HAL_Driver/stm32h7xx_hal_uart.o
                0x0810d62c                UART_WaitOnFlagUntilTimeout
 *fill*         0x0810d706        0x2 
 .text.UART_Start_Receive_DMA
                0x0810d708      0x14c ./Drivers/STM32H7xx_HAL_Driver/stm32h7xx_hal_uart.o
                0x0810d708                UART_Start_Receive_DMA
 .text.UART_EndTxTransfer
                0x0810d854       0x82 ./Drivers/STM32H7xx_HAL_Driver/stm32h7xx_hal_uart.o
 .text.UART_EndRxTransfer
                0x0810d8d6       0xcc ./Drivers/STM32H7xx_HAL_Driver/stm32h7xx_hal_uart.o
 .text.UART_DMAReceiveCplt
                0x0810d9a2      0x128 ./Drivers/STM32H7xx_HAL_Driver/stm32h7xx_hal_uart.o
 .text.UART_DMARxHalfCplt
                0x0810daca       0x3e ./Drivers/STM32H7xx_HAL_Driver/stm32h7xx_hal_uart.o
 .text.UART_DMAError
                0x0810db08       0x80 ./Drivers/STM32H7xx_HAL_Driver/stm32h7xx_hal_uart.o
 .text.UART_DMAAbortOnError
                0x0810db88       0x2c ./Drivers/STM32H7xx_HAL_Driver/stm32h7xx_hal_uart.o
 .text.UART_EndTransmit_IT
                0x0810dbb4       0x56 ./Drivers/STM32H7xx_HAL_Driver/stm32h7xx_hal_uart.o
 .text.HAL_UARTEx_WakeupCallback
                0x0810dc0a       0x14 ./Drivers/STM32H7xx_HAL_Driver/stm32h7xx_hal_uart_ex.o
                0x0810dc0a                HAL_UARTEx_WakeupCallback
 .text.HAL_UARTEx_RxFifoFullCallback
                0x0810dc1e       0x14 ./Drivers/STM32H7xx_HAL_Driver/stm32h7xx_hal_uart_ex.o
                0x0810dc1e                HAL_UARTEx_RxFifoFullCallback
 .text.HAL_UARTEx_TxFifoEmptyCallback
                0x0810dc32       0x14 ./Drivers/STM32H7xx_HAL_Driver/stm32h7xx_hal_uart_ex.o
                0x0810dc32                HAL_UARTEx_TxFifoEmptyCallback
 *fill*         0x0810dc46        0x2 
 .text.HAL_UARTEx_DisableFifoMode
                0x0810dc48       0xec ./Drivers/STM32H7xx_HAL_Driver/stm32h7xx_hal_uart_ex.o
                0x0810dc48                HAL_UARTEx_DisableFifoMode
 .text.HAL_UARTEx_SetTxFifoThreshold
                0x0810dd34      0x134 ./Drivers/STM32H7xx_HAL_Driver/stm32h7xx_hal_uart_ex.o
                0x0810dd34                HAL_UARTEx_SetTxFifoThreshold
 .text.HAL_UARTEx_SetRxFifoThreshold
                0x0810de68      0x134 ./Drivers/STM32H7xx_HAL_Driver/stm32h7xx_hal_uart_ex.o
                0x0810de68                HAL_UARTEx_SetRxFifoThreshold
 .text.HAL_UARTEx_ReceiveToIdle_DMA
                0x0810df9c       0xa8 ./Drivers/STM32H7xx_HAL_Driver/stm32h7xx_hal_uart_ex.o
                0x0810df9c                HAL_UARTEx_ReceiveToIdle_DMA
 .text.UARTEx_SetNbDataToProcess
                0x0810e044       0x9c ./Drivers/STM32H7xx_HAL_Driver/stm32h7xx_hal_uart_ex.o
 .text.SDMMC_Init
                0x0810e0e0       0xe8 ./Drivers/STM32H7xx_HAL_Driver/stm32h7xx_ll_sdmmc.o
                0x0810e0e0                SDMMC_Init
 .text.SDMMC_ReadFIFO
                0x0810e1c8       0x1a ./Drivers/STM32H7xx_HAL_Driver/stm32h7xx_ll_sdmmc.o
                0x0810e1c8                SDMMC_ReadFIFO
 .text.SDMMC_WriteFIFO
                0x0810e1e2       0x22 ./Drivers/STM32H7xx_HAL_Driver/stm32h7xx_ll_sdmmc.o
                0x0810e1e2                SDMMC_WriteFIFO
 .text.SDMMC_PowerState_ON
                0x0810e204       0x22 ./Drivers/STM32H7xx_HAL_Driver/stm32h7xx_ll_sdmmc.o
                0x0810e204                SDMMC_PowerState_ON
 .text.SDMMC_PowerState_OFF
                0x0810e226       0x22 ./Drivers/STM32H7xx_HAL_Driver/stm32h7xx_ll_sdmmc.o
                0x0810e226                SDMMC_PowerState_OFF
 .text.SDMMC_GetPowerState
                0x0810e248       0x1c ./Drivers/STM32H7xx_HAL_Driver/stm32h7xx_ll_sdmmc.o
                0x0810e248                SDMMC_GetPowerState
 .text.SDMMC_SendCommand
                0x0810e264       0xd0 ./Drivers/STM32H7xx_HAL_Driver/stm32h7xx_ll_sdmmc.o
                0x0810e264                SDMMC_SendCommand
 .text.SDMMC_GetCommandResponse
                0x0810e334       0x1a ./Drivers/STM32H7xx_HAL_Driver/stm32h7xx_ll_sdmmc.o
                0x0810e334                SDMMC_GetCommandResponse
 *fill*         0x0810e34e        0x2 
 .text.SDMMC_GetResponse
                0x0810e350       0x48 ./Drivers/STM32H7xx_HAL_Driver/stm32h7xx_ll_sdmmc.o
                0x0810e350                SDMMC_GetResponse
 .text.SDMMC_ConfigData
                0x0810e398      0x13c ./Drivers/STM32H7xx_HAL_Driver/stm32h7xx_ll_sdmmc.o
                0x0810e398                SDMMC_ConfigData
 .text.SDMMC_CmdBlockLength
                0x0810e4d4       0x46 ./Drivers/STM32H7xx_HAL_Driver/stm32h7xx_ll_sdmmc.o
                0x0810e4d4                SDMMC_CmdBlockLength
 .text.SDMMC_CmdReadSingleBlock
                0x0810e51a       0x46 ./Drivers/STM32H7xx_HAL_Driver/stm32h7xx_ll_sdmmc.o
                0x0810e51a                SDMMC_CmdReadSingleBlock
 .text.SDMMC_CmdReadMultiBlock
                0x0810e560       0x46 ./Drivers/STM32H7xx_HAL_Driver/stm32h7xx_ll_sdmmc.o
                0x0810e560                SDMMC_CmdReadMultiBlock
 .text.SDMMC_CmdWriteSingleBlock
                0x0810e5a6       0x46 ./Drivers/STM32H7xx_HAL_Driver/stm32h7xx_ll_sdmmc.o
                0x0810e5a6                SDMMC_CmdWriteSingleBlock
 .text.SDMMC_CmdWriteMultiBlock
                0x0810e5ec       0x46 ./Drivers/STM32H7xx_HAL_Driver/stm32h7xx_ll_sdmmc.o
                0x0810e5ec                SDMMC_CmdWriteMultiBlock
 *fill*         0x0810e632        0x2 
 .text.SDMMC_CmdStopTransfer
                0x0810e634       0x78 ./Drivers/STM32H7xx_HAL_Driver/stm32h7xx_ll_sdmmc.o
                0x0810e634                SDMMC_CmdStopTransfer
 .text.SDMMC_CmdSelDesel
                0x0810e6ac       0x46 ./Drivers/STM32H7xx_HAL_Driver/stm32h7xx_ll_sdmmc.o
                0x0810e6ac                SDMMC_CmdSelDesel
 .text.SDMMC_CmdGoIdleState
                0x0810e6f2       0x3c ./Drivers/STM32H7xx_HAL_Driver/stm32h7xx_ll_sdmmc.o
                0x0810e6f2                SDMMC_CmdGoIdleState
 .text.SDMMC_CmdOperCond
                0x0810e72e       0x40 ./Drivers/STM32H7xx_HAL_Driver/stm32h7xx_ll_sdmmc.o
                0x0810e72e                SDMMC_CmdOperCond
 .text.SDMMC_CmdAppCommand
                0x0810e76e       0x46 ./Drivers/STM32H7xx_HAL_Driver/stm32h7xx_ll_sdmmc.o
                0x0810e76e                SDMMC_CmdAppCommand
 .text.SDMMC_CmdAppOperCommand
                0x0810e7b4       0x40 ./Drivers/STM32H7xx_HAL_Driver/stm32h7xx_ll_sdmmc.o
                0x0810e7b4                SDMMC_CmdAppOperCommand
 .text.SDMMC_CmdBusWidth
                0x0810e7f4       0x46 ./Drivers/STM32H7xx_HAL_Driver/stm32h7xx_ll_sdmmc.o
                0x0810e7f4                SDMMC_CmdBusWidth
 .text.SDMMC_CmdSendSCR
                0x0810e83a       0x44 ./Drivers/STM32H7xx_HAL_Driver/stm32h7xx_ll_sdmmc.o
                0x0810e83a                SDMMC_CmdSendSCR
 .text.SDMMC_CmdSendCID
                0x0810e87e       0x3e ./Drivers/STM32H7xx_HAL_Driver/stm32h7xx_ll_sdmmc.o
                0x0810e87e                SDMMC_CmdSendCID
 .text.SDMMC_CmdSendCSD
                0x0810e8bc       0x40 ./Drivers/STM32H7xx_HAL_Driver/stm32h7xx_ll_sdmmc.o
                0x0810e8bc                SDMMC_CmdSendCSD
 .text.SDMMC_CmdSetRelAdd
                0x0810e8fc       0x44 ./Drivers/STM32H7xx_HAL_Driver/stm32h7xx_ll_sdmmc.o
                0x0810e8fc                SDMMC_CmdSetRelAdd
 .text.SDMMC_CmdSendStatus
                0x0810e940       0x46 ./Drivers/STM32H7xx_HAL_Driver/stm32h7xx_ll_sdmmc.o
                0x0810e940                SDMMC_CmdSendStatus
 .text.SDMMC_CmdStatusRegister
                0x0810e986       0x44 ./Drivers/STM32H7xx_HAL_Driver/stm32h7xx_ll_sdmmc.o
                0x0810e986                SDMMC_CmdStatusRegister
 *fill*         0x0810e9ca        0x2 
 .text.SDMMC_GetCmdResp1
                0x0810e9cc      0x1e4 ./Drivers/STM32H7xx_HAL_Driver/stm32h7xx_ll_sdmmc.o
                0x0810e9cc                SDMMC_GetCmdResp1
 .text.SDMMC_GetCmdResp2
                0x0810ebb0       0x94 ./Drivers/STM32H7xx_HAL_Driver/stm32h7xx_ll_sdmmc.o
                0x0810ebb0                SDMMC_GetCmdResp2
 .text.SDMMC_GetCmdResp3
                0x0810ec44       0x80 ./Drivers/STM32H7xx_HAL_Driver/stm32h7xx_ll_sdmmc.o
                0x0810ec44                SDMMC_GetCmdResp3
 .text.SDMMC_GetCmdResp6
                0x0810ecc4       0xf0 ./Drivers/STM32H7xx_HAL_Driver/stm32h7xx_ll_sdmmc.o
                0x0810ecc4                SDMMC_GetCmdResp6
 .text.SDMMC_GetCmdResp7
                0x0810edb4       0x9c ./Drivers/STM32H7xx_HAL_Driver/stm32h7xx_ll_sdmmc.o
                0x0810edb4                SDMMC_GetCmdResp7
 .text.SDMMC_GetCmdError
                0x0810ee50       0x5c ./Drivers/STM32H7xx_HAL_Driver/stm32h7xx_ll_sdmmc.o
 .text.MX_FATFS_Init
                0x0810eeac       0x24 ./FATFS/App/fatfs.o
                0x0810eeac                MX_FATFS_Init
 .text.get_fattime
                0x0810eed0       0x10 ./FATFS/App/fatfs.o
                0x0810eed0                get_fattime
 .text.BSP_SD_Init
                0x0810eee0       0x4c ./FATFS/Target/bsp_driver_sd.o
                0x0810eee0                BSP_SD_Init
 .text.BSP_SD_ReadBlocks_DMA
                0x0810ef2c       0x34 ./FATFS/Target/bsp_driver_sd.o
                0x0810ef2c                BSP_SD_ReadBlocks_DMA
 .text.BSP_SD_WriteBlocks_DMA
                0x0810ef60       0x34 ./FATFS/Target/bsp_driver_sd.o
                0x0810ef60                BSP_SD_WriteBlocks_DMA
 .text.BSP_SD_GetCardState
                0x0810ef94       0x20 ./FATFS/Target/bsp_driver_sd.o
                0x0810ef94                BSP_SD_GetCardState
 .text.BSP_SD_GetCardInfo
                0x0810efb4       0x1c ./FATFS/Target/bsp_driver_sd.o
                0x0810efb4                BSP_SD_GetCardInfo
 .text.HAL_SD_TxCpltCallback
                0x0810efd0       0x14 ./FATFS/Target/bsp_driver_sd.o
                0x0810efd0                HAL_SD_TxCpltCallback
 .text.HAL_SD_RxCpltCallback
                0x0810efe4       0x14 ./FATFS/Target/bsp_driver_sd.o
                0x0810efe4                HAL_SD_RxCpltCallback
 .text.BSP_SD_IsDetected
                0x0810eff8       0x24 ./FATFS/Target/bsp_driver_sd.o
                0x0810eff8                BSP_SD_IsDetected
 .text.BSP_PlatformIsDetected
                0x0810f01c       0x2c ./FATFS/Target/fatfs_platform.o
                0x0810f01c                BSP_PlatformIsDetected
 .text.SD_CheckStatusWithTimeout
                0x0810f048       0x3a ./FATFS/Target/sd_diskio.o
 *fill*         0x0810f082        0x2 
 .text.SD_CheckStatus
                0x0810f084       0x3c ./FATFS/Target/sd_diskio.o
 .text.SD_initialize
                0x0810f0c0       0x38 ./FATFS/Target/sd_diskio.o
                0x0810f0c0                SD_initialize
 .text.SD_status
                0x0810f0f8       0x1c ./FATFS/Target/sd_diskio.o
                0x0810f0f8                SD_status
 .text.SD_read  0x0810f114       0xac ./FATFS/Target/sd_diskio.o
                0x0810f114                SD_read
 .text.SD_write
                0x0810f1c0       0xac ./FATFS/Target/sd_diskio.o
                0x0810f1c0                SD_write
 .text.SD_ioctl
                0x0810f26c       0xb0 ./FATFS/Target/sd_diskio.o
                0x0810f26c                SD_ioctl
 .text.BSP_SD_WriteCpltCallback
                0x0810f31c       0x18 ./FATFS/Target/sd_diskio.o
                0x0810f31c                BSP_SD_WriteCpltCallback
 .text.BSP_SD_ReadCpltCallback
                0x0810f334       0x18 ./FATFS/Target/sd_diskio.o
                0x0810f334                BSP_SD_ReadCpltCallback
 .text.ff_convert
                0x0810f34c       0x78 ./Middlewares/Third_Party/FatFs/ccsbcs.o
                0x0810f34c                ff_convert
 .text.ff_wtoupper
                0x0810f3c4      0x114 ./Middlewares/Third_Party/FatFs/ccsbcs.o
                0x0810f3c4                ff_wtoupper
 .text.disk_status
                0x0810f4d8       0x34 ./Middlewares/Third_Party/FatFs/diskio.o
                0x0810f4d8                disk_status
 .text.disk_initialize
                0x0810f50c       0x50 ./Middlewares/Third_Party/FatFs/diskio.o
                0x0810f50c                disk_initialize
 .text.disk_read
                0x0810f55c       0x40 ./Middlewares/Third_Party/FatFs/diskio.o
                0x0810f55c                disk_read
 .text.disk_write
                0x0810f59c       0x40 ./Middlewares/Third_Party/FatFs/diskio.o
                0x0810f59c                disk_write
 .text.disk_ioctl
                0x0810f5dc       0x3c ./Middlewares/Third_Party/FatFs/diskio.o
                0x0810f5dc                disk_ioctl
 .text.ld_word  0x0810f618       0x32 ./Middlewares/Third_Party/FatFs/ff.o
 .text.ld_dword
                0x0810f64a       0x46 ./Middlewares/Third_Party/FatFs/ff.o
 .text.ld_qword
                0x0810f690      0x1b6 ./Middlewares/Third_Party/FatFs/ff.o
 .text.st_word  0x0810f846       0x36 ./Middlewares/Third_Party/FatFs/ff.o
 .text.st_dword
                0x0810f87c       0x58 ./Middlewares/Third_Party/FatFs/ff.o
 .text.st_qword
                0x0810f8d4      0x110 ./Middlewares/Third_Party/FatFs/ff.o
 .text.mem_cpy  0x0810f9e4       0x42 ./Middlewares/Third_Party/FatFs/ff.o
 .text.mem_set  0x0810fa26       0x36 ./Middlewares/Third_Party/FatFs/ff.o
 .text.mem_cmp  0x0810fa5c       0x4e ./Middlewares/Third_Party/FatFs/ff.o
 .text.chk_chr  0x0810faaa       0x36 ./Middlewares/Third_Party/FatFs/ff.o
 .text.chk_lock
                0x0810fae0       0xb8 ./Middlewares/Third_Party/FatFs/ff.o
 .text.enq_lock
                0x0810fb98       0x44 ./Middlewares/Third_Party/FatFs/ff.o
 .text.inc_lock
                0x0810fbdc      0x11c ./Middlewares/Third_Party/FatFs/ff.o
 .text.dec_lock
                0x0810fcf8       0x78 ./Middlewares/Third_Party/FatFs/ff.o
 .text.clear_lock
                0x0810fd70       0x48 ./Middlewares/Third_Party/FatFs/ff.o
 .text.sync_window
                0x0810fdb8       0x88 ./Middlewares/Third_Party/FatFs/ff.o
 .text.move_window
                0x0810fe40       0x5a ./Middlewares/Third_Party/FatFs/ff.o
 *fill*         0x0810fe9a        0x2 
 .text.sync_fs  0x0810fe9c       0xdc ./Middlewares/Third_Party/FatFs/ff.o
 .text.clust2sect
                0x0810ff78       0x3e ./Middlewares/Third_Party/FatFs/ff.o
 *fill*         0x0810ffb6        0x2 
 .text.get_fat  0x0810ffb8      0x234 ./Middlewares/Third_Party/FatFs/ff.o
 .text.put_fat  0x081101ec      0x1dc ./Middlewares/Third_Party/FatFs/ff.o
 .text.find_bitmap
                0x081103c8       0xf8 ./Middlewares/Third_Party/FatFs/ff.o
 .text.change_bitmap
                0x081104c0       0xd4 ./Middlewares/Third_Party/FatFs/ff.o
 .text.fill_first_frag
                0x08110594       0x5e ./Middlewares/Third_Party/FatFs/ff.o
 .text.fill_last_frag
                0x081105f2       0x62 ./Middlewares/Third_Party/FatFs/ff.o
 .text.remove_chain
                0x08110654      0x168 ./Middlewares/Third_Party/FatFs/ff.o
 .text.create_chain
                0x081107bc      0x202 ./Middlewares/Third_Party/FatFs/ff.o
 .text.clmt_clust
                0x081109be       0x88 ./Middlewares/Third_Party/FatFs/ff.o
 .text.dir_sdi  0x08110a46      0x10c ./Middlewares/Third_Party/FatFs/ff.o
 .text.dir_next
                0x08110b52      0x1aa ./Middlewares/Third_Party/FatFs/ff.o
 .text.dir_alloc
                0x08110cfc       0xb8 ./Middlewares/Third_Party/FatFs/ff.o
 .text.ld_clust
                0x08110db4       0x3e ./Middlewares/Third_Party/FatFs/ff.o
 .text.st_clust
                0x08110df2       0x40 ./Middlewares/Third_Party/FatFs/ff.o
 *fill*         0x08110e32        0x2 
 .text.cmp_lfn  0x08110e34       0xe0 ./Middlewares/Third_Party/FatFs/ff.o
 .text.pick_lfn
                0x08110f14       0xc8 ./Middlewares/Third_Party/FatFs/ff.o
 .text.put_lfn  0x08110fdc       0xd0 ./Middlewares/Third_Party/FatFs/ff.o
 .text.gen_numname
                0x081110ac      0x11c ./Middlewares/Third_Party/FatFs/ff.o
 .text.sum_sfn  0x081111c8       0x42 ./Middlewares/Third_Party/FatFs/ff.o
 .text.xdir_sum
                0x0811120a       0x60 ./Middlewares/Third_Party/FatFs/ff.o
 .text.xname_sum
                0x0811126a       0x60 ./Middlewares/Third_Party/FatFs/ff.o
 .text.xsum32   0x081112ca       0x26 ./Middlewares/Third_Party/FatFs/ff.o
 .text.load_xdir
                0x081112f0      0x17c ./Middlewares/Third_Party/FatFs/ff.o
 .text.load_obj_dir
                0x0811146c       0x6c ./Middlewares/Third_Party/FatFs/ff.o
 .text.store_xdir
                0x081114d8       0xb6 ./Middlewares/Third_Party/FatFs/ff.o
 .text.create_xdir
                0x0811158e       0xce ./Middlewares/Third_Party/FatFs/ff.o
 .text.dir_read
                0x0811165c      0x18e ./Middlewares/Third_Party/FatFs/ff.o
 .text.dir_find
                0x081117ea      0x254 ./Middlewares/Third_Party/FatFs/ff.o
 *fill*         0x08111a3e        0x2 
 .text.dir_register
                0x08111a40      0x34c ./Middlewares/Third_Party/FatFs/ff.o
 .text.dir_remove
                0x08111d8c       0xb0 ./Middlewares/Third_Party/FatFs/ff.o
 .text.create_name
                0x08111e3c      0x370 ./Middlewares/Third_Party/FatFs/ff.o
 .text.follow_path
                0x081121ac      0x152 ./Middlewares/Third_Party/FatFs/ff.o
 .text.get_ldnumber
                0x081122fe       0x88 ./Middlewares/Third_Party/FatFs/ff.o
 *fill*         0x08112386        0x2 
 .text.check_fs
                0x08112388       0xc8 ./Middlewares/Third_Party/FatFs/ff.o
 .text.find_volume
                0x08112450      0x6b8 ./Middlewares/Third_Party/FatFs/ff.o
 .text.validate
                0x08112b08       0x6a ./Middlewares/Third_Party/FatFs/ff.o
 *fill*         0x08112b72        0x2 
 .text.f_mount  0x08112b74       0x8c ./Middlewares/Third_Party/FatFs/ff.o
                0x08112b74                f_mount
 .text.f_open   0x08112c00      0x57a ./Middlewares/Third_Party/FatFs/ff.o
                0x08112c00                f_open
 .text.f_write  0x0811317a      0x368 ./Middlewares/Third_Party/FatFs/ff.o
                0x0811317a                f_write
 .text.f_sync   0x081134e2      0x23c ./Middlewares/Third_Party/FatFs/ff.o
                0x081134e2                f_sync
 .text.f_close  0x0811371e       0x54 ./Middlewares/Third_Party/FatFs/ff.o
                0x0811371e                f_close
 .text.f_lseek  0x08113772      0x798 ./Middlewares/Third_Party/FatFs/ff.o
                0x08113772                f_lseek
 .text.f_truncate
                0x08113f0a      0x146 ./Middlewares/Third_Party/FatFs/ff.o
                0x08113f0a                f_truncate
 .text.f_unlink
                0x08114050      0x1c4 ./Middlewares/Third_Party/FatFs/ff.o
                0x08114050                f_unlink
 .text.f_expand
                0x08114214      0x296 ./Middlewares/Third_Party/FatFs/ff.o
                0x08114214                f_expand
 *fill*         0x081144aa        0x2 
 .text.f_mkfs   0x081144ac     0x11c4 ./Middlewares/Third_Party/FatFs/ff.o
                0x081144ac                f_mkfs
 .text.FATFS_LinkDriverEx
                0x08115670       0x98 ./Middlewares/Third_Party/FatFs/ff_gen_drv.o
                0x08115670                FATFS_LinkDriverEx
 .text.FATFS_LinkDriver
                0x08115708       0x1e ./Middlewares/Third_Party/FatFs/ff_gen_drv.o
                0x08115708                FATFS_LinkDriver
 *fill*         0x08115726        0x2 
 .text.snprintf
                0x08115728       0x6c /Applications/STM32CubeIDE.app/Contents/Eclipse/plugins/com.st.stm32cube.ide.mcu.externaltools.gnu-tools-for-stm32.13.3.rel1.macos64_1.0.0.202411102158/tools/bin/../lib/gcc/arm-none-eabi/13.3.1/../../../../arm-none-eabi/lib/thumb/v7e-m+fp/hard/libc_nano.a(libc_a-snprintf.o)
                0x08115728                snprintf
                0x08115728                sniprintf
 .text.rand     0x08115794       0x7c /Applications/STM32CubeIDE.app/Contents/Eclipse/plugins/com.st.stm32cube.ide.mcu.externaltools.gnu-tools-for-stm32.13.3.rel1.macos64_1.0.0.202411102158/tools/bin/../lib/gcc/arm-none-eabi/13.3.1/../../../../arm-none-eabi/lib/thumb/v7e-m+fp/hard/libc_nano.a(libc_a-rand.o)
                0x08115794                rand
 .text.std      0x08115810       0x6c /Applications/STM32CubeIDE.app/Contents/Eclipse/plugins/com.st.stm32cube.ide.mcu.externaltools.gnu-tools-for-stm32.13.3.rel1.macos64_1.0.0.202411102158/tools/bin/../lib/gcc/arm-none-eabi/13.3.1/../../../../arm-none-eabi/lib/thumb/v7e-m+fp/hard/libc_nano.a(libc_a-findfp.o)
 .text.stdio_exit_handler
                0x0811587c       0x18 /Applications/STM32CubeIDE.app/Contents/Eclipse/plugins/com.st.stm32cube.ide.mcu.externaltools.gnu-tools-for-stm32.13.3.rel1.macos64_1.0.0.202411102158/tools/bin/../lib/gcc/arm-none-eabi/13.3.1/../../../../arm-none-eabi/lib/thumb/v7e-m+fp/hard/libc_nano.a(libc_a-findfp.o)
 .text.cleanup_stdio
                0x08115894       0x40 /Applications/STM32CubeIDE.app/Contents/Eclipse/plugins/com.st.stm32cube.ide.mcu.externaltools.gnu-tools-for-stm32.13.3.rel1.macos64_1.0.0.202411102158/tools/bin/../lib/gcc/arm-none-eabi/13.3.1/../../../../arm-none-eabi/lib/thumb/v7e-m+fp/hard/libc_nano.a(libc_a-findfp.o)
 .text.global_stdio_init.part.0
                0x081158d4       0x3c /Applications/STM32CubeIDE.app/Contents/Eclipse/plugins/com.st.stm32cube.ide.mcu.externaltools.gnu-tools-for-stm32.13.3.rel1.macos64_1.0.0.202411102158/tools/bin/../lib/gcc/arm-none-eabi/13.3.1/../../../../arm-none-eabi/lib/thumb/v7e-m+fp/hard/libc_nano.a(libc_a-findfp.o)
 .text.__sfp_lock_acquire
                0x08115910        0xc /Applications/STM32CubeIDE.app/Contents/Eclipse/plugins/com.st.stm32cube.ide.mcu.externaltools.gnu-tools-for-stm32.13.3.rel1.macos64_1.0.0.202411102158/tools/bin/../lib/gcc/arm-none-eabi/13.3.1/../../../../arm-none-eabi/lib/thumb/v7e-m+fp/hard/libc_nano.a(libc_a-findfp.o)
                0x08115910                __sfp_lock_acquire
 .text.__sfp_lock_release
                0x0811591c        0xc /Applications/STM32CubeIDE.app/Contents/Eclipse/plugins/com.st.stm32cube.ide.mcu.externaltools.gnu-tools-for-stm32.13.3.rel1.macos64_1.0.0.202411102158/tools/bin/../lib/gcc/arm-none-eabi/13.3.1/../../../../arm-none-eabi/lib/thumb/v7e-m+fp/hard/libc_nano.a(libc_a-findfp.o)
                0x0811591c                __sfp_lock_release
 .text.__sinit  0x08115928       0x30 /Applications/STM32CubeIDE.app/Contents/Eclipse/plugins/com.st.stm32cube.ide.mcu.externaltools.gnu-tools-for-stm32.13.3.rel1.macos64_1.0.0.202411102158/tools/bin/../lib/gcc/arm-none-eabi/13.3.1/../../../../arm-none-eabi/lib/thumb/v7e-m+fp/hard/libc_nano.a(libc_a-findfp.o)
                0x08115928                __sinit
 .text._fwalk_sglue
                0x08115958       0x3c /Applications/STM32CubeIDE.app/Contents/Eclipse/plugins/com.st.stm32cube.ide.mcu.externaltools.gnu-tools-for-stm32.13.3.rel1.macos64_1.0.0.202411102158/tools/bin/../lib/gcc/arm-none-eabi/13.3.1/../../../../arm-none-eabi/lib/thumb/v7e-m+fp/hard/libc_nano.a(libc_a-fwalk.o)
                0x08115958                _fwalk_sglue
 .text.memset   0x08115994       0x10 /Applications/STM32CubeIDE.app/Contents/Eclipse/plugins/com.st.stm32cube.ide.mcu.externaltools.gnu-tools-for-stm32.13.3.rel1.macos64_1.0.0.202411102158/tools/bin/../lib/gcc/arm-none-eabi/13.3.1/../../../../arm-none-eabi/lib/thumb/v7e-m+fp/hard/libc_nano.a(libc_a-memset.o)
                0x08115994                memset
 .text.__errno  0x081159a4        0xc /Applications/STM32CubeIDE.app/Contents/Eclipse/plugins/com.st.stm32cube.ide.mcu.externaltools.gnu-tools-for-stm32.13.3.rel1.macos64_1.0.0.202411102158/tools/bin/../lib/gcc/arm-none-eabi/13.3.1/../../../../arm-none-eabi/lib/thumb/v7e-m+fp/hard/libc_nano.a(libc_a-errno.o)
                0x081159a4                __errno
 .text.__libc_init_array
                0x081159b0       0x48 /Applications/STM32CubeIDE.app/Contents/Eclipse/plugins/com.st.stm32cube.ide.mcu.externaltools.gnu-tools-for-stm32.13.3.rel1.macos64_1.0.0.202411102158/tools/bin/../lib/gcc/arm-none-eabi/13.3.1/../../../../arm-none-eabi/lib/thumb/v7e-m+fp/hard/libc_nano.a(libc_a-init.o)
                0x081159b0                __libc_init_array
 .text.iso_year_adjust
                0x081159f8       0xa4 /Applications/STM32CubeIDE.app/Contents/Eclipse/plugins/com.st.stm32cube.ide.mcu.externaltools.gnu-tools-for-stm32.13.3.rel1.macos64_1.0.0.202411102158/tools/bin/../lib/gcc/arm-none-eabi/13.3.1/../../../../arm-none-eabi/lib/thumb/v7e-m+fp/hard/libc_nano.a(libc_a-strftime.o)
 .text.__strftime.isra.0
                0x08115a9c      0x9a4 /Applications/STM32CubeIDE.app/Contents/Eclipse/plugins/com.st.stm32cube.ide.mcu.externaltools.gnu-tools-for-stm32.13.3.rel1.macos64_1.0.0.202411102158/tools/bin/../lib/gcc/arm-none-eabi/13.3.1/../../../../arm-none-eabi/lib/thumb/v7e-m+fp/hard/libc_nano.a(libc_a-strftime.o)
 .text.strftime
                0x08116440        0x4 /Applications/STM32CubeIDE.app/Contents/Eclipse/plugins/com.st.stm32cube.ide.mcu.externaltools.gnu-tools-for-stm32.13.3.rel1.macos64_1.0.0.202411102158/tools/bin/../lib/gcc/arm-none-eabi/13.3.1/../../../../arm-none-eabi/lib/thumb/v7e-m+fp/hard/libc_nano.a(libc_a-strftime.o)
                0x08116440                strftime
 .text.__tz_lock
                0x08116444        0xc /Applications/STM32CubeIDE.app/Contents/Eclipse/plugins/com.st.stm32cube.ide.mcu.externaltools.gnu-tools-for-stm32.13.3.rel1.macos64_1.0.0.202411102158/tools/bin/../lib/gcc/arm-none-eabi/13.3.1/../../../../arm-none-eabi/lib/thumb/v7e-m+fp/hard/libc_nano.a(libc_a-tzlock.o)
                0x08116444                __tz_lock
 .text.__tz_unlock
                0x08116450        0xc /Applications/STM32CubeIDE.app/Contents/Eclipse/plugins/com.st.stm32cube.ide.mcu.externaltools.gnu-tools-for-stm32.13.3.rel1.macos64_1.0.0.202411102158/tools/bin/../lib/gcc/arm-none-eabi/13.3.1/../../../../arm-none-eabi/lib/thumb/v7e-m+fp/hard/libc_nano.a(libc_a-tzlock.o)
                0x08116450                __tz_unlock
 .text._tzset_unlocked
                0x0811645c        0xc /Applications/STM32CubeIDE.app/Contents/Eclipse/plugins/com.st.stm32cube.ide.mcu.externaltools.gnu-tools-for-stm32.13.3.rel1.macos64_1.0.0.202411102158/tools/bin/../lib/gcc/arm-none-eabi/13.3.1/../../../../arm-none-eabi/lib/thumb/v7e-m+fp/hard/libc_nano.a(libc_a-tzset.o)
                0x0811645c                _tzset_unlocked
 .text.__retarget_lock_init_recursive
                0x08116468        0x2 /Applications/STM32CubeIDE.app/Contents/Eclipse/plugins/com.st.stm32cube.ide.mcu.externaltools.gnu-tools-for-stm32.13.3.rel1.macos64_1.0.0.202411102158/tools/bin/../lib/gcc/arm-none-eabi/13.3.1/../../../../arm-none-eabi/lib/thumb/v7e-m+fp/hard/libc_nano.a(libc_a-lock.o)
                0x08116468                __retarget_lock_init_recursive
 .text.__retarget_lock_acquire
                0x0811646a        0x2 /Applications/STM32CubeIDE.app/Contents/Eclipse/plugins/com.st.stm32cube.ide.mcu.externaltools.gnu-tools-for-stm32.13.3.rel1.macos64_1.0.0.202411102158/tools/bin/../lib/gcc/arm-none-eabi/13.3.1/../../../../arm-none-eabi/lib/thumb/v7e-m+fp/hard/libc_nano.a(libc_a-lock.o)
                0x0811646a                __retarget_lock_acquire
 .text.__retarget_lock_acquire_recursive
                0x0811646c        0x2 /Applications/STM32CubeIDE.app/Contents/Eclipse/plugins/com.st.stm32cube.ide.mcu.externaltools.gnu-tools-for-stm32.13.3.rel1.macos64_1.0.0.202411102158/tools/bin/../lib/gcc/arm-none-eabi/13.3.1/../../../../arm-none-eabi/lib/thumb/v7e-m+fp/hard/libc_nano.a(libc_a-lock.o)
                0x0811646c                __retarget_lock_acquire_recursive
 .text.__retarget_lock_release
                0x0811646e        0x2 /Applications/STM32CubeIDE.app/Contents/Eclipse/plugins/com.st.stm32cube.ide.mcu.externaltools.gnu-tools-for-stm32.13.3.rel1.macos64_1.0.0.202411102158/tools/bin/../lib/gcc/arm-none-eabi/13.3.1/../../../../arm-none-eabi/lib/thumb/v7e-m+fp/hard/libc_nano.a(libc_a-lock.o)
                0x0811646e                __retarget_lock_release
 .text.__retarget_lock_release_recursive
                0x08116470        0x2 /Applications/STM32CubeIDE.app/Contents/Eclipse/plugins/com.st.stm32cube.ide.mcu.externaltools.gnu-tools-for-stm32.13.3.rel1.macos64_1.0.0.202411102158/tools/bin/../lib/gcc/arm-none-eabi/13.3.1/../../../../arm-none-eabi/lib/thumb/v7e-m+fp/hard/libc_nano.a(libc_a-lock.o)
                0x08116470                __retarget_lock_release_recursive
 *fill*         0x08116472        0x2 
 .text._tzset_unlocked_r
                0x08116474      0x444 /Applications/STM32CubeIDE.app/Contents/Eclipse/plugins/com.st.stm32cube.ide.mcu.externaltools.gnu-tools-for-stm32.13.3.rel1.macos64_1.0.0.202411102158/tools/bin/../lib/gcc/arm-none-eabi/13.3.1/../../../../arm-none-eabi/lib/thumb/v7e-m+fp/hard/libc_nano.a(libc_a-tzset_r.o)
                0x08116474                _tzset_unlocked_r
 .text.strcpy   0x081168b8       0x10 /Applications/STM32CubeIDE.app/Contents/Eclipse/plugins/com.st.stm32cube.ide.mcu.externaltools.gnu-tools-for-stm32.13.3.rel1.macos64_1.0.0.202411102158/tools/bin/../lib/gcc/arm-none-eabi/13.3.1/../../../../arm-none-eabi/lib/thumb/v7e-m+fp/hard/libc_nano.a(libc_a-strcpy.o)
                0x081168b8                strcpy
 .text.memcpy   0x081168c8       0x1c /Applications/STM32CubeIDE.app/Contents/Eclipse/plugins/com.st.stm32cube.ide.mcu.externaltools.gnu-tools-for-stm32.13.3.rel1.macos64_1.0.0.202411102158/tools/bin/../lib/gcc/arm-none-eabi/13.3.1/../../../../arm-none-eabi/lib/thumb/v7e-m+fp/hard/libc_nano.a(libc_a-memcpy-stub.o)
                0x081168c8                memcpy
 .text.abs      0x081168e4        0x8 /Applications/STM32CubeIDE.app/Contents/Eclipse/plugins/com.st.stm32cube.ide.mcu.externaltools.gnu-tools-for-stm32.13.3.rel1.macos64_1.0.0.202411102158/tools/bin/../lib/gcc/arm-none-eabi/13.3.1/../../../../arm-none-eabi/lib/thumb/v7e-m+fp/hard/libc_nano.a(libc_a-abs.o)
                0x081168e4                abs
 .text.__assert_func
                0x081168ec       0x3c /Applications/STM32CubeIDE.app/Contents/Eclipse/plugins/com.st.stm32cube.ide.mcu.externaltools.gnu-tools-for-stm32.13.3.rel1.macos64_1.0.0.202411102158/tools/bin/../lib/gcc/arm-none-eabi/13.3.1/../../../../arm-none-eabi/lib/thumb/v7e-m+fp/hard/libc_nano.a(libc_a-assert.o)
                0x081168ec                __assert_func
 .text._findenv_r
                0x08116928       0x78 /Applications/STM32CubeIDE.app/Contents/Eclipse/plugins/com.st.stm32cube.ide.mcu.externaltools.gnu-tools-for-stm32.13.3.rel1.macos64_1.0.0.202411102158/tools/bin/../lib/gcc/arm-none-eabi/13.3.1/../../../../arm-none-eabi/lib/thumb/v7e-m+fp/hard/libc_nano.a(libc_a-getenv_r.o)
                0x08116928                _findenv_r
 .text._getenv_r
                0x081169a0        0xe /Applications/STM32CubeIDE.app/Contents/Eclipse/plugins/com.st.stm32cube.ide.mcu.externaltools.gnu-tools-for-stm32.13.3.rel1.macos64_1.0.0.202411102158/tools/bin/../lib/gcc/arm-none-eabi/13.3.1/../../../../arm-none-eabi/lib/thumb/v7e-m+fp/hard/libc_nano.a(libc_a-getenv_r.o)
                0x081169a0                _getenv_r
 .text.labs     0x081169ae        0x8 /Applications/STM32CubeIDE.app/Contents/Eclipse/plugins/com.st.stm32cube.ide.mcu.externaltools.gnu-tools-for-stm32.13.3.rel1.macos64_1.0.0.202411102158/tools/bin/../lib/gcc/arm-none-eabi/13.3.1/../../../../arm-none-eabi/lib/thumb/v7e-m+fp/hard/libc_nano.a(libc_a-labs.o)
                0x081169ae                labs
 .text.__ssputs_r
                0x081169b6       0xb6 /Applications/STM32CubeIDE.app/Contents/Eclipse/plugins/com.st.stm32cube.ide.mcu.externaltools.gnu-tools-for-stm32.13.3.rel1.macos64_1.0.0.202411102158/tools/bin/../lib/gcc/arm-none-eabi/13.3.1/../../../../arm-none-eabi/lib/thumb/v7e-m+fp/hard/libc_nano.a(libc_a-nano-svfprintf.o)
                0x081169b6                __ssputs_r
 .text._svfprintf_r
                0x08116a6c      0x1f8 /Applications/STM32CubeIDE.app/Contents/Eclipse/plugins/com.st.stm32cube.ide.mcu.externaltools.gnu-tools-for-stm32.13.3.rel1.macos64_1.0.0.202411102158/tools/bin/../lib/gcc/arm-none-eabi/13.3.1/../../../../arm-none-eabi/lib/thumb/v7e-m+fp/hard/libc_nano.a(libc_a-nano-svfprintf.o)
                0x08116a6c                _svfprintf_r
                0x08116a6c                _svfiprintf_r
 .text.malloc   0x08116c64       0x10 /Applications/STM32CubeIDE.app/Contents/Eclipse/plugins/com.st.stm32cube.ide.mcu.externaltools.gnu-tools-for-stm32.13.3.rel1.macos64_1.0.0.202411102158/tools/bin/../lib/gcc/arm-none-eabi/13.3.1/../../../../arm-none-eabi/lib/thumb/v7e-m+fp/hard/libc_nano.a(libc_a-malloc.o)
                0x08116c64                malloc
 .text.free     0x08116c74       0x10 /Applications/STM32CubeIDE.app/Contents/Eclipse/plugins/com.st.stm32cube.ide.mcu.externaltools.gnu-tools-for-stm32.13.3.rel1.macos64_1.0.0.202411102158/tools/bin/../lib/gcc/arm-none-eabi/13.3.1/../../../../arm-none-eabi/lib/thumb/v7e-m+fp/hard/libc_nano.a(libc_a-malloc.o)
                0x08116c74                free
 .text.sbrk_aligned
                0x08116c84       0x44 /Applications/STM32CubeIDE.app/Contents/Eclipse/plugins/com.st.stm32cube.ide.mcu.externaltools.gnu-tools-for-stm32.13.3.rel1.macos64_1.0.0.202411102158/tools/bin/../lib/gcc/arm-none-eabi/13.3.1/../../../../arm-none-eabi/lib/thumb/v7e-m+fp/hard/libc_nano.a(libc_a-mallocr.o)
 .text._malloc_r
                0x08116cc8      0x100 /Applications/STM32CubeIDE.app/Contents/Eclipse/plugins/com.st.stm32cube.ide.mcu.externaltools.gnu-tools-for-stm32.13.3.rel1.macos64_1.0.0.202411102158/tools/bin/../lib/gcc/arm-none-eabi/13.3.1/../../../../arm-none-eabi/lib/thumb/v7e-m+fp/hard/libc_nano.a(libc_a-mallocr.o)
                0x08116cc8                _malloc_r
 .text._printf_common
                0x08116dc8       0xda /Applications/STM32CubeIDE.app/Contents/Eclipse/plugins/com.st.stm32cube.ide.mcu.externaltools.gnu-tools-for-stm32.13.3.rel1.macos64_1.0.0.202411102158/tools/bin/../lib/gcc/arm-none-eabi/13.3.1/../../../../arm-none-eabi/lib/thumb/v7e-m+fp/hard/libc_nano.a(libc_a-nano-vfprintf_i.o)
                0x08116dc8                _printf_common
 *fill*         0x08116ea2        0x2 
 .text._printf_i
                0x08116ea4      0x23c /Applications/STM32CubeIDE.app/Contents/Eclipse/plugins/com.st.stm32cube.ide.mcu.externaltools.gnu-tools-for-stm32.13.3.rel1.macos64_1.0.0.202411102158/tools/bin/../lib/gcc/arm-none-eabi/13.3.1/../../../../arm-none-eabi/lib/thumb/v7e-m+fp/hard/libc_nano.a(libc_a-nano-vfprintf_i.o)
                0x08116ea4                _printf_i
 .text.__sflush_r
                0x081170e0      0x108 /Applications/STM32CubeIDE.app/Contents/Eclipse/plugins/com.st.stm32cube.ide.mcu.externaltools.gnu-tools-for-stm32.13.3.rel1.macos64_1.0.0.202411102158/tools/bin/../lib/gcc/arm-none-eabi/13.3.1/../../../../arm-none-eabi/lib/thumb/v7e-m+fp/hard/libc_nano.a(libc_a-fflush.o)
                0x081170e0                __sflush_r
 .text._fflush_r
                0x081171e8       0x50 /Applications/STM32CubeIDE.app/Contents/Eclipse/plugins/com.st.stm32cube.ide.mcu.externaltools.gnu-tools-for-stm32.13.3.rel1.macos64_1.0.0.202411102158/tools/bin/../lib/gcc/arm-none-eabi/13.3.1/../../../../arm-none-eabi/lib/thumb/v7e-m+fp/hard/libc_nano.a(libc_a-fflush.o)
                0x081171e8                _fflush_r
 .text.__malloc_lock
                0x08117238        0xc /Applications/STM32CubeIDE.app/Contents/Eclipse/plugins/com.st.stm32cube.ide.mcu.externaltools.gnu-tools-for-stm32.13.3.rel1.macos64_1.0.0.202411102158/tools/bin/../lib/gcc/arm-none-eabi/13.3.1/../../../../arm-none-eabi/lib/thumb/v7e-m+fp/hard/libc_nano.a(libc_a-mlock.o)
                0x08117238                __malloc_lock
 .text.__malloc_unlock
                0x08117244        0xc /Applications/STM32CubeIDE.app/Contents/Eclipse/plugins/com.st.stm32cube.ide.mcu.externaltools.gnu-tools-for-stm32.13.3.rel1.macos64_1.0.0.202411102158/tools/bin/../lib/gcc/arm-none-eabi/13.3.1/../../../../arm-none-eabi/lib/thumb/v7e-m+fp/hard/libc_nano.a(libc_a-mlock.o)
                0x08117244                __malloc_unlock
 .text.sscanf   0x08117250       0x58 /Applications/STM32CubeIDE.app/Contents/Eclipse/plugins/com.st.stm32cube.ide.mcu.externaltools.gnu-tools-for-stm32.13.3.rel1.macos64_1.0.0.202411102158/tools/bin/../lib/gcc/arm-none-eabi/13.3.1/../../../../arm-none-eabi/lib/thumb/v7e-m+fp/hard/libc_nano.a(libc_a-sscanf.o)
                0x08117250                sscanf
                0x08117250                siscanf
 .text.__sread  0x081172a8       0x22 /Applications/STM32CubeIDE.app/Contents/Eclipse/plugins/com.st.stm32cube.ide.mcu.externaltools.gnu-tools-for-stm32.13.3.rel1.macos64_1.0.0.202411102158/tools/bin/../lib/gcc/arm-none-eabi/13.3.1/../../../../arm-none-eabi/lib/thumb/v7e-m+fp/hard/libc_nano.a(libc_a-stdio.o)
                0x081172a8                __sread
 .text.__seofread
                0x081172ca        0x4 /Applications/STM32CubeIDE.app/Contents/Eclipse/plugins/com.st.stm32cube.ide.mcu.externaltools.gnu-tools-for-stm32.13.3.rel1.macos64_1.0.0.202411102158/tools/bin/../lib/gcc/arm-none-eabi/13.3.1/../../../../arm-none-eabi/lib/thumb/v7e-m+fp/hard/libc_nano.a(libc_a-stdio.o)
                0x081172ca                __seofread
 .text.__swrite
                0x081172ce       0x38 /Applications/STM32CubeIDE.app/Contents/Eclipse/plugins/com.st.stm32cube.ide.mcu.externaltools.gnu-tools-for-stm32.13.3.rel1.macos64_1.0.0.202411102158/tools/bin/../lib/gcc/arm-none-eabi/13.3.1/../../../../arm-none-eabi/lib/thumb/v7e-m+fp/hard/libc_nano.a(libc_a-stdio.o)
                0x081172ce                __swrite
 .text.__sseek  0x08117306       0x24 /Applications/STM32CubeIDE.app/Contents/Eclipse/plugins/com.st.stm32cube.ide.mcu.externaltools.gnu-tools-for-stm32.13.3.rel1.macos64_1.0.0.202411102158/tools/bin/../lib/gcc/arm-none-eabi/13.3.1/../../../../arm-none-eabi/lib/thumb/v7e-m+fp/hard/libc_nano.a(libc_a-stdio.o)
                0x08117306                __sseek
 .text.__sclose
                0x0811732a        0x8 /Applications/STM32CubeIDE.app/Contents/Eclipse/plugins/com.st.stm32cube.ide.mcu.externaltools.gnu-tools-for-stm32.13.3.rel1.macos64_1.0.0.202411102158/tools/bin/../lib/gcc/arm-none-eabi/13.3.1/../../../../arm-none-eabi/lib/thumb/v7e-m+fp/hard/libc_nano.a(libc_a-stdio.o)
                0x0811732a                __sclose
 *fill*         0x08117332        0x2 
 .text.fprintf  0x08117334       0x24 /Applications/STM32CubeIDE.app/Contents/Eclipse/plugins/com.st.stm32cube.ide.mcu.externaltools.gnu-tools-for-stm32.13.3.rel1.macos64_1.0.0.202411102158/tools/bin/../lib/gcc/arm-none-eabi/13.3.1/../../../../arm-none-eabi/lib/thumb/v7e-m+fp/hard/libc_nano.a(libc_a-fprintf.o)
                0x08117334                fprintf
                0x08117334                fiprintf
 .text._realloc_r
                0x08117358       0x5c /Applications/STM32CubeIDE.app/Contents/Eclipse/plugins/com.st.stm32cube.ide.mcu.externaltools.gnu-tools-for-stm32.13.3.rel1.macos64_1.0.0.202411102158/tools/bin/../lib/gcc/arm-none-eabi/13.3.1/../../../../arm-none-eabi/lib/thumb/v7e-m+fp/hard/libc_nano.a(libc_a-reallocr.o)
                0x08117358                _realloc_r
 .text._strtoul_l.isra.0
                0x081173b4       0xdc /Applications/STM32CubeIDE.app/Contents/Eclipse/plugins/com.st.stm32cube.ide.mcu.externaltools.gnu-tools-for-stm32.13.3.rel1.macos64_1.0.0.202411102158/tools/bin/../lib/gcc/arm-none-eabi/13.3.1/../../../../arm-none-eabi/lib/thumb/v7e-m+fp/hard/libc_nano.a(libc_a-strtoul.o)
 .text._strtoul_r
                0x08117490        0x4 /Applications/STM32CubeIDE.app/Contents/Eclipse/plugins/com.st.stm32cube.ide.mcu.externaltools.gnu-tools-for-stm32.13.3.rel1.macos64_1.0.0.202411102158/tools/bin/../lib/gcc/arm-none-eabi/13.3.1/../../../../arm-none-eabi/lib/thumb/v7e-m+fp/hard/libc_nano.a(libc_a-strtoul.o)
                0x08117490                _strtoul_r
 .text.strtoul  0x08117494       0x14 /Applications/STM32CubeIDE.app/Contents/Eclipse/plugins/com.st.stm32cube.ide.mcu.externaltools.gnu-tools-for-stm32.13.3.rel1.macos64_1.0.0.202411102158/tools/bin/../lib/gcc/arm-none-eabi/13.3.1/../../../../arm-none-eabi/lib/thumb/v7e-m+fp/hard/libc_nano.a(libc_a-strtoul.o)
                0x08117494                strtoul
 .text.memmove  0x081174a8       0x34 /Applications/STM32CubeIDE.app/Contents/Eclipse/plugins/com.st.stm32cube.ide.mcu.externaltools.gnu-tools-for-stm32.13.3.rel1.macos64_1.0.0.202411102158/tools/bin/../lib/gcc/arm-none-eabi/13.3.1/../../../../arm-none-eabi/lib/thumb/v7e-m+fp/hard/libc_nano.a(libc_a-memmove.o)
                0x081174a8                memmove
 .text.strncmp  0x081174dc       0x24 /Applications/STM32CubeIDE.app/Contents/Eclipse/plugins/com.st.stm32cube.ide.mcu.externaltools.gnu-tools-for-stm32.13.3.rel1.macos64_1.0.0.202411102158/tools/bin/../lib/gcc/arm-none-eabi/13.3.1/../../../../arm-none-eabi/lib/thumb/v7e-m+fp/hard/libc_nano.a(libc_a-strncmp.o)
                0x081174dc                strncmp
 .text._lseek_r
                0x08117500       0x24 /Applications/STM32CubeIDE.app/Contents/Eclipse/plugins/com.st.stm32cube.ide.mcu.externaltools.gnu-tools-for-stm32.13.3.rel1.macos64_1.0.0.202411102158/tools/bin/../lib/gcc/arm-none-eabi/13.3.1/../../../../arm-none-eabi/lib/thumb/v7e-m+fp/hard/libc_nano.a(libc_a-lseekr.o)
                0x08117500                _lseek_r
 .text._read_r  0x08117524       0x24 /Applications/STM32CubeIDE.app/Contents/Eclipse/plugins/com.st.stm32cube.ide.mcu.externaltools.gnu-tools-for-stm32.13.3.rel1.macos64_1.0.0.202411102158/tools/bin/../lib/gcc/arm-none-eabi/13.3.1/../../../../arm-none-eabi/lib/thumb/v7e-m+fp/hard/libc_nano.a(libc_a-readr.o)
                0x08117524                _read_r
 .text._sbrk_r  0x08117548       0x20 /Applications/STM32CubeIDE.app/Contents/Eclipse/plugins/com.st.stm32cube.ide.mcu.externaltools.gnu-tools-for-stm32.13.3.rel1.macos64_1.0.0.202411102158/tools/bin/../lib/gcc/arm-none-eabi/13.3.1/../../../../arm-none-eabi/lib/thumb/v7e-m+fp/hard/libc_nano.a(libc_a-sbrkr.o)
                0x08117548                _sbrk_r
 .text.__gettzinfo
                0x08117568        0x8 /Applications/STM32CubeIDE.app/Contents/Eclipse/plugins/com.st.stm32cube.ide.mcu.externaltools.gnu-tools-for-stm32.13.3.rel1.macos64_1.0.0.202411102158/tools/bin/../lib/gcc/arm-none-eabi/13.3.1/../../../../arm-none-eabi/lib/thumb/v7e-m+fp/hard/libc_nano.a(libc_a-gettzinfo.o)
                0x08117568                __gettzinfo
 .text._write_r
                0x08117570       0x24 /Applications/STM32CubeIDE.app/Contents/Eclipse/plugins/com.st.stm32cube.ide.mcu.externaltools.gnu-tools-for-stm32.13.3.rel1.macos64_1.0.0.202411102158/tools/bin/../lib/gcc/arm-none-eabi/13.3.1/../../../../arm-none-eabi/lib/thumb/v7e-m+fp/hard/libc_nano.a(libc_a-writer.o)
                0x08117570                _write_r
 .text.__tzcalc_limits
                0x08117594      0x168 /Applications/STM32CubeIDE.app/Contents/Eclipse/plugins/com.st.stm32cube.ide.mcu.externaltools.gnu-tools-for-stm32.13.3.rel1.macos64_1.0.0.202411102158/tools/bin/../lib/gcc/arm-none-eabi/13.3.1/../../../../arm-none-eabi/lib/thumb/v7e-m+fp/hard/libc_nano.a(libc_a-tzcalc_limits.o)
                0x08117594                __tzcalc_limits
 .text._close_r
                0x081176fc       0x20 /Applications/STM32CubeIDE.app/Contents/Eclipse/plugins/com.st.stm32cube.ide.mcu.externaltools.gnu-tools-for-stm32.13.3.rel1.macos64_1.0.0.202411102158/tools/bin/../lib/gcc/arm-none-eabi/13.3.1/../../../../arm-none-eabi/lib/thumb/v7e-m+fp/hard/libc_nano.a(libc_a-closer.o)
                0x081176fc                _close_r
 .text.abort    0x0811771c        0xe /Applications/STM32CubeIDE.app/Contents/Eclipse/plugins/com.st.stm32cube.ide.mcu.externaltools.gnu-tools-for-stm32.13.3.rel1.macos64_1.0.0.202411102158/tools/bin/../lib/gcc/arm-none-eabi/13.3.1/../../../../arm-none-eabi/lib/thumb/v7e-m+fp/hard/libc_nano.a(libc_a-abort.o)
                0x0811771c                abort
 *fill*         0x0811772a        0x2 
 .text.__env_lock
                0x0811772c        0xc /Applications/STM32CubeIDE.app/Contents/Eclipse/plugins/com.st.stm32cube.ide.mcu.externaltools.gnu-tools-for-stm32.13.3.rel1.macos64_1.0.0.202411102158/tools/bin/../lib/gcc/arm-none-eabi/13.3.1/../../../../arm-none-eabi/lib/thumb/v7e-m+fp/hard/libc_nano.a(libc_a-envlock.o)
                0x0811772c                __env_lock
 .text.__env_unlock
                0x08117738        0xc /Applications/STM32CubeIDE.app/Contents/Eclipse/plugins/com.st.stm32cube.ide.mcu.externaltools.gnu-tools-for-stm32.13.3.rel1.macos64_1.0.0.202411102158/tools/bin/../lib/gcc/arm-none-eabi/13.3.1/../../../../arm-none-eabi/lib/thumb/v7e-m+fp/hard/libc_nano.a(libc_a-envlock.o)
                0x08117738                __env_unlock
 .text._free_r  0x08117744       0x94 /Applications/STM32CubeIDE.app/Contents/Eclipse/plugins/com.st.stm32cube.ide.mcu.externaltools.gnu-tools-for-stm32.13.3.rel1.macos64_1.0.0.202411102158/tools/bin/../lib/gcc/arm-none-eabi/13.3.1/../../../../arm-none-eabi/lib/thumb/v7e-m+fp/hard/libc_nano.a(libc_a-freer.o)
                0x08117744                _free_r
 .text._sungetc_r
                0x081177d8       0x7a /Applications/STM32CubeIDE.app/Contents/Eclipse/plugins/com.st.stm32cube.ide.mcu.externaltools.gnu-tools-for-stm32.13.3.rel1.macos64_1.0.0.202411102158/tools/bin/../lib/gcc/arm-none-eabi/13.3.1/../../../../arm-none-eabi/lib/thumb/v7e-m+fp/hard/libc_nano.a(libc_a-nano-svfscanf.o)
                0x081177d8                _sungetc_r
 .text.__ssrefill_r
                0x08117852       0x3a /Applications/STM32CubeIDE.app/Contents/Eclipse/plugins/com.st.stm32cube.ide.mcu.externaltools.gnu-tools-for-stm32.13.3.rel1.macos64_1.0.0.202411102158/tools/bin/../lib/gcc/arm-none-eabi/13.3.1/../../../../arm-none-eabi/lib/thumb/v7e-m+fp/hard/libc_nano.a(libc_a-nano-svfscanf.o)
                0x08117852                __ssrefill_r
 .text.__ssvfscanf_r
                0x0811788c      0x2ec /Applications/STM32CubeIDE.app/Contents/Eclipse/plugins/com.st.stm32cube.ide.mcu.externaltools.gnu-tools-for-stm32.13.3.rel1.macos64_1.0.0.202411102158/tools/bin/../lib/gcc/arm-none-eabi/13.3.1/../../../../arm-none-eabi/lib/thumb/v7e-m+fp/hard/libc_nano.a(libc_a-nano-svfscanf.o)
                0x0811788c                __ssvfscanf_r
                0x0811788c                __ssvfiscanf_r
 .text.__sfputc_r
                0x08117b78       0x2e /Applications/STM32CubeIDE.app/Contents/Eclipse/plugins/com.st.stm32cube.ide.mcu.externaltools.gnu-tools-for-stm32.13.3.rel1.macos64_1.0.0.202411102158/tools/bin/../lib/gcc/arm-none-eabi/13.3.1/../../../../arm-none-eabi/lib/thumb/v7e-m+fp/hard/libc_nano.a(libc_a-nano-vfprintf.o)
 .text.__sfputs_r
                0x08117ba6       0x24 /Applications/STM32CubeIDE.app/Contents/Eclipse/plugins/com.st.stm32cube.ide.mcu.externaltools.gnu-tools-for-stm32.13.3.rel1.macos64_1.0.0.202411102158/tools/bin/../lib/gcc/arm-none-eabi/13.3.1/../../../../arm-none-eabi/lib/thumb/v7e-m+fp/hard/libc_nano.a(libc_a-nano-vfprintf.o)
                0x08117ba6                __sfputs_r
 *fill*         0x08117bca        0x2 
 .text._vfprintf_r
                0x08117bcc      0x230 /Applications/STM32CubeIDE.app/Contents/Eclipse/plugins/com.st.stm32cube.ide.mcu.externaltools.gnu-tools-for-stm32.13.3.rel1.macos64_1.0.0.202411102158/tools/bin/../lib/gcc/arm-none-eabi/13.3.1/../../../../arm-none-eabi/lib/thumb/v7e-m+fp/hard/libc_nano.a(libc_a-nano-vfprintf.o)
                0x08117bcc                _vfiprintf_r
                0x08117bcc                _vfprintf_r
 .text._scanf_chars
                0x08117dfc       0xb4 /Applications/STM32CubeIDE.app/Contents/Eclipse/plugins/com.st.stm32cube.ide.mcu.externaltools.gnu-tools-for-stm32.13.3.rel1.macos64_1.0.0.202411102158/tools/bin/../lib/gcc/arm-none-eabi/13.3.1/../../../../arm-none-eabi/lib/thumb/v7e-m+fp/hard/libc_nano.a(libc_a-nano-vfscanf_i.o)
                0x08117dfc                _scanf_chars
 .text._scanf_i
                0x08117eb0      0x1e8 /Applications/STM32CubeIDE.app/Contents/Eclipse/plugins/com.st.stm32cube.ide.mcu.externaltools.gnu-tools-for-stm32.13.3.rel1.macos64_1.0.0.202411102158/tools/bin/../lib/gcc/arm-none-eabi/13.3.1/../../../../arm-none-eabi/lib/thumb/v7e-m+fp/hard/libc_nano.a(libc_a-nano-vfscanf_i.o)
                0x08117eb0                _scanf_i
 .text.__sccl   0x08118098       0x72 /Applications/STM32CubeIDE.app/Contents/Eclipse/plugins/com.st.stm32cube.ide.mcu.externaltools.gnu-tools-for-stm32.13.3.rel1.macos64_1.0.0.202411102158/tools/bin/../lib/gcc/arm-none-eabi/13.3.1/../../../../arm-none-eabi/lib/thumb/v7e-m+fp/hard/libc_nano.a(libc_a-sccl.o)
                0x08118098                __sccl
 .text._malloc_usable_size_r
                0x0811810a       0x10 /Applications/STM32CubeIDE.app/Contents/Eclipse/plugins/com.st.stm32cube.ide.mcu.externaltools.gnu-tools-for-stm32.13.3.rel1.macos64_1.0.0.202411102158/tools/bin/../lib/gcc/arm-none-eabi/13.3.1/../../../../arm-none-eabi/lib/thumb/v7e-m+fp/hard/libc_nano.a(libc_a-msizer.o)
                0x0811810a                _malloc_usable_size_r
 .text.__submore
                0x0811811a       0x74 /Applications/STM32CubeIDE.app/Contents/Eclipse/plugins/com.st.stm32cube.ide.mcu.externaltools.gnu-tools-for-stm32.13.3.rel1.macos64_1.0.0.202411102158/tools/bin/../lib/gcc/arm-none-eabi/13.3.1/../../../../arm-none-eabi/lib/thumb/v7e-m+fp/hard/libc_nano.a(libc_a-ungetc.o)
                0x0811811a                __submore
 .text.__swbuf_r
                0x0811818e       0x7c /Applications/STM32CubeIDE.app/Contents/Eclipse/plugins/com.st.stm32cube.ide.mcu.externaltools.gnu-tools-for-stm32.13.3.rel1.macos64_1.0.0.202411102158/tools/bin/../lib/gcc/arm-none-eabi/13.3.1/../../../../arm-none-eabi/lib/thumb/v7e-m+fp/hard/libc_nano.a(libc_a-wbuf.o)
                0x0811818e                __swbuf_r
 *fill*         0x0811820a        0x2 
 .text._strtol_l.isra.0
                0x0811820c       0xf4 /Applications/STM32CubeIDE.app/Contents/Eclipse/plugins/com.st.stm32cube.ide.mcu.externaltools.gnu-tools-for-stm32.13.3.rel1.macos64_1.0.0.202411102158/tools/bin/../lib/gcc/arm-none-eabi/13.3.1/../../../../arm-none-eabi/lib/thumb/v7e-m+fp/hard/libc_nano.a(libc_a-strtol.o)
 .text._strtol_r
                0x08118300        0x4 /Applications/STM32CubeIDE.app/Contents/Eclipse/plugins/com.st.stm32cube.ide.mcu.externaltools.gnu-tools-for-stm32.13.3.rel1.macos64_1.0.0.202411102158/tools/bin/../lib/gcc/arm-none-eabi/13.3.1/../../../../arm-none-eabi/lib/thumb/v7e-m+fp/hard/libc_nano.a(libc_a-strtol.o)
                0x08118300                _strtol_r
 .text.__swsetup_r
                0x08118304       0xac /Applications/STM32CubeIDE.app/Contents/Eclipse/plugins/com.st.stm32cube.ide.mcu.externaltools.gnu-tools-for-stm32.13.3.rel1.macos64_1.0.0.202411102158/tools/bin/../lib/gcc/arm-none-eabi/13.3.1/../../../../arm-none-eabi/lib/thumb/v7e-m+fp/hard/libc_nano.a(libc_a-wsetup.o)
                0x08118304                __swsetup_r
 .text.__swhatbuf_r
                0x081183b0       0x4c /Applications/STM32CubeIDE.app/Contents/Eclipse/plugins/com.st.stm32cube.ide.mcu.externaltools.gnu-tools-for-stm32.13.3.rel1.macos64_1.0.0.202411102158/tools/bin/../lib/gcc/arm-none-eabi/13.3.1/../../../../arm-none-eabi/lib/thumb/v7e-m+fp/hard/libc_nano.a(libc_a-makebuf.o)
                0x081183b0                __swhatbuf_r
 .text.__smakebuf_r
                0x081183fc       0x78 /Applications/STM32CubeIDE.app/Contents/Eclipse/plugins/com.st.stm32cube.ide.mcu.externaltools.gnu-tools-for-stm32.13.3.rel1.macos64_1.0.0.202411102158/tools/bin/../lib/gcc/arm-none-eabi/13.3.1/../../../../arm-none-eabi/lib/thumb/v7e-m+fp/hard/libc_nano.a(libc_a-makebuf.o)
                0x081183fc                __smakebuf_r
 .text._raise_r
                0x08118474       0x50 /Applications/STM32CubeIDE.app/Contents/Eclipse/plugins/com.st.stm32cube.ide.mcu.externaltools.gnu-tools-for-stm32.13.3.rel1.macos64_1.0.0.202411102158/tools/bin/../lib/gcc/arm-none-eabi/13.3.1/../../../../arm-none-eabi/lib/thumb/v7e-m+fp/hard/libc_nano.a(libc_a-signal.o)
                0x08118474                _raise_r
 .text.raise    0x081184c4       0x10 /Applications/STM32CubeIDE.app/Contents/Eclipse/plugins/com.st.stm32cube.ide.mcu.externaltools.gnu-tools-for-stm32.13.3.rel1.macos64_1.0.0.202411102158/tools/bin/../lib/gcc/arm-none-eabi/13.3.1/../../../../arm-none-eabi/lib/thumb/v7e-m+fp/hard/libc_nano.a(libc_a-signal.o)
                0x081184c4                raise
 .text._isatty_r
                0x081184d4       0x20 /Applications/STM32CubeIDE.app/Contents/Eclipse/plugins/com.st.stm32cube.ide.mcu.externaltools.gnu-tools-for-stm32.13.3.rel1.macos64_1.0.0.202411102158/tools/bin/../lib/gcc/arm-none-eabi/13.3.1/../../../../arm-none-eabi/lib/thumb/v7e-m+fp/hard/libc_nano.a(libc_a-isattyr.o)
                0x081184d4                _isatty_r