Archive member included to satisfy reference by file (symbol)

/Applications/STM32CubeIDE.app/Contents/Eclipse/plugins/com.st.stm32cube.ide.mcu.externaltools.gnu-tools-for-stm32.12.3.rel1.macos64_1.0.200.202406191456/tools/bin/../lib/gcc/arm-none-eabi/12.3.1/../../../../arm-none-eabi/lib/thumb/v7e-m+fp/hard/libc_nano.a(libc_a-exit.o)
                              /Applications/STM32CubeIDE.app/Contents/Eclipse/plugins/com.st.stm32cube.ide.mcu.externaltools.gnu-tools-for-stm32.12.3.rel1.macos64_1.0.200.202406191456/tools/bin/../lib/gcc/arm-none-eabi/12.3.1/../../../../arm-none-eabi/lib/thumb/v7e-m+fp/hard/crt0.o (exit)
/Applications/STM32CubeIDE.app/Contents/Eclipse/plugins/com.st.stm32cube.ide.mcu.externaltools.gnu-tools-for-stm32.12.3.rel1.macos64_1.0.200.202406191456/tools/bin/../lib/gcc/arm-none-eabi/12.3.1/../../../../arm-none-eabi/lib/thumb/v7e-m+fp/hard/libc_nano.a(libc_a-snprintf.o)
                              ./Core/Src/sdcard.o (snprintf)
/Applications/STM32CubeIDE.app/Contents/Eclipse/plugins/com.st.stm32cube.ide.mcu.externaltools.gnu-tools-for-stm32.12.3.rel1.macos64_1.0.200.202406191456/tools/bin/../lib/gcc/arm-none-eabi/12.3.1/../../../../arm-none-eabi/lib/thumb/v7e-m+fp/hard/libc_nano.a(libc_a-findfp.o)
                              /Applications/STM32CubeIDE.app/Contents/Eclipse/plugins/com.st.stm32cube.ide.mcu.externaltools.gnu-tools-for-stm32.12.3.rel1.macos64_1.0.200.202406191456/tools/bin/../lib/gcc/arm-none-eabi/12.3.1/../../../../arm-none-eabi/lib/thumb/v7e-m+fp/hard/libc_nano.a(libc_a-exit.o) (__stdio_exit_handler)
/Applications/STM32CubeIDE.app/Contents/Eclipse/plugins/com.st.stm32cube.ide.mcu.externaltools.gnu-tools-for-stm32.12.3.rel1.macos64_1.0.200.202406191456/tools/bin/../lib/gcc/arm-none-eabi/12.3.1/../../../../arm-none-eabi/lib/thumb/v7e-m+fp/hard/libc_nano.a(libc_a-fwalk.o)
                              /Applications/STM32CubeIDE.app/Contents/Eclipse/plugins/com.st.stm32cube.ide.mcu.externaltools.gnu-tools-for-stm32.12.3.rel1.macos64_1.0.200.202406191456/tools/bin/../lib/gcc/arm-none-eabi/12.3.1/../../../../arm-none-eabi/lib/thumb/v7e-m+fp/hard/libc_nano.a(libc_a-findfp.o) (_fwalk_sglue)
/Applications/STM32CubeIDE.app/Contents/Eclipse/plugins/com.st.stm32cube.ide.mcu.externaltools.gnu-tools-for-stm32.12.3.rel1.macos64_1.0.200.202406191456/tools/bin/../lib/gcc/arm-none-eabi/12.3.1/../../../../arm-none-eabi/lib/thumb/v7e-m+fp/hard/libc_nano.a(libc_a-memset.o)
                              /Applications/STM32CubeIDE.app/Contents/Eclipse/plugins/com.st.stm32cube.ide.mcu.externaltools.gnu-tools-for-stm32.12.3.rel1.macos64_1.0.200.202406191456/tools/bin/../lib/gcc/arm-none-eabi/12.3.1/../../../../arm-none-eabi/lib/thumb/v7e-m+fp/hard/crt0.o (memset)
/Applications/STM32CubeIDE.app/Contents/Eclipse/plugins/com.st.stm32cube.ide.mcu.externaltools.gnu-tools-for-stm32.12.3.rel1.macos64_1.0.200.202406191456/tools/bin/../lib/gcc/arm-none-eabi/12.3.1/../../../../arm-none-eabi/lib/thumb/v7e-m+fp/hard/libc_nano.a(libc_a-mktime.o)
                              ./Core/Src/gnss.o (mktime)
/Applications/STM32CubeIDE.app/Contents/Eclipse/plugins/com.st.stm32cube.ide.mcu.externaltools.gnu-tools-for-stm32.12.3.rel1.macos64_1.0.200.202406191456/tools/bin/../lib/gcc/arm-none-eabi/12.3.1/../../../../arm-none-eabi/lib/thumb/v7e-m+fp/hard/libc_nano.a(libc_a-tzcalc_limits.o)
                              /Applications/STM32CubeIDE.app/Contents/Eclipse/plugins/com.st.stm32cube.ide.mcu.externaltools.gnu-tools-for-stm32.12.3.rel1.macos64_1.0.200.202406191456/tools/bin/../lib/gcc/arm-none-eabi/12.3.1/../../../../arm-none-eabi/lib/thumb/v7e-m+fp/hard/libc_nano.a(libc_a-mktime.o) (__tzcalc_limits)
/Applications/STM32CubeIDE.app/Contents/Eclipse/plugins/com.st.stm32cube.ide.mcu.externaltools.gnu-tools-for-stm32.12.3.rel1.macos64_1.0.200.202406191456/tools/bin/../lib/gcc/arm-none-eabi/12.3.1/../../../../arm-none-eabi/lib/thumb/v7e-m+fp/hard/libc_nano.a(libc_a-tzlock.o)
                              /Applications/STM32CubeIDE.app/Contents/Eclipse/plugins/com.st.stm32cube.ide.mcu.externaltools.gnu-tools-for-stm32.12.3.rel1.macos64_1.0.200.202406191456/tools/bin/../lib/gcc/arm-none-eabi/12.3.1/../../../../arm-none-eabi/lib/thumb/v7e-m+fp/hard/libc_nano.a(libc_a-mktime.o) (__tz_lock)
/Applications/STM32CubeIDE.app/Contents/Eclipse/plugins/com.st.stm32cube.ide.mcu.externaltools.gnu-tools-for-stm32.12.3.rel1.macos64_1.0.200.202406191456/tools/bin/../lib/gcc/arm-none-eabi/12.3.1/../../../../arm-none-eabi/lib/thumb/v7e-m+fp/hard/libc_nano.a(libc_a-tzset.o)
                              /Applications/STM32CubeIDE.app/Contents/Eclipse/plugins/com.st.stm32cube.ide.mcu.externaltools.gnu-tools-for-stm32.12.3.rel1.macos64_1.0.200.202406191456/tools/bin/../lib/gcc/arm-none-eabi/12.3.1/../../../../arm-none-eabi/lib/thumb/v7e-m+fp/hard/libc_nano.a(libc_a-mktime.o) (_tzset_unlocked)
[...]
Memory Configuration

Name             Origin             Length             Attributes
FLASH            0x08100000         0x00100000         xr
ADC_BUFFER       0x10000000         0x00040000         rw
RAM              0x10040000         0x00008000         xrw
*default*        0x00000000         0xffffffff

Linker script and memory map

LOAD /Applications/STM32CubeIDE.app/Contents/Eclipse/plugins/com.st.stm32cube.ide.mcu.externaltools.gnu-tools-for-stm32.12.3.rel1.macos64_1.0.200.202406191456/tools/bin/../lib/gcc/arm-none-eabi/12.3.1/thumb/v7e-m+fp/hard/crti.o
LOAD /Applications/STM32CubeIDE.app/Contents/Eclipse/plugins/com.st.stm32cube.ide.mcu.externaltools.gnu-tools-for-stm32.12.3.rel1.macos64_1.0.200.202406191456/tools/bin/../lib/gcc/arm-none-eabi/12.3.1/thumb/v7e-m+fp/hard/crtbegin.o
LOAD /Applications/STM32CubeIDE.app/Contents/Eclipse/plugins/com.st.stm32cube.ide.mcu.externaltools.gnu-tools-for-stm32.12.3.rel1.macos64_1.0.200.202406191456/tools/bin/../lib/gcc/arm-none-eabi/12.3.1/../../../../arm-none-eabi/lib/thumb/v7e-m+fp/hard/crt0.o
LOAD ./Common/Src/system_stm32h7xx_dualcore_boot_cm4_cm7.o
LOAD ./Core/Src/gnss.o
LOAD ./Core/Src/gpio.o
LOAD ./Core/Src/main.o
LOAD ./Core/Src/sdcard.o
LOAD ./Core/Src/sdmmc.o
LOAD ./Core/Src/stm32h7xx_hal_msp.o
LOAD ./Core/Src/stm32h7xx_it.o
LOAD ./Core/Src/syscalls.o
LOAD ./Core/Src/sysmem.o
LOAD ./Core/Src/u_ubx_protocol.o
LOAD ./Core/Src/usart.o
LOAD ./Core/Startup/startup_stm32h755zitx.o
LOAD ./Drivers/BSP/STM32H7xx_Nucleo/stm32h7xx_nucleo.o
LOAD ./Drivers/STM32H7xx_HAL_Driver/stm32h7xx_hal.o
LOAD ./Drivers/STM32H7xx_HAL_Driver/stm32h7xx_hal_cortex.o
LOAD ./Drivers/STM32H7xx_HAL_Driver/stm32h7xx_hal_dma.o
LOAD ./Drivers/STM32H7xx_HAL_Driver/stm32h7xx_hal_dma_ex.o
LOAD ./Drivers/STM32H7xx_HAL_Driver/stm32h7xx_hal_exti.o
LOAD ./Drivers/STM32H7xx_HAL_Driver/stm32h7xx_hal_flash.o
LOAD ./Drivers/STM32H7xx_HAL_Driver/stm32h7xx_hal_flash_ex.o
LOAD ./Drivers/STM32H7xx_HAL_Driver/stm32h7xx_hal_gpio.o
LOAD ./Drivers/STM32H7xx_HAL_Driver/stm32h7xx_hal_hsem.o
LOAD ./Drivers/STM32H7xx_HAL_Driver/stm32h7xx_hal_i2c.o
LOAD ./Drivers/STM32H7xx_HAL_Driver/stm32h7xx_hal_i2c_ex.o
LOAD ./Drivers/STM32H7xx_HAL_Driver/stm32h7xx_hal_mdma.o
LOAD ./Drivers/STM32H7xx_HAL_Driver/stm32h7xx_hal_pwr.o
LOAD ./Drivers/STM32H7xx_HAL_Driver/stm32h7xx_hal_pwr_ex.o
LOAD ./Drivers/STM32H7xx_HAL_Driver/stm32h7xx_hal_rcc.o
LOAD ./Drivers/STM32H7xx_HAL_Driver/stm32h7xx_hal_rcc_ex.o
LOAD ./Drivers/STM32H7xx_HAL_Driver/stm32h7xx_hal_sd.o
LOAD ./Drivers/STM32H7xx_HAL_Driver/stm32h7xx_hal_sd_ex.o
LOAD ./Drivers/STM32H7xx_HAL_Driver/stm32h7xx_hal_tim.o
LOAD ./Drivers/STM32H7xx_HAL_Driver/stm32h7xx_hal_tim_ex.o
LOAD ./Drivers/STM32H7xx_HAL_Driver/stm32h7xx_hal_uart.o
LOAD ./Drivers/STM32H7xx_HAL_Driver/stm32h7xx_hal_uart_ex.o
LOAD ./Drivers/STM32H7xx_HAL_Driver/stm32h7xx_hal_usart.o
LOAD ./Drivers/STM32H7xx_HAL_Driver/stm32h7xx_hal_usart_ex.o
LOAD ./Drivers/STM32H7xx_HAL_Driver/stm32h7xx_ll_delayblock.o
LOAD ./Drivers/STM32H7xx_HAL_Driver/stm32h7xx_ll_sdmmc.o
LOAD ./FATFS/App/fatfs.o
LOAD ./FATFS/Target/bsp_driver_sd.o
LOAD ./FATFS/Target/fatfs_platform.o
LOAD ./FATFS/Target/sd_diskio.o
LOAD ./Middlewares/Third_Party/FatFs/ccsbcs.o
LOAD ./Middlewares/Third_Party/FatFs/diskio.o
LOAD ./Middlewares/Third_Party/FatFs/ff.o
LOAD ./Middlewares/Third_Party/FatFs/ff_gen_drv.o
LOAD ./Middlewares/Third_Party/FatFs/syscall.o
START GROUP
LOAD /Applications/STM32CubeIDE.app/Contents/Eclipse/plugins/com.st.stm32cube.ide.mcu.externaltools.gnu-tools-for-stm32.12.3.rel1.macos64_1.0.200.202406191456/tools/bin/../lib/gcc/arm-none-eabi/12.3.1/../../../../arm-none-eabi/lib/thumb/v7e-m+fp/hard/libc_nano.a
LOAD /Applications/STM32CubeIDE.app/Contents/Eclipse/plugins/com.st.stm32cube.ide.mcu.externaltools.gnu-tools-for-stm32.12.3.rel1.macos64_1.0.200.202406191456/tools/bin/../lib/gcc/arm-none-eabi/12.3.1/../../../../arm-none-eabi/lib/thumb/v7e-m+fp/hard/libm.a
END GROUP
START GROUP
LOAD /Applications/STM32CubeIDE.app/Contents/Eclipse/plugins/com.st.stm32cube.ide.mcu.externaltools.gnu-tools-for-stm32.12.3.rel1.macos64_1.0.200.202406191456/tools/bin/../lib/gcc/arm-none-eabi/12.3.1/thumb/v7e-m+fp/hard/libgcc.a
LOAD /Applications/STM32CubeIDE.app/Contents/Eclipse/plugins/com.st.stm32cube.ide.mcu.externaltools.gnu-tools-for-stm32.12.3.rel1.macos64_1.0.200.202406191456/tools/bin/../lib/gcc/arm-none-eabi/12.3.1/../../../../arm-none-eabi/lib/thumb/v7e-m+fp/hard/libc_nano.a
END GROUP
START GROUP
LOAD /Applications/STM32CubeIDE.app/Contents/Eclipse/plugins/com.st.stm32cube.ide.mcu.externaltools.gnu-tools-for-stm32.12.3.rel1.macos64_1.0.200.202406191456/tools/bin/../lib/gcc/arm-none-eabi/12.3.1/thumb/v7e-m+fp/hard/libgcc.a
LOAD /Applications/STM32CubeIDE.app/Contents/Eclipse/plugins/com.st.stm32cube.ide.mcu.externaltools.gnu-tools-for-stm32.12.3.rel1.macos64_1.0.200.202406191456/tools/bin/../lib/gcc/arm-none-eabi/12.3.1/../../../../arm-none-eabi/lib/thumb/v7e-m+fp/hard/libc_nano.a
LOAD /Applications/STM32CubeIDE.app/Contents/Eclipse/plugins/com.st.stm32cube.ide.mcu.externaltools.gnu-tools-for-stm32.12.3.rel1.macos64_1.0.200.202406191456/tools/bin/../lib/gcc/arm-none-eabi/12.3.1/../../../../arm-none-eabi/lib/thumb/v7e-m+fp/hard/libnosys.a
END GROUP
START GROUP
LOAD /Applications/STM32CubeIDE.app/Contents/Eclipse/plugins/com.st.stm32cube.ide.mcu.externaltools.gnu-tools-for-stm32.12.3.rel1.macos64_1.0.200.202406191456/tools/bin/../lib/gcc/arm-none-eabi/12.3.1/thumb/v7e-m+fp/hard/libgcc.a
LOAD /Applications/STM32CubeIDE.app/Contents/Eclipse/plugins/com.st.stm32cube.ide.mcu.externaltools.gnu-tools-for-stm32.12.3.rel1.macos64_1.0.200.202406191456/tools/bin/../lib/gcc/arm-none-eabi/12.3.1/../../../../arm-none-eabi/lib/thumb/v7e-m+fp/hard/libc_nano.a
LOAD /Applications/STM32CubeIDE.app/Contents/Eclipse/plugins/com.st.stm32cube.ide.mcu.externaltools.gnu-tools-for-stm32.12.3.rel1.macos64_1.0.200.202406191456/tools/bin/../lib/gcc/arm-none-eabi/12.3.1/../../../../arm-none-eabi/lib/thumb/v7e-m+fp/hard/libnosys.a
END GROUP
LOAD /Applications/STM32CubeIDE.app/Contents/Eclipse/plugins/com.st.stm32cube.ide.mcu.externaltools.gnu-tools-for-stm32.12.3.rel1.macos64_1.0.200.202406191456/tools/bin/../lib/gcc/arm-none-eabi/12.3.1/thumb/v7e-m+fp/hard/crtend.o
LOAD /Applications/STM32CubeIDE.app/Contents/Eclipse/plugins/com.st.stm32cube.ide.mcu.externaltools.gnu-tools-for-stm32.12.3.rel1.macos64_1.0.200.202406191456/tools/bin/../lib/gcc/arm-none-eabi/12.3.1/thumb/v7e-m+fp/hard/crtn.o
                0x10048000                        _estack = (ORIGIN (RAM) + LENGTH (RAM))
                0x00000200                        _Min_Heap_Size = 0x200
                0x00000400                        _Min_Stack_Size = 0x400

.isr_vector     0x08100000      0x298
                0x08100000                        . = ALIGN (0x4)
 *(.isr_vector)
 .isr_vector    0x08100000      0x298 ./Core/Startup/startup_stm32h755zitx.o
                0x08100000                g_pfnVectors
                0x08100298                        . = ALIGN (0x4)

.text           0x081002a0    0x14468
                0x081002a0                        . = ALIGN (0x4)
 *(.text)
 .text          0x081002a0       0x40 /Applications/STM32CubeIDE.app/Contents/Eclipse/plugins/com.st.stm32cube.ide.mcu.externaltools.gnu-tools-for-stm32.12.3.rel1.macos64_1.0.200.202406191456/tools/bin/../lib/gcc/arm-none-eabi/12.3.1/thumb/v7e-m+fp/hard/crtbegin.o
 .text          0x081002e0       0x10 /Applications/STM32CubeIDE.app/Contents/Eclipse/plugins/com.st.stm32cube.ide.mcu.externaltools.gnu-tools-for-stm32.12.3.rel1.macos64_1.0.200.202406191456/tools/bin/../lib/gcc/arm-none-eabi/12.3.1/../../../../arm-none-eabi/lib/thumb/v7e-m+fp/hard/libc_nano.a(libc_a-strlen.o)
                0x081002e0                strlen
 .text          0x081002f0       0x14 /Applications/STM32CubeIDE.app/Contents/Eclipse/plugins/com.st.stm32cube.ide.mcu.externaltools.gnu-tools-for-stm32.12.3.rel1.macos64_1.0.200.202406191456/tools/bin/../lib/gcc/arm-none-eabi/12.3.1/../../../../arm-none-eabi/lib/thumb/v7e-m+fp/hard/libc_nano.a(libc_a-strcmp.o)
                0x081002f0                strcmp
 *fill*         0x08100304        0xc 
 .text          0x08100310       0xa0 /Applications/STM32CubeIDE.app/Contents/Eclipse/plugins/com.st.stm32cube.ide.mcu.externaltools.gnu-tools-for-stm32.12.3.rel1.macos64_1.0.200.202406191456/tools/bin/../lib/gcc/arm-none-eabi/12.3.1/../../../../arm-none-eabi/lib/thumb/v7e-m+fp/hard/libc_nano.a(libc_a-memchr.o)
                0x08100310                memchr
 .text          0x081003b0       0x30 /Applications/STM32CubeIDE.app/Contents/Eclipse/plugins/com.st.stm32cube.ide.mcu.externaltools.gnu-tools-for-stm32.12.3.rel1.macos64_1.0.200.202406191456/tools/bin/../lib/gcc/arm-none-eabi/12.3.1/thumb/v7e-m+fp/hard/libgcc.a(_aeabi_uldivmod.o)
                0x081003b0                __aeabi_uldivmod
 .text          0x081003e0      0x2bc /Applications/STM32CubeIDE.app/Contents/Eclipse/plugins/com.st.stm32cube.ide.mcu.externaltools.gnu-tools-for-stm32.12.3.rel1.macos64_1.0.200.202406191456/tools/bin/../lib/gcc/arm-none-eabi/12.3.1/thumb/v7e-m+fp/hard/libgcc.a(_udivmoddi4.o)
                0x081003e0                __udivmoddi4
 .text          0x0810069c        0x4 /Applications/STM32CubeIDE.app/Contents/Eclipse/plugins/com.st.stm32cube.ide.mcu.externaltools.gnu-tools-for-stm32.12.3.rel1.macos64_1.0.200.202406191456/tools/bin/../lib/gcc/arm-none-eabi/12.3.1/thumb/v7e-m+fp/hard/libgcc.a(_dvmd_tls.o)
                0x0810069c                __aeabi_ldiv0
                0x0810069c                __aeabi_idiv0
 *(.text*)
 .text.SystemInit
                0x081006a0       0x30 ./Common/Src/system_stm32h7xx_dualcore_boot_cm4_cm7.o
                0x081006a0                SystemInit
 .text.gnss_init
                0x081006d0       0x54 ./Core/Src/gnss.o
                0x081006d0                gnss_init
 .text.gnss_config
                0x08100724       0xa8 ./Core/Src/gnss.o
                0x08100724                gnss_config
 .text.gnss_sync
                0x081007cc      0x104 ./Core/Src/gnss.o
                0x081007cc                gnss_sync
 .text.gnss_reset_uart
                0x081008d0       0xcc ./Core/Src/gnss.o
 .text.gnss_get_time
                0x0810099c      0x278 ./Core/Src/gnss.o
                0x0810099c                gnss_get_time
 .text.send_config
                0x08100c14      0x294 ./Core/Src/gnss.o
 .text.process_frame_sync_messages
                0x08100ea8       0xf0 ./Core/Src/gnss.o
 .text.get_two_bytes
                0x08100f98       0x5e ./Core/Src/gnss.o
 *fill*         0x08100ff6        0x2 
 .text.HAL_UART_RxCpltCallback
                0x08100ff8       0x20 ./Core/Src/gnss.o
                0x08100ff8                HAL_UART_RxCpltCallback
 .text.MX_GPIO_Init
                0x08101018       0xd8 ./Core/Src/gpio.o
                0x08101018                MX_GPIO_Init
 .text.supplemental_gpio_init
                0x081010f0       0x40 ./Core/Src/gpio.o
                0x081010f0                supplemental_gpio_init
 .text.green_led_on
                0x08101130       0x18 ./Core/Src/gpio.o
                0x08101130                green_led_on
 .text.green_led_off
                0x08101148       0x18 ./Core/Src/gpio.o
                0x08101148                green_led_off
 .text.red_led_on
                0x08101160       0x18 ./Core/Src/gpio.o
                0x08101160                red_led_on
 .text.red_led_off
                0x08101178       0x18 ./Core/Src/gpio.o
                0x08101178                red_led_off
 .text.main     0x08101190      0x240 ./Core/Src/main.o
                0x08101190                main
 .text.Error_Handler
                0x081013d0       0x56 ./Core/Src/main.o
                0x081013d0                Error_Handler
 .text.assert_failed
                0x08101426       0x16 ./Core/Src/main.o
                0x08101426                assert_failed
 .text.sdcard_mount
                0x0810143c       0x50 ./Core/Src/sdcard.o
                0x0810143c                sdcard_mount
 .text.sdcard_shutdown
                0x0810148c       0x14 ./Core/Src/sdcard.o
                0x0810148c                sdcard_shutdown
 .text.sdcard_allocate_files
                0x081014a0       0xb8 ./Core/Src/sdcard.o
                0x081014a0                sdcard_allocate_files
 .text.sdcard_write_to_file
                0x08101558      0x154 ./Core/Src/sdcard.o
                0x08101558                sdcard_write_to_file
 .text.get_file_size
                0x081016ac       0x3c ./Core/Src/sdcard.o
 .text.get_max_writes_per_file
                0x081016e8       0x1e ./Core/Src/sdcard.o
 *fill*         0x08101706        0x2 
 .text.MX_SDMMC2_SD_Init
                0x08101708       0x48 ./Core/Src/sdmmc.o
                0x08101708                MX_SDMMC2_SD_Init
 .text.HAL_SD_MspInit
                0x08101750      0x11c ./Core/Src/sdmmc.o
                0x08101750                HAL_SD_MspInit
 .text.HAL_SD_MspDeInit
                0x0810186c       0x4c ./Core/Src/sdmmc.o
                0x0810186c                HAL_SD_MspDeInit
 .text.HAL_MspInit
                0x081018b8       0x40 ./Core/Src/stm32h7xx_hal_msp.o
                0x081018b8                HAL_MspInit
 .text.NMI_Handler
                0x081018f8        0x8 ./Core/Src/stm32h7xx_it.o
                0x081018f8                NMI_Handler
 .text.HardFault_Handler
                0x08101900        0x8 ./Core/Src/stm32h7xx_it.o
                0x08101900                HardFault_Handler
 .text.MemManage_Handler
                0x08101908        0x8 ./Core/Src/stm32h7xx_it.o
                0x08101908                MemManage_Handler
 .text.BusFault_Handler
                0x08101910        0x8 ./Core/Src/stm32h7xx_it.o
                0x08101910                BusFault_Handler
 .text.UsageFault_Handler
                0x08101918        0x8 ./Core/Src/stm32h7xx_it.o
                0x08101918                UsageFault_Handler
 .text.SVC_Handler
                0x08101920        0xe ./Core/Src/stm32h7xx_it.o
                0x08101920                SVC_Handler
 .text.DebugMon_Handler
                0x0810192e        0xe ./Core/Src/stm32h7xx_it.o
                0x0810192e                DebugMon_Handler
 .text.PendSV_Handler
                0x0810193c        0xe ./Core/Src/stm32h7xx_it.o
                0x0810193c                PendSV_Handler
 .text.SysTick_Handler
                0x0810194a        0xc ./Core/Src/stm32h7xx_it.o
                0x0810194a                SysTick_Handler
 *fill*         0x08101956        0x2 
 .text.UART4_IRQHandler
                0x08101958       0x14 ./Core/Src/stm32h7xx_it.o
                0x08101958                UART4_IRQHandler
 .text.USART6_IRQHandler
                0x0810196c       0x14 ./Core/Src/stm32h7xx_it.o
                0x0810196c                USART6_IRQHandler
 .text.HSEM2_IRQHandler
                0x08101980        0xc ./Core/Src/stm32h7xx_it.o
                0x08101980                HSEM2_IRQHandler
 .text.HAL_HSEM_FreeCallback
                0x0810198c       0x64 ./Core/Src/stm32h7xx_it.o
                0x0810198c                HAL_HSEM_FreeCallback
 .text._sbrk    0x081019f0       0x6c ./Core/Src/sysmem.o
                0x081019f0                _sbrk
 .text.uUbxProtocolDecode
                0x08101a5c      0x1ec ./Core/Src/u_ubx_protocol.o
                0x08101a5c                uUbxProtocolDecode
 .text.MX_UART4_Init
                0x08101c48       0x98 ./Core/Src/usart.o
                0x08101c48                MX_UART4_Init
 .text.MX_USART6_UART_Init
                0x08101ce0       0x98 ./Core/Src/usart.o
                0x08101ce0                MX_USART6_UART_Init
 .text.HAL_UART_MspInit
                0x08101d78      0x190 ./Core/Src/usart.o
                0x08101d78                HAL_UART_MspInit
 .text.HAL_UART_MspDeInit
                0x08101f08       0x78 ./Core/Src/usart.o
                0x08101f08                HAL_UART_MspDeInit
 .text.Reset_Handler
                0x08101f80       0x50 ./Core/Startup/startup_stm32h755zitx.o
                0x08101f80                Reset_Handler
 .text.Default_Handler
                0x08101fd0        0x2 ./Core/Startup/startup_stm32h755zitx.o
                0x08101fd0                DMA1_Stream3_IRQHandler
                0x08101fd0                HASH_RNG_IRQHandler
                0x08101fd0                EXTI2_IRQHandler
                0x08101fd0                TIM8_CC_IRQHandler
                0x08101fd0                HRTIM1_Master_IRQHandler
                0x08101fd0                UART8_IRQHandler
                0x08101fd0                SPI4_IRQHandler
                0x08101fd0                TIM1_CC_IRQHandler
                0x08101fd0                BDMA_Channel6_IRQHandler
                0x08101fd0                DMA2_Stream5_IRQHandler
                0x08101fd0                HRTIM1_FLT_IRQHandler
                0x08101fd0                JPEG_IRQHandler
                0x08101fd0                DMA1_Stream5_IRQHandler
                0x08101fd0                BDMA_Channel1_IRQHandler
                0x08101fd0                HRTIM1_TIMD_IRQHandler
                0x08101fd0                TAMP_STAMP_IRQHandler
                0x08101fd0                EXTI3_IRQHandler
                0x08101fd0                LPTIM4_IRQHandler
                0x08101fd0                TIM8_TRG_COM_TIM14_IRQHandler
                0x08101fd0                LPTIM2_IRQHandler
                0x08101fd0                DFSDM1_FLT1_IRQHandler
                0x08101fd0                DMAMUX2_OVR_IRQHandler
                0x08101fd0                TIM8_UP_TIM13_IRQHandler
                0x08101fd0                I2C3_ER_IRQHandler
                0x08101fd0                DFSDM1_FLT2_IRQHandler
                0x08101fd0                MDMA_IRQHandler
                0x08101fd0                LPTIM3_IRQHandler
                0x08101fd0                HSEM1_IRQHandler
                0x08101fd0                EXTI0_IRQHandler
                0x08101fd0                I2C2_EV_IRQHandler
                0x08101fd0                DMA1_Stream2_IRQHandler
                0x08101fd0                FPU_IRQHandler
                0x08101fd0                OTG_HS_WKUP_IRQHandler
                0x08101fd0                FDCAN1_IT1_IRQHandler
                0x08101fd0                LTDC_ER_IRQHandler
                0x08101fd0                DMA2_Stream2_IRQHandler
                0x08101fd0                HRTIM1_TIME_IRQHandler
                0x08101fd0                SPI1_IRQHandler
                0x08101fd0                TIM6_DAC_IRQHandler
                0x08101fd0                DCMI_IRQHandler
                0x08101fd0                HRTIM1_TIMC_IRQHandler
                0x08101fd0                DMA2_Stream3_IRQHandler
                0x08101fd0                SAI2_IRQHandler
                0x08101fd0                DFSDM1_FLT3_IRQHandler
                0x08101fd0                TIM17_IRQHandler
                0x08101fd0                USART3_IRQHandler
                0x08101fd0                BDMA_Channel7_IRQHandler
                0x08101fd0                CRYP_IRQHandler
                0x08101fd0                LPTIM5_IRQHandler
                0x08101fd0                UART5_IRQHandler
                0x08101fd0                ADC3_IRQHandler
                0x08101fd0                DMA2_Stream0_IRQHandler
                0x08101fd0                TIM4_IRQHandler
                0x08101fd0                BDMA_Channel2_IRQHandler
                0x08101fd0                QUADSPI_IRQHandler
                0x08101fd0                I2C1_EV_IRQHandler
                0x08101fd0                DMA1_Stream6_IRQHandler
                0x08101fd0                DMAMUX1_OVR_IRQHandler
                0x08101fd0                DMA1_Stream1_IRQHandler
                0x08101fd0                TIM16_IRQHandler
                0x08101fd0                BDMA_Channel5_IRQHandler
                0x08101fd0                TIM3_IRQHandler
                0x08101fd0                RCC_IRQHandler
                0x08101fd0                TIM8_BRK_TIM12_IRQHandler
                0x08101fd0                TIM1_TRG_COM_IRQHandler
                0x08101fd0                Default_Handler
                0x08101fd0                ECC_IRQHandler
                0x08101fd0                CEC_IRQHandler
                0x08101fd0                EXTI15_10_IRQHandler
                0x08101fd0                BDMA_Channel0_IRQHandler
                0x08101fd0                ADC_IRQHandler
                0x08101fd0                DMA1_Stream7_IRQHandler
                0x08101fd0                HRTIM1_TIMA_IRQHandler
                0x08101fd0                SPI5_IRQHandler
                0x08101fd0                TIM7_IRQHandler
                0x08101fd0                SDMMC1_IRQHandler
                0x08101fd0                TIM5_IRQHandler
                0x08101fd0                DMA2_Stream7_IRQHandler
                0x08101fd0                TIM15_IRQHandler
                0x08101fd0                PVD_AVD_IRQHandler
                0x08101fd0                I2C3_EV_IRQHandler
                0x08101fd0                EXTI9_5_IRQHandler
                0x08101fd0                RTC_WKUP_IRQHandler
                0x08101fd0                LTDC_IRQHandler
                0x08101fd0                SAI3_IRQHandler
                0x08101fd0                ETH_WKUP_IRQHandler
                0x08101fd0                SPDIF_RX_IRQHandler
                0x08101fd0                SPI2_IRQHandler
                0x08101fd0                OTG_HS_EP1_IN_IRQHandler
                0x08101fd0                DMA1_Stream0_IRQHandler
                0x08101fd0                CRS_IRQHandler
                0x08101fd0                CM7_SEV_IRQHandler
                0x08101fd0                EXTI4_IRQHandler
                0x08101fd0                CM4_SEV_IRQHandler
                0x08101fd0                HRTIM1_TIMB_IRQHandler
                0x08101fd0                FDCAN2_IT1_IRQHandler
                0x08101fd0                ETH_IRQHandler
                0x08101fd0                TIM1_UP_IRQHandler
                0x08101fd0                WWDG_RST_IRQHandler
                0x08101fd0                BDMA_Channel4_IRQHandler
                0x08101fd0                OTG_HS_EP1_OUT_IRQHandler
                0x08101fd0                WWDG_IRQHandler
                0x08101fd0                SPI6_IRQHandler
                0x08101fd0                MDIOS_IRQHandler
                0x08101fd0                I2C4_EV_IRQHandler
                0x08101fd0                FDCAN2_IT0_IRQHandler
                0x08101fd0                LPUART1_IRQHandler
                0x08101fd0                FDCAN1_IT0_IRQHandler
                0x08101fd0                TIM2_IRQHandler
                0x08101fd0                OTG_FS_WKUP_IRQHandler
                0x08101fd0                OTG_HS_IRQHandler
                0x08101fd0                DMA2D_IRQHandler
                0x08101fd0                TIM1_BRK_IRQHandler
                0x08101fd0                EXTI1_IRQHandler
                0x08101fd0                SDMMC2_IRQHandler
                0x08101fd0                OTG_FS_EP1_OUT_IRQHandler
                0x08101fd0                BDMA_Channel3_IRQHandler
                0x08101fd0                HOLD_CORE_IRQHandler
                0x08101fd0                UART7_IRQHandler
                0x08101fd0                MDIOS_WKUP_IRQHandler
                0x08101fd0                USART2_IRQHandler
                0x08101fd0                DFSDM1_FLT0_IRQHandler
                0x08101fd0                SAI4_IRQHandler
                0x08101fd0                I2C2_ER_IRQHandler
                0x08101fd0                DMA2_Stream1_IRQHandler
                0x08101fd0                FLASH_IRQHandler
                0x08101fd0                DMA2_Stream4_IRQHandler
                0x08101fd0                USART1_IRQHandler
                0x08101fd0                OTG_FS_IRQHandler
                0x08101fd0                SPI3_IRQHandler
                0x08101fd0                WAKEUP_PIN_IRQHandler
                0x08101fd0                DMA1_Stream4_IRQHandler
                0x08101fd0                OTG_FS_EP1_IN_IRQHandler
                0x08101fd0                I2C1_ER_IRQHandler
                0x08101fd0                FMC_IRQHandler
                0x08101fd0                FDCAN_CAL_IRQHandler
                0x08101fd0                SWPMI1_IRQHandler
                0x08101fd0                COMP1_IRQHandler
                0x08101fd0                LPTIM1_IRQHandler
                0x08101fd0                I2C4_ER_IRQHandler
                0x08101fd0                DMA2_Stream6_IRQHandler
                0x08101fd0                SAI1_IRQHandler
                0x08101fd0                RTC_Alarm_IRQHandler
 *fill*         0x08101fd2        0x2 
 .text.HAL_Init
                0x08101fd4       0xbc ./Drivers/STM32H7xx_HAL_Driver/stm32h7xx_hal.o
                0x08101fd4                HAL_Init
 .text.HAL_InitTick
                0x08102090       0x6c ./Drivers/STM32H7xx_HAL_Driver/stm32h7xx_hal.o
                0x08102090                HAL_InitTick
 .text.HAL_IncTick
                0x081020fc       0x28 ./Drivers/STM32H7xx_HAL_Driver/stm32h7xx_hal.o
                0x081020fc                HAL_IncTick
 .text.HAL_GetTick
                0x08102124       0x18 ./Drivers/STM32H7xx_HAL_Driver/stm32h7xx_hal.o
                0x08102124                HAL_GetTick
 .text.HAL_Delay
                0x0810213c       0x48 ./Drivers/STM32H7xx_HAL_Driver/stm32h7xx_hal.o
                0x0810213c                HAL_Delay
 .text.__NVIC_SetPriorityGrouping
                0x08102184       0x48 ./Drivers/STM32H7xx_HAL_Driver/stm32h7xx_hal_cortex.o
 .text.__NVIC_GetPriorityGrouping
                0x081021cc       0x1c ./Drivers/STM32H7xx_HAL_Driver/stm32h7xx_hal_cortex.o
 .text.__NVIC_EnableIRQ
                0x081021e8       0x3c ./Drivers/STM32H7xx_HAL_Driver/stm32h7xx_hal_cortex.o
 .text.__NVIC_DisableIRQ
                0x08102224       0x48 ./Drivers/STM32H7xx_HAL_Driver/stm32h7xx_hal_cortex.o
 .text.__NVIC_SetPriority
                0x0810226c       0x54 ./Drivers/STM32H7xx_HAL_Driver/stm32h7xx_hal_cortex.o
 .text.NVIC_EncodePriority
                0x081022c0       0x66 ./Drivers/STM32H7xx_HAL_Driver/stm32h7xx_hal_cortex.o
 *fill*         0x08102326        0x2 
 .text.SysTick_Config
                0x08102328       0x44 ./Drivers/STM32H7xx_HAL_Driver/stm32h7xx_hal_cortex.o
 .text.HAL_NVIC_SetPriorityGrouping
                0x0810236c       0x40 ./Drivers/STM32H7xx_HAL_Driver/stm32h7xx_hal_cortex.o
                0x0810236c                HAL_NVIC_SetPriorityGrouping
 .text.HAL_NVIC_SetPriority
                0x081023ac       0x54 ./Drivers/STM32H7xx_HAL_Driver/stm32h7xx_hal_cortex.o
                0x081023ac                HAL_NVIC_SetPriority
 .text.HAL_NVIC_EnableIRQ
                0x08102400       0x30 ./Drivers/STM32H7xx_HAL_Driver/stm32h7xx_hal_cortex.o
                0x08102400                HAL_NVIC_EnableIRQ
 .text.HAL_NVIC_DisableIRQ
                0x08102430       0x30 ./Drivers/STM32H7xx_HAL_Driver/stm32h7xx_hal_cortex.o
                0x08102430                HAL_NVIC_DisableIRQ
 .text.HAL_SYSTICK_Config
                0x08102460       0x18 ./Drivers/STM32H7xx_HAL_Driver/stm32h7xx_hal_cortex.o
                0x08102460                HAL_SYSTICK_Config
 .text.HAL_GetCurrentCPUID
                0x08102478       0x28 ./Drivers/STM32H7xx_HAL_Driver/stm32h7xx_hal_cortex.o
                0x08102478                HAL_GetCurrentCPUID
 .text.HAL_DMA_Abort
                0x081024a0      0x63c ./Drivers/STM32H7xx_HAL_Driver/stm32h7xx_hal_dma.o
                0x081024a0                HAL_DMA_Abort
 .text.HAL_DMA_Abort_IT
                0x08102adc      0x48c ./Drivers/STM32H7xx_HAL_Driver/stm32h7xx_hal_dma.o
                0x08102adc                HAL_DMA_Abort_IT
 .text.HAL_GPIO_Init
                0x08102f68      0x554 ./Drivers/STM32H7xx_HAL_Driver/stm32h7xx_hal_gpio.o
                0x08102f68                HAL_GPIO_Init
 .text.HAL_GPIO_DeInit
                0x081034bc      0x298 ./Drivers/STM32H7xx_HAL_Driver/stm32h7xx_hal_gpio.o
                0x081034bc                HAL_GPIO_DeInit
 .text.HAL_GPIO_ReadPin
                0x08103754       0x40 ./Drivers/STM32H7xx_HAL_Driver/stm32h7xx_hal_gpio.o
                0x08103754                HAL_GPIO_ReadPin
 .text.HAL_GPIO_WritePin
                0x08103794       0x58 ./Drivers/STM32H7xx_HAL_Driver/stm32h7xx_hal_gpio.o
                0x08103794                HAL_GPIO_WritePin
 .text.HAL_HSEM_FastTake
                0x081037ec       0x40 ./Drivers/STM32H7xx_HAL_Driver/stm32h7xx_hal_hsem.o
                0x081037ec                HAL_HSEM_FastTake
 .text.HAL_HSEM_Release
                0x0810382c       0x44 ./Drivers/STM32H7xx_HAL_Driver/stm32h7xx_hal_hsem.o
                0x0810382c                HAL_HSEM_Release
 .text.HAL_HSEM_ActivateNotification
                0x08103870       0x24 ./Drivers/STM32H7xx_HAL_Driver/stm32h7xx_hal_hsem.o
                0x08103870                HAL_HSEM_ActivateNotification
 .text.HAL_HSEM_IRQHandler
                0x08103894       0x34 ./Drivers/STM32H7xx_HAL_Driver/stm32h7xx_hal_hsem.o
                0x08103894                HAL_HSEM_IRQHandler
 .text.HAL_PWREx_EnterSTOPMode
                0x081038c8      0x140 ./Drivers/STM32H7xx_HAL_Driver/stm32h7xx_hal_pwr_ex.o
                0x081038c8                HAL_PWREx_EnterSTOPMode
 .text.HAL_PWREx_ClearPendingEvent
                0x08103a08       0x1a ./Drivers/STM32H7xx_HAL_Driver/stm32h7xx_hal_pwr_ex.o
                0x08103a08                HAL_PWREx_ClearPendingEvent
 *fill*         0x08103a22        0x2 
 .text.HAL_RCC_GetSysClockFreq
                0x08103a24      0x2f4 ./Drivers/STM32H7xx_HAL_Driver/stm32h7xx_hal_rcc.o
                0x08103a24                HAL_RCC_GetSysClockFreq
 .text.HAL_RCC_GetHCLKFreq
                0x08103d18       0x64 ./Drivers/STM32H7xx_HAL_Driver/stm32h7xx_hal_rcc.o
                0x08103d18                HAL_RCC_GetHCLKFreq
 .text.HAL_RCC_GetPCLK1Freq
                0x08103d7c       0x2c ./Drivers/STM32H7xx_HAL_Driver/stm32h7xx_hal_rcc.o
                0x08103d7c                HAL_RCC_GetPCLK1Freq
 .text.HAL_RCC_GetPCLK2Freq
                0x08103da8       0x2c ./Drivers/STM32H7xx_HAL_Driver/stm32h7xx_hal_rcc.o
                0x08103da8                HAL_RCC_GetPCLK2Freq
 .text.HAL_RCCEx_PeriphCLKConfig
                0x08103dd4     0x1a60 ./Drivers/STM32H7xx_HAL_Driver/stm32h7xx_hal_rcc_ex.o
                0x08103dd4                HAL_RCCEx_PeriphCLKConfig
 .text.HAL_RCCEx_GetPeriphCLKFreq
                0x08105834      0xb00 ./Drivers/STM32H7xx_HAL_Driver/stm32h7xx_hal_rcc_ex.o
                0x08105834                HAL_RCCEx_GetPeriphCLKFreq
 .text.HAL_RCCEx_GetD3PCLK1Freq
                0x08106334       0x2c ./Drivers/STM32H7xx_HAL_Driver/stm32h7xx_hal_rcc_ex.o
                0x08106334                HAL_RCCEx_GetD3PCLK1Freq
 .text.HAL_RCCEx_GetPLL2ClockFreq
                0x08106360      0x2a8 ./Drivers/STM32H7xx_HAL_Driver/stm32h7xx_hal_rcc_ex.o
                0x08106360                HAL_RCCEx_GetPLL2ClockFreq
 .text.HAL_RCCEx_GetPLL3ClockFreq
                0x08106608      0x2a8 ./Drivers/STM32H7xx_HAL_Driver/stm32h7xx_hal_rcc_ex.o
                0x08106608                HAL_RCCEx_GetPLL3ClockFreq
 .text.HAL_RCCEx_GetPLL1ClockFreq
                0x081068b0      0x2a4 ./Drivers/STM32H7xx_HAL_Driver/stm32h7xx_hal_rcc_ex.o
                0x081068b0                HAL_RCCEx_GetPLL1ClockFreq
 .text.RCCEx_PLL2_Config
                0x08106b54      0x244 ./Drivers/STM32H7xx_HAL_Driver/stm32h7xx_hal_rcc_ex.o
 .text.RCCEx_PLL3_Config
                0x08106d98      0x24c ./Drivers/STM32H7xx_HAL_Driver/stm32h7xx_hal_rcc_ex.o
 .text.HAL_SD_Init
                0x08106fe4      0x1c0 ./Drivers/STM32H7xx_HAL_Driver/stm32h7xx_hal_sd.o
                0x08106fe4                HAL_SD_Init
 .text.HAL_SD_InitCard
                0x081071a4      0x138 ./Drivers/STM32H7xx_HAL_Driver/stm32h7xx_hal_sd.o
                0x081071a4                HAL_SD_InitCard
 .text.HAL_SD_DeInit
                0x081072dc       0x68 ./Drivers/STM32H7xx_HAL_Driver/stm32h7xx_hal_sd.o
                0x081072dc                HAL_SD_DeInit
 .text.HAL_SD_ReadBlocks_DMA
                0x08107344      0x150 ./Drivers/STM32H7xx_HAL_Driver/stm32h7xx_hal_sd.o
                0x08107344                HAL_SD_ReadBlocks_DMA
 .text.HAL_SD_WriteBlocks_DMA
                0x08107494      0x150 ./Drivers/STM32H7xx_HAL_Driver/stm32h7xx_hal_sd.o
                0x08107494                HAL_SD_WriteBlocks_DMA
 .text.HAL_SD_GetCardCSD
                0x081075e4      0x348 ./Drivers/STM32H7xx_HAL_Driver/stm32h7xx_hal_sd.o
                0x081075e4                HAL_SD_GetCardCSD
 .text.HAL_SD_GetCardStatus
                0x0810792c      0x17c ./Drivers/STM32H7xx_HAL_Driver/stm32h7xx_hal_sd.o
                0x0810792c                HAL_SD_GetCardStatus
 .text.HAL_SD_GetCardInfo
                0x08107aa8       0x58 ./Drivers/STM32H7xx_HAL_Driver/stm32h7xx_hal_sd.o
                0x08107aa8                HAL_SD_GetCardInfo
 .text.HAL_SD_ConfigWideBusOperation
                0x08107b00      0x248 ./Drivers/STM32H7xx_HAL_Driver/stm32h7xx_hal_sd.o
                0x08107b00                HAL_SD_ConfigWideBusOperation
 .text.HAL_SD_GetCardState
                0x08107d48       0x40 ./Drivers/STM32H7xx_HAL_Driver/stm32h7xx_hal_sd.o
                0x08107d48                HAL_SD_GetCardState
 .text.SD_InitCard
                0x08107d88      0x19c ./Drivers/STM32H7xx_HAL_Driver/stm32h7xx_hal_sd.o
 .text.SD_PowerON
                0x08107f24      0x11c ./Drivers/STM32H7xx_HAL_Driver/stm32h7xx_hal_sd.o
 .text.SD_PowerOFF
                0x08108040       0x1a ./Drivers/STM32H7xx_HAL_Driver/stm32h7xx_hal_sd.o
 *fill*         0x0810805a        0x2 
 .text.SD_SendSDStatus
                0x0810805c      0x1a0 ./Drivers/STM32H7xx_HAL_Driver/stm32h7xx_hal_sd.o
 .text.SD_SendStatus
                0x081081fc       0x50 ./Drivers/STM32H7xx_HAL_Driver/stm32h7xx_hal_sd.o
 .text.SD_WideBus_Enable
                0x0810824c       0x96 ./Drivers/STM32H7xx_HAL_Driver/stm32h7xx_hal_sd.o
 .text.SD_WideBus_Disable
                0x081082e2       0x96 ./Drivers/STM32H7xx_HAL_Driver/stm32h7xx_hal_sd.o
 .text.SD_FindSCR
                0x08108378      0x1a0 ./Drivers/STM32H7xx_HAL_Driver/stm32h7xx_hal_sd.o
 .text.HAL_UART_Init
                0x08108518      0x19c ./Drivers/STM32H7xx_HAL_Driver/stm32h7xx_hal_uart.o
                0x08108518                HAL_UART_Init
 .text.HAL_UART_DeInit
                0x081086b4      0x10c ./Drivers/STM32H7xx_HAL_Driver/stm32h7xx_hal_uart.o
                0x081086b4                HAL_UART_DeInit
 .text.HAL_UART_Transmit
                0x081087c0      0x11c ./Drivers/STM32H7xx_HAL_Driver/stm32h7xx_hal_uart.o
                0x081087c0                HAL_UART_Transmit
 .text.HAL_UART_Receive_IT
                0x081088dc       0x98 ./Drivers/STM32H7xx_HAL_Driver/stm32h7xx_hal_uart.o
                0x081088dc                HAL_UART_Receive_IT
 .text.HAL_UART_IRQHandler
                0x08108974      0x774 ./Drivers/STM32H7xx_HAL_Driver/stm32h7xx_hal_uart.o
                0x08108974                HAL_UART_IRQHandler
 .text.HAL_UART_TxCpltCallback
                0x081090e8       0x14 ./Drivers/STM32H7xx_HAL_Driver/stm32h7xx_hal_uart.o
                0x081090e8                HAL_UART_TxCpltCallback
 .text.HAL_UART_ErrorCallback
                0x081090fc       0x14 ./Drivers/STM32H7xx_HAL_Driver/stm32h7xx_hal_uart.o
                0x081090fc                HAL_UART_ErrorCallback
 .text.HAL_UARTEx_RxEventCallback
                0x08109110       0x18 ./Drivers/STM32H7xx_HAL_Driver/stm32h7xx_hal_uart.o
                0x08109110                HAL_UARTEx_RxEventCallback
 .text.UART_SetConfig
                0x08109128      0xc88 ./Drivers/STM32H7xx_HAL_Driver/stm32h7xx_hal_uart.o
                0x08109128                UART_SetConfig
 .text.UART_AdvFeatureConfig
                0x08109db0      0x2e8 ./Drivers/STM32H7xx_HAL_Driver/stm32h7xx_hal_uart.o
                0x08109db0                UART_AdvFeatureConfig
 .text.UART_CheckIdleState
                0x0810a098      0x154 ./Drivers/STM32H7xx_HAL_Driver/stm32h7xx_hal_uart.o
                0x0810a098                UART_CheckIdleState
 .text.UART_WaitOnFlagUntilTimeout
                0x0810a1ec       0xda ./Drivers/STM32H7xx_HAL_Driver/stm32h7xx_hal_uart.o
                0x0810a1ec                UART_WaitOnFlagUntilTimeout
 *fill*         0x0810a2c6        0x2 
 .text.UART_Start_Receive_IT
                0x0810a2c8      0x244 ./Drivers/STM32H7xx_HAL_Driver/stm32h7xx_hal_uart.o
                0x0810a2c8                UART_Start_Receive_IT
 .text.UART_EndRxTransfer
                0x0810a50c       0xcc ./Drivers/STM32H7xx_HAL_Driver/stm32h7xx_hal_uart.o
 .text.UART_DMAAbortOnError
                0x0810a5d8       0x2c ./Drivers/STM32H7xx_HAL_Driver/stm32h7xx_hal_uart.o
 .text.UART_EndTransmit_IT
                0x0810a604       0x56 ./Drivers/STM32H7xx_HAL_Driver/stm32h7xx_hal_uart.o
 *fill*         0x0810a65a        0x2 
 .text.UART_RxISR_8BIT
                0x0810a65c      0x1b8 ./Drivers/STM32H7xx_HAL_Driver/stm32h7xx_hal_uart.o
 .text.UART_RxISR_16BIT
                0x0810a814      0x1b8 ./Drivers/STM32H7xx_HAL_Driver/stm32h7xx_hal_uart.o
 .text.UART_RxISR_8BIT_FIFOEN
                0x0810a9cc      0x360 ./Drivers/STM32H7xx_HAL_Driver/stm32h7xx_hal_uart.o
 .text.UART_RxISR_16BIT_FIFOEN
                0x0810ad2c      0x368 ./Drivers/STM32H7xx_HAL_Driver/stm32h7xx_hal_uart.o
 .text.HAL_UARTEx_WakeupCallback
                0x0810b094       0x14 ./Drivers/STM32H7xx_HAL_Driver/stm32h7xx_hal_uart_ex.o
                0x0810b094                HAL_UARTEx_WakeupCallback
 .text.HAL_UARTEx_RxFifoFullCallback
                0x0810b0a8       0x14 ./Drivers/STM32H7xx_HAL_Driver/stm32h7xx_hal_uart_ex.o
                0x0810b0a8                HAL_UARTEx_RxFifoFullCallback
 .text.HAL_UARTEx_TxFifoEmptyCallback
                0x0810b0bc       0x14 ./Drivers/STM32H7xx_HAL_Driver/stm32h7xx_hal_uart_ex.o
                0x0810b0bc                HAL_UARTEx_TxFifoEmptyCallback
 .text.HAL_UARTEx_DisableFifoMode
                0x0810b0d0       0xec ./Drivers/STM32H7xx_HAL_Driver/stm32h7xx_hal_uart_ex.o
                0x0810b0d0                HAL_UARTEx_DisableFifoMode
 .text.HAL_UARTEx_SetTxFifoThreshold
                0x0810b1bc      0x134 ./Drivers/STM32H7xx_HAL_Driver/stm32h7xx_hal_uart_ex.o
                0x0810b1bc                HAL_UARTEx_SetTxFifoThreshold
 .text.HAL_UARTEx_SetRxFifoThreshold
                0x0810b2f0      0x134 ./Drivers/STM32H7xx_HAL_Driver/stm32h7xx_hal_uart_ex.o
                0x0810b2f0                HAL_UARTEx_SetRxFifoThreshold
 .text.HAL_UARTEx_ReceiveToIdle
                0x0810b424      0x204 ./Drivers/STM32H7xx_HAL_Driver/stm32h7xx_hal_uart_ex.o
                0x0810b424                HAL_UARTEx_ReceiveToIdle
 .text.UARTEx_SetNbDataToProcess
                0x0810b628       0x9c ./Drivers/STM32H7xx_HAL_Driver/stm32h7xx_hal_uart_ex.o
 .text.SDMMC_Init
                0x0810b6c4       0xe8 ./Drivers/STM32H7xx_HAL_Driver/stm32h7xx_ll_sdmmc.o
                0x0810b6c4                SDMMC_Init
 .text.SDMMC_ReadFIFO
                0x0810b7ac       0x1a ./Drivers/STM32H7xx_HAL_Driver/stm32h7xx_ll_sdmmc.o
                0x0810b7ac                SDMMC_ReadFIFO
 .text.SDMMC_PowerState_ON
                0x0810b7c6       0x22 ./Drivers/STM32H7xx_HAL_Driver/stm32h7xx_ll_sdmmc.o
                0x0810b7c6                SDMMC_PowerState_ON
 .text.SDMMC_PowerState_OFF
                0x0810b7e8       0x22 ./Drivers/STM32H7xx_HAL_Driver/stm32h7xx_ll_sdmmc.o
                0x0810b7e8                SDMMC_PowerState_OFF
 .text.SDMMC_GetPowerState
                0x0810b80a       0x1c ./Drivers/STM32H7xx_HAL_Driver/stm32h7xx_ll_sdmmc.o
                0x0810b80a                SDMMC_GetPowerState
 *fill*         0x0810b826        0x2 
 .text.SDMMC_SendCommand
                0x0810b828       0xd0 ./Drivers/STM32H7xx_HAL_Driver/stm32h7xx_ll_sdmmc.o
                0x0810b828                SDMMC_SendCommand
 .text.SDMMC_GetCommandResponse
                0x0810b8f8       0x1a ./Drivers/STM32H7xx_HAL_Driver/stm32h7xx_ll_sdmmc.o
                0x0810b8f8                SDMMC_GetCommandResponse
 *fill*         0x0810b912        0x2 
 .text.SDMMC_GetResponse
                0x0810b914       0x48 ./Drivers/STM32H7xx_HAL_Driver/stm32h7xx_ll_sdmmc.o
                0x0810b914                SDMMC_GetResponse
 .text.SDMMC_ConfigData
                0x0810b95c      0x13c ./Drivers/STM32H7xx_HAL_Driver/stm32h7xx_ll_sdmmc.o
                0x0810b95c                SDMMC_ConfigData
 .text.SDMMC_CmdBlockLength
                0x0810ba98       0x46 ./Drivers/STM32H7xx_HAL_Driver/stm32h7xx_ll_sdmmc.o
                0x0810ba98                SDMMC_CmdBlockLength
 .text.SDMMC_CmdReadSingleBlock
                0x0810bade       0x46 ./Drivers/STM32H7xx_HAL_Driver/stm32h7xx_ll_sdmmc.o
                0x0810bade                SDMMC_CmdReadSingleBlock
 .text.SDMMC_CmdReadMultiBlock
                0x0810bb24       0x46 ./Drivers/STM32H7xx_HAL_Driver/stm32h7xx_ll_sdmmc.o
                0x0810bb24                SDMMC_CmdReadMultiBlock
 .text.SDMMC_CmdWriteSingleBlock
                0x0810bb6a       0x46 ./Drivers/STM32H7xx_HAL_Driver/stm32h7xx_ll_sdmmc.o
                0x0810bb6a                SDMMC_CmdWriteSingleBlock
 .text.SDMMC_CmdWriteMultiBlock
                0x0810bbb0       0x46 ./Drivers/STM32H7xx_HAL_Driver/stm32h7xx_ll_sdmmc.o
                0x0810bbb0                SDMMC_CmdWriteMultiBlock
 .text.SDMMC_CmdSelDesel
                0x0810bbf6       0x46 ./Drivers/STM32H7xx_HAL_Driver/stm32h7xx_ll_sdmmc.o
                0x0810bbf6                SDMMC_CmdSelDesel
 .text.SDMMC_CmdGoIdleState
                0x0810bc3c       0x3c ./Drivers/STM32H7xx_HAL_Driver/stm32h7xx_ll_sdmmc.o
                0x0810bc3c                SDMMC_CmdGoIdleState
 .text.SDMMC_CmdOperCond
                0x0810bc78       0x40 ./Drivers/STM32H7xx_HAL_Driver/stm32h7xx_ll_sdmmc.o
                0x0810bc78                SDMMC_CmdOperCond
 .text.SDMMC_CmdAppCommand
                0x0810bcb8       0x46 ./Drivers/STM32H7xx_HAL_Driver/stm32h7xx_ll_sdmmc.o
                0x0810bcb8                SDMMC_CmdAppCommand
 .text.SDMMC_CmdAppOperCommand
                0x0810bcfe       0x40 ./Drivers/STM32H7xx_HAL_Driver/stm32h7xx_ll_sdmmc.o
                0x0810bcfe                SDMMC_CmdAppOperCommand
 .text.SDMMC_CmdBusWidth
                0x0810bd3e       0x46 ./Drivers/STM32H7xx_HAL_Driver/stm32h7xx_ll_sdmmc.o
                0x0810bd3e                SDMMC_CmdBusWidth
 .text.SDMMC_CmdSendSCR
                0x0810bd84       0x44 ./Drivers/STM32H7xx_HAL_Driver/stm32h7xx_ll_sdmmc.o
                0x0810bd84                SDMMC_CmdSendSCR
 .text.SDMMC_CmdSendCID
                0x0810bdc8       0x3e ./Drivers/STM32H7xx_HAL_Driver/stm32h7xx_ll_sdmmc.o
                0x0810bdc8                SDMMC_CmdSendCID
 .text.SDMMC_CmdSendCSD
                0x0810be06       0x40 ./Drivers/STM32H7xx_HAL_Driver/stm32h7xx_ll_sdmmc.o
                0x0810be06                SDMMC_CmdSendCSD
 .text.SDMMC_CmdSetRelAdd
                0x0810be46       0x44 ./Drivers/STM32H7xx_HAL_Driver/stm32h7xx_ll_sdmmc.o
                0x0810be46                SDMMC_CmdSetRelAdd
 .text.SDMMC_CmdSendStatus
                0x0810be8a       0x46 ./Drivers/STM32H7xx_HAL_Driver/stm32h7xx_ll_sdmmc.o
                0x0810be8a                SDMMC_CmdSendStatus
 .text.SDMMC_CmdStatusRegister
                0x0810bed0       0x44 ./Drivers/STM32H7xx_HAL_Driver/stm32h7xx_ll_sdmmc.o
                0x0810bed0                SDMMC_CmdStatusRegister
 .text.SDMMC_GetCmdResp1
                0x0810bf14      0x1e4 ./Drivers/STM32H7xx_HAL_Driver/stm32h7xx_ll_sdmmc.o
                0x0810bf14                SDMMC_GetCmdResp1
 .text.SDMMC_GetCmdResp2
                0x0810c0f8       0x94 ./Drivers/STM32H7xx_HAL_Driver/stm32h7xx_ll_sdmmc.o
                0x0810c0f8                SDMMC_GetCmdResp2
 .text.SDMMC_GetCmdResp3
                0x0810c18c       0x80 ./Drivers/STM32H7xx_HAL_Driver/stm32h7xx_ll_sdmmc.o
                0x0810c18c                SDMMC_GetCmdResp3
 .text.SDMMC_GetCmdResp6
                0x0810c20c       0xf0 ./Drivers/STM32H7xx_HAL_Driver/stm32h7xx_ll_sdmmc.o
                0x0810c20c                SDMMC_GetCmdResp6
 .text.SDMMC_GetCmdResp7
                0x0810c2fc       0x9c ./Drivers/STM32H7xx_HAL_Driver/stm32h7xx_ll_sdmmc.o
                0x0810c2fc                SDMMC_GetCmdResp7
 .text.SDMMC_GetCmdError
                0x0810c398       0x5c ./Drivers/STM32H7xx_HAL_Driver/stm32h7xx_ll_sdmmc.o
 .text.MX_FATFS_Init
                0x0810c3f4       0x24 ./FATFS/App/fatfs.o
                0x0810c3f4                MX_FATFS_Init
 .text.get_fattime
                0x0810c418       0x10 ./FATFS/App/fatfs.o
                0x0810c418                get_fattime
 .text.BSP_SD_Init
                0x0810c428       0x4c ./FATFS/Target/bsp_driver_sd.o
                0x0810c428                BSP_SD_Init
 .text.BSP_SD_ReadBlocks_DMA
                0x0810c474       0x34 ./FATFS/Target/bsp_driver_sd.o
                0x0810c474                BSP_SD_ReadBlocks_DMA
 .text.BSP_SD_WriteBlocks_DMA
                0x0810c4a8       0x34 ./FATFS/Target/bsp_driver_sd.o
                0x0810c4a8                BSP_SD_WriteBlocks_DMA
 .text.BSP_SD_GetCardState
                0x0810c4dc       0x20 ./FATFS/Target/bsp_driver_sd.o
                0x0810c4dc                BSP_SD_GetCardState
 .text.BSP_SD_GetCardInfo
                0x0810c4fc       0x1c ./FATFS/Target/bsp_driver_sd.o
                0x0810c4fc                BSP_SD_GetCardInfo
 .text.BSP_SD_IsDetected
                0x0810c518       0x24 ./FATFS/Target/bsp_driver_sd.o
                0x0810c518                BSP_SD_IsDetected
 .text.BSP_PlatformIsDetected
                0x0810c53c       0x2c ./FATFS/Target/fatfs_platform.o
                0x0810c53c                BSP_PlatformIsDetected
 .text.SD_CheckStatusWithTimeout
                0x0810c568       0x3a ./FATFS/Target/sd_diskio.o
 *fill*         0x0810c5a2        0x2 
 .text.SD_CheckStatus
                0x0810c5a4       0x3c ./FATFS/Target/sd_diskio.o
 .text.SD_initialize
                0x0810c5e0       0x38 ./FATFS/Target/sd_diskio.o
                0x0810c5e0                SD_initialize
 .text.SD_status
                0x0810c618       0x1c ./FATFS/Target/sd_diskio.o
                0x0810c618                SD_status
 .text.SD_read  0x0810c634       0xac ./FATFS/Target/sd_diskio.o
                0x0810c634                SD_read
 .text.SD_write
                0x0810c6e0       0xac ./FATFS/Target/sd_diskio.o
                0x0810c6e0                SD_write
 .text.SD_ioctl
                0x0810c78c       0xb0 ./FATFS/Target/sd_diskio.o
                0x0810c78c                SD_ioctl
 .text.ff_convert
                0x0810c83c       0x78 ./Middlewares/Third_Party/FatFs/ccsbcs.o
                0x0810c83c                ff_convert
 .text.ff_wtoupper
                0x0810c8b4      0x114 ./Middlewares/Third_Party/FatFs/ccsbcs.o
                0x0810c8b4                ff_wtoupper
 .text.disk_status
                0x0810c9c8       0x34 ./Middlewares/Third_Party/FatFs/diskio.o
                0x0810c9c8                disk_status
 .text.disk_initialize
                0x0810c9fc       0x50 ./Middlewares/Third_Party/FatFs/diskio.o
                0x0810c9fc                disk_initialize
 .text.disk_read
                0x0810ca4c       0x40 ./Middlewares/Third_Party/FatFs/diskio.o
                0x0810ca4c                disk_read
 .text.disk_write
                0x0810ca8c       0x40 ./Middlewares/Third_Party/FatFs/diskio.o
                0x0810ca8c                disk_write
 .text.disk_ioctl
                0x0810cacc       0x3c ./Middlewares/Third_Party/FatFs/diskio.o
                0x0810cacc                disk_ioctl
 .text.ld_word  0x0810cb08       0x30 ./Middlewares/Third_Party/FatFs/ff.o
 .text.ld_dword
                0x0810cb38       0x46 ./Middlewares/Third_Party/FatFs/ff.o
 .text.ld_qword
                0x0810cb7e      0x1b6 ./Middlewares/Third_Party/FatFs/ff.o
 .text.st_word  0x0810cd34       0x36 ./Middlewares/Third_Party/FatFs/ff.o
 .text.st_dword
                0x0810cd6a       0x58 ./Middlewares/Third_Party/FatFs/ff.o
 .text.st_qword
                0x0810cdc2      0x110 ./Middlewares/Third_Party/FatFs/ff.o
 .text.mem_cpy  0x0810ced2       0x42 ./Middlewares/Third_Party/FatFs/ff.o
 .text.mem_set  0x0810cf14       0x36 ./Middlewares/Third_Party/FatFs/ff.o
 .text.mem_cmp  0x0810cf4a       0x4e ./Middlewares/Third_Party/FatFs/ff.o
 .text.chk_chr  0x0810cf98       0x36 ./Middlewares/Third_Party/FatFs/ff.o
 *fill*         0x0810cfce        0x2 
 .text.chk_lock
                0x0810cfd0       0xb8 ./Middlewares/Third_Party/FatFs/ff.o
 .text.enq_lock
                0x0810d088       0x44 ./Middlewares/Third_Party/FatFs/ff.o
 .text.inc_lock
                0x0810d0cc      0x11c ./Middlewares/Third_Party/FatFs/ff.o
 .text.dec_lock
                0x0810d1e8       0x78 ./Middlewares/Third_Party/FatFs/ff.o
 .text.clear_lock
                0x0810d260       0x48 ./Middlewares/Third_Party/FatFs/ff.o
 .text.sync_window
                0x0810d2a8       0x88 ./Middlewares/Third_Party/FatFs/ff.o
 .text.move_window
                0x0810d330       0x5a ./Middlewares/Third_Party/FatFs/ff.o
 *fill*         0x0810d38a        0x2 
 .text.sync_fs  0x0810d38c       0xdc ./Middlewares/Third_Party/FatFs/ff.o
 .text.clust2sect
                0x0810d468       0x3e ./Middlewares/Third_Party/FatFs/ff.o
 *fill*         0x0810d4a6        0x2 
 .text.get_fat  0x0810d4a8      0x234 ./Middlewares/Third_Party/FatFs/ff.o
 .text.put_fat  0x0810d6dc      0x1dc ./Middlewares/Third_Party/FatFs/ff.o
 .text.find_bitmap
                0x0810d8b8       0xf8 ./Middlewares/Third_Party/FatFs/ff.o
 .text.change_bitmap
                0x0810d9b0       0xd4 ./Middlewares/Third_Party/FatFs/ff.o
 .text.fill_first_frag
                0x0810da84       0x5e ./Middlewares/Third_Party/FatFs/ff.o
 .text.fill_last_frag
                0x0810dae2       0x62 ./Middlewares/Third_Party/FatFs/ff.o
 .text.remove_chain
                0x0810db44      0x168 ./Middlewares/Third_Party/FatFs/ff.o
 .text.create_chain
                0x0810dcac      0x202 ./Middlewares/Third_Party/FatFs/ff.o
 .text.clmt_clust
                0x0810deae       0x88 ./Middlewares/Third_Party/FatFs/ff.o
 .text.dir_sdi  0x0810df36      0x10c ./Middlewares/Third_Party/FatFs/ff.o
 .text.dir_next
                0x0810e042      0x1aa ./Middlewares/Third_Party/FatFs/ff.o
 .text.dir_alloc
                0x0810e1ec       0xb8 ./Middlewares/Third_Party/FatFs/ff.o
 .text.ld_clust
                0x0810e2a4       0x3e ./Middlewares/Third_Party/FatFs/ff.o
 .text.st_clust
                0x0810e2e2       0x40 ./Middlewares/Third_Party/FatFs/ff.o
 *fill*         0x0810e322        0x2 
 .text.cmp_lfn  0x0810e324       0xe0 ./Middlewares/Third_Party/FatFs/ff.o
 .text.pick_lfn
                0x0810e404       0xc8 ./Middlewares/Third_Party/FatFs/ff.o
 .text.put_lfn  0x0810e4cc       0xd0 ./Middlewares/Third_Party/FatFs/ff.o
 .text.gen_numname
                0x0810e59c      0x11c ./Middlewares/Third_Party/FatFs/ff.o
 .text.sum_sfn  0x0810e6b8       0x42 ./Middlewares/Third_Party/FatFs/ff.o
 .text.xdir_sum
                0x0810e6fa       0x64 ./Middlewares/Third_Party/FatFs/ff.o
 .text.xname_sum
                0x0810e75e       0x68 ./Middlewares/Third_Party/FatFs/ff.o
 .text.xsum32   0x0810e7c6       0x26 ./Middlewares/Third_Party/FatFs/ff.o
 .text.load_xdir
                0x0810e7ec      0x17c ./Middlewares/Third_Party/FatFs/ff.o
 .text.load_obj_dir
                0x0810e968       0x6c ./Middlewares/Third_Party/FatFs/ff.o
 .text.store_xdir
                0x0810e9d4       0xb6 ./Middlewares/Third_Party/FatFs/ff.o
 .text.create_xdir
                0x0810ea8a       0xce ./Middlewares/Third_Party/FatFs/ff.o
 .text.dir_read
                0x0810eb58      0x18e ./Middlewares/Third_Party/FatFs/ff.o
 .text.dir_find
                0x0810ece6      0x254 ./Middlewares/Third_Party/FatFs/ff.o
 *fill*         0x0810ef3a        0x2 
 .text.dir_register
                0x0810ef3c      0x34c ./Middlewares/Third_Party/FatFs/ff.o
 .text.create_name
                0x0810f288      0x370 ./Middlewares/Third_Party/FatFs/ff.o
 .text.follow_path
                0x0810f5f8      0x152 ./Middlewares/Third_Party/FatFs/ff.o
 .text.get_ldnumber
                0x0810f74a       0x88 ./Middlewares/Third_Party/FatFs/ff.o
 *fill*         0x0810f7d2        0x2 
 .text.check_fs
                0x0810f7d4       0xc8 ./Middlewares/Third_Party/FatFs/ff.o
 .text.find_volume
                0x0810f89c      0x6b8 ./Middlewares/Third_Party/FatFs/ff.o
 .text.validate
                0x0810ff54       0x6a ./Middlewares/Third_Party/FatFs/ff.o
 *fill*         0x0810ffbe        0x2 
 .text.f_mount  0x0810ffc0       0x8c ./Middlewares/Third_Party/FatFs/ff.o
                0x0810ffc0                f_mount
 .text.f_open   0x0811004c      0x57a ./Middlewares/Third_Party/FatFs/ff.o
                0x0811004c                f_open
 .text.f_write  0x081105c6      0x368 ./Middlewares/Third_Party/FatFs/ff.o
                0x081105c6                f_write
 .text.f_sync   0x0811092e      0x23c ./Middlewares/Third_Party/FatFs/ff.o
                0x0811092e                f_sync
 .text.f_close  0x08110b6a       0x54 ./Middlewares/Third_Party/FatFs/ff.o
                0x08110b6a                f_close
 .text.f_lseek  0x08110bbe      0x798 ./Middlewares/Third_Party/FatFs/ff.o
                0x08110bbe                f_lseek
 .text.f_expand
                0x08111356      0x296 ./Middlewares/Third_Party/FatFs/ff.o
                0x08111356                f_expand
 .text.f_mkfs   0x081115ec     0x11c4 ./Middlewares/Third_Party/FatFs/ff.o
                0x081115ec                f_mkfs
 .text.FATFS_LinkDriverEx
                0x081127b0       0x98 ./Middlewares/Third_Party/FatFs/ff_gen_drv.o
                0x081127b0                FATFS_LinkDriverEx
 .text.FATFS_LinkDriver
                0x08112848       0x1e ./Middlewares/Third_Party/FatFs/ff_gen_drv.o
                0x08112848                FATFS_LinkDriver
 *fill*         0x08112866        0x2 
 .text.snprintf
                0x08112868       0x68 /Applications/STM32CubeIDE.app/Contents/Eclipse/plugins/com.st.stm32cube.ide.mcu.externaltools.gnu-tools-for-stm32.12.3.rel1.macos64_1.0.200.202406191456/tools/bin/../lib/gcc/arm-none-eabi/12.3.1/../../../../arm-none-eabi/lib/thumb/v7e-m+fp/hard/libc_nano.a(libc_a-snprintf.o)
                0x08112868                snprintf
                0x08112868                sniprintf
 .text.memset   0x081128d0       0x10 /Applications/STM32CubeIDE.app/Contents/Eclipse/plugins/com.st.stm32cube.ide.mcu.externaltools.gnu-tools-for-stm32.12.3.rel1.macos64_1.0.200.202406191456/tools/bin/../lib/gcc/arm-none-eabi/12.3.1/../../../../arm-none-eabi/lib/thumb/v7e-m+fp/hard/libc_nano.a(libc_a-memset.o)
                0x081128d0                memset
 .text.validate_structure
                0x081128e0      0x1a8 /Applications/STM32CubeIDE.app/Contents/Eclipse/plugins/com.st.stm32cube.ide.mcu.externaltools.gnu-tools-for-stm32.12.3.rel1.macos64_1.0.200.202406191456/tools/bin/../lib/gcc/arm-none-eabi/12.3.1/../../../../arm-none-eabi/lib/thumb/v7e-m+fp/hard/libc_nano.a(libc_a-mktime.o)
 .text.mktime   0x08112a88      0x360 /Applications/STM32CubeIDE.app/Contents/Eclipse/plugins/com.st.stm32cube.ide.mcu.externaltools.gnu-tools-for-stm32.12.3.rel1.macos64_1.0.200.202406191456/tools/bin/../lib/gcc/arm-none-eabi/12.3.1/../../../../arm-none-eabi/lib/thumb/v7e-m+fp/hard/libc_nano.a(libc_a-mktime.o)
                0x08112a88                mktime
 .text.__tzcalc_limits
                0x08112de8      0x154 /Applications/STM32CubeIDE.app/Contents/Eclipse/plugins/com.st.stm32cube.ide.mcu.externaltools.gnu-tools-for-stm32.12.3.rel1.macos64_1.0.200.202406191456/tools/bin/../lib/gcc/arm-none-eabi/12.3.1/../../../../arm-none-eabi/lib/thumb/v7e-m+fp/hard/libc_nano.a(libc_a-tzcalc_limits.o)
                0x08112de8                __tzcalc_limits
 .text.__tz_lock
                0x08112f3c        0xc /Applications/STM32CubeIDE.app/Contents/Eclipse/plugins/com.st.stm32cube.ide.mcu.externaltools.gnu-tools-for-stm32.12.3.rel1.macos64_1.0.200.202406191456/tools/bin/../lib/gcc/arm-none-eabi/12.3.1/../../../../arm-none-eabi/lib/thumb/v7e-m+fp/hard/libc_nano.a(libc_a-tzlock.o)
                0x08112f3c                __tz_lock
 .text.__tz_unlock
                0x08112f48        0xc /Applications/STM32CubeIDE.app/Contents/Eclipse/plugins/com.st.stm32cube.ide.mcu.externaltools.gnu-tools-for-stm32.12.3.rel1.macos64_1.0.200.202406191456/tools/bin/../lib/gcc/arm-none-eabi/12.3.1/../../../../arm-none-eabi/lib/thumb/v7e-m+fp/hard/libc_nano.a(libc_a-tzlock.o)
                0x08112f48                __tz_unlock
 .text._tzset_unlocked
                0x08112f54        0xc /Applications/STM32CubeIDE.app/Contents/Eclipse/plugins/com.st.stm32cube.ide.mcu.externaltools.gnu-tools-for-stm32.12.3.rel1.macos64_1.0.200.202406191456/tools/bin/../lib/gcc/arm-none-eabi/12.3.1/../../../../arm-none-eabi/lib/thumb/v7e-m+fp/hard/libc_nano.a(libc_a-tzset.o)
                0x08112f54                _tzset_unlocked
 .text._tzset_unlocked_r
                0x08112f60      0x444 /Applications/STM32CubeIDE.app/Contents/Eclipse/plugins/com.st.stm32cube.ide.mcu.externaltools.gnu-tools-for-stm32.12.3.rel1.macos64_1.0.200.202406191456/tools/bin/../lib/gcc/arm-none-eabi/12.3.1/../../../../arm-none-eabi/lib/thumb/v7e-m+fp/hard/libc_nano.a(libc_a-tzset_r.o)
                0x08112f60                _tzset_unlocked_r
 .text.__gettzinfo
                0x081133a4        0x8 /Applications/STM32CubeIDE.app/Contents/Eclipse/plugins/com.st.stm32cube.ide.mcu.externaltools.gnu-tools-for-stm32.12.3.rel1.macos64_1.0.200.202406191456/tools/bin/../lib/gcc/arm-none-eabi/12.3.1/../../../../arm-none-eabi/lib/thumb/v7e-m+fp/hard/libc_nano.a(libc_a-gettzinfo.o)
                0x081133a4                __gettzinfo
 .text.__errno  0x081133ac        0xc /Applications/STM32CubeIDE.app/Contents/Eclipse/plugins/com.st.stm32cube.ide.mcu.externaltools.gnu-tools-for-stm32.12.3.rel1.macos64_1.0.200.202406191456/tools/bin/../lib/gcc/arm-none-eabi/12.3.1/../../../../arm-none-eabi/lib/thumb/v7e-m+fp/hard/libc_nano.a(libc_a-errno.o)
                0x081133ac                __errno
 .text.__libc_init_array
                0x081133b8       0x48 /Applications/STM32CubeIDE.app/Contents/Eclipse/plugins/com.st.stm32cube.ide.mcu.externaltools.gnu-tools-for-stm32.12.3.rel1.macos64_1.0.200.202406191456/tools/bin/../lib/gcc/arm-none-eabi/12.3.1/../../../../arm-none-eabi/lib/thumb/v7e-m+fp/hard/libc_nano.a(libc_a-init.o)
                0x081133b8                __libc_init_array
 .text.__retarget_lock_acquire
                0x08113400        0x2 /Applications/STM32CubeIDE.app/Contents/Eclipse/plugins/com.st.stm32cube.ide.mcu.externaltools.gnu-tools-for-stm32.12.3.rel1.macos64_1.0.200.202406191456/tools/bin/../lib/gcc/arm-none-eabi/12.3.1/../../../../arm-none-eabi/lib/thumb/v7e-m+fp/hard/libc_nano.a(libc_a-lock.o)
                0x08113400                __retarget_lock_acquire
 .text.__retarget_lock_acquire_recursive
                0x08113402        0x2 /Applications/STM32CubeIDE.app/Contents/Eclipse/plugins/com.st.stm32cube.ide.mcu.externaltools.gnu-tools-for-stm32.12.3.rel1.macos64_1.0.200.202406191456/tools/bin/../lib/gcc/arm-none-eabi/12.3.1/../../../../arm-none-eabi/lib/thumb/v7e-m+fp/hard/libc_nano.a(libc_a-lock.o)
                0x08113402                __retarget_lock_acquire_recursive
 .text.__retarget_lock_release
                0x08113404        0x2 /Applications/STM32CubeIDE.app/Contents/Eclipse/plugins/com.st.stm32cube.ide.mcu.externaltools.gnu-tools-for-stm32.12.3.rel1.macos64_1.0.200.202406191456/tools/bin/../lib/gcc/arm-none-eabi/12.3.1/../../../../arm-none-eabi/lib/thumb/v7e-m+fp/hard/libc_nano.a(libc_a-lock.o)
                0x08113404                __retarget_lock_release
 .text.__retarget_lock_release_recursive
                0x08113406        0x2 /Applications/STM32CubeIDE.app/Contents/Eclipse/plugins/com.st.stm32cube.ide.mcu.externaltools.gnu-tools-for-stm32.12.3.rel1.macos64_1.0.200.202406191456/tools/bin/../lib/gcc/arm-none-eabi/12.3.1/../../../../arm-none-eabi/lib/thumb/v7e-m+fp/hard/libc_nano.a(libc_a-lock.o)
                0x08113406                __retarget_lock_release_recursive
 .text.memcpy   0x08113408       0x1c /Applications/STM32CubeIDE.app/Contents/Eclipse/plugins/com.st.stm32cube.ide.mcu.externaltools.gnu-tools-for-stm32.12.3.rel1.macos64_1.0.200.202406191456/tools/bin/../lib/gcc/arm-none-eabi/12.3.1/../../../../arm-none-eabi/lib/thumb/v7e-m+fp/hard/libc_nano.a(libc_a-memcpy-stub.o)
                0x08113408                memcpy
 .text.strcpy   0x08113424       0x10 /Applications/STM32CubeIDE.app/Contents/Eclipse/plugins/com.st.stm32cube.ide.mcu.externaltools.gnu-tools-for-stm32.12.3.rel1.macos64_1.0.200.202406191456/tools/bin/../lib/gcc/arm-none-eabi/12.3.1/../../../../arm-none-eabi/lib/thumb/v7e-m+fp/hard/libc_nano.a(libc_a-strcpy.o)
                0x08113424                strcpy
 .text.div      0x08113434       0x10 /Applications/STM32CubeIDE.app/Contents/Eclipse/plugins/com.st.stm32cube.ide.mcu.externaltools.gnu-tools-for-stm32.12.3.rel1.macos64_1.0.200.202406191456/tools/bin/../lib/gcc/arm-none-eabi/12.3.1/../../../../arm-none-eabi/lib/thumb/v7e-m+fp/hard/libc_nano.a(libc_a-div.o)
                0x08113434                div
 .text._findenv_r
                0x08113444       0x78 /Applications/STM32CubeIDE.app/Contents/Eclipse/plugins/com.st.stm32cube.ide.mcu.externaltools.gnu-tools-for-stm32.12.3.rel1.macos64_1.0.200.202406191456/tools/bin/../lib/gcc/arm-none-eabi/12.3.1/../../../../arm-none-eabi/lib/thumb/v7e-m+fp/hard/libc_nano.a(libc_a-getenv_r.o)
                0x08113444                _findenv_r
 .text._getenv_r
                0x081134bc        0xe /Applications/STM32CubeIDE.app/Contents/Eclipse/plugins/com.st.stm32cube.ide.mcu.externaltools.gnu-tools-for-stm32.12.3.rel1.macos64_1.0.200.202406191456/tools/bin/../lib/gcc/arm-none-eabi/12.3.1/../../../../arm-none-eabi/lib/thumb/v7e-m+fp/hard/libc_nano.a(libc_a-getenv_r.o)
                0x081134bc                _getenv_r
 .text.__ssputs_r
                0x081134ca       0xb6 /Applications/STM32CubeIDE.app/Contents/Eclipse/plugins/com.st.stm32cube.ide.mcu.externaltools.gnu-tools-for-stm32.12.3.rel1.macos64_1.0.200.202406191456/tools/bin/../lib/gcc/arm-none-eabi/12.3.1/../../../../arm-none-eabi/lib/thumb/v7e-m+fp/hard/libc_nano.a(libc_a-nano-svfprintf.o)
                0x081134ca                __ssputs_r
 .text._svfprintf_r
                0x08113580      0x1f8 /Applications/STM32CubeIDE.app/Contents/Eclipse/plugins/com.st.stm32cube.ide.mcu.externaltools.gnu-tools-for-stm32.12.3.rel1.macos64_1.0.200.202406191456/tools/bin/../lib/gcc/arm-none-eabi/12.3.1/../../../../arm-none-eabi/lib/thumb/v7e-m+fp/hard/libc_nano.a(libc_a-nano-svfprintf.o)
                0x08113580                _svfprintf_r
                0x08113580                _svfiprintf_r
 .text.free     0x08113778       0x10 /Applications/STM32CubeIDE.app/Contents/Eclipse/plugins/com.st.stm32cube.ide.mcu.externaltools.gnu-tools-for-stm32.12.3.rel1.macos64_1.0.200.202406191456/tools/bin/../lib/gcc/arm-none-eabi/12.3.1/../../../../arm-none-eabi/lib/thumb/v7e-m+fp/hard/libc_nano.a(libc_a-malloc.o)
                0x08113778                free
 .text.sbrk_aligned
                0x08113788       0x44 /Applications/STM32CubeIDE.app/Contents/Eclipse/plugins/com.st.stm32cube.ide.mcu.externaltools.gnu-tools-for-stm32.12.3.rel1.macos64_1.0.200.202406191456/tools/bin/../lib/gcc/arm-none-eabi/12.3.1/../../../../arm-none-eabi/lib/thumb/v7e-m+fp/hard/libc_nano.a(libc_a-mallocr.o)
 .text._malloc_r
                0x081137cc      0x100 /Applications/STM32CubeIDE.app/Contents/Eclipse/plugins/com.st.stm32cube.ide.mcu.externaltools.gnu-tools-for-stm32.12.3.rel1.macos64_1.0.200.202406191456/tools/bin/../lib/gcc/arm-none-eabi/12.3.1/../../../../arm-none-eabi/lib/thumb/v7e-m+fp/hard/libc_nano.a(libc_a-mallocr.o)
                0x081137cc                _malloc_r
 .text._printf_common
                0x081138cc       0xda /Applications/STM32CubeIDE.app/Contents/Eclipse/plugins/com.st.stm32cube.ide.mcu.externaltools.gnu-tools-for-stm32.12.3.rel1.macos64_1.0.200.202406191456/tools/bin/../lib/gcc/arm-none-eabi/12.3.1/../../../../arm-none-eabi/lib/thumb/v7e-m+fp/hard/libc_nano.a(libc_a-nano-vfprintf_i.o)
                0x081138cc                _printf_common
 *fill*         0x081139a6        0x2 
 .text._printf_i
                0x081139a8      0x240 /Applications/STM32CubeIDE.app/Contents/Eclipse/plugins/com.st.stm32cube.ide.mcu.externaltools.gnu-tools-for-stm32.12.3.rel1.macos64_1.0.200.202406191456/tools/bin/../lib/gcc/arm-none-eabi/12.3.1/../../../../arm-none-eabi/lib/thumb/v7e-m+fp/hard/libc_nano.a(libc_a-nano-vfprintf_i.o)
                0x081139a8                _printf_i
 .text.__malloc_lock
                0x08113be8        0xc /Applications/STM32CubeIDE.app/Contents/Eclipse/plugins/com.st.stm32cube.ide.mcu.externaltools.gnu-tools-for-stm32.12.3.rel1.macos64_1.0.200.202406191456/tools/bin/../lib/gcc/arm-none-eabi/12.3.1/../../../../arm-none-eabi/lib/thumb/v7e-m+fp/hard/libc_nano.a(libc_a-mlock.o)
                0x08113be8                __malloc_lock
 .text.__malloc_unlock
                0x08113bf4        0xc /Applications/STM32CubeIDE.app/Contents/Eclipse/plugins/com.st.stm32cube.ide.mcu.externaltools.gnu-tools-for-stm32.12.3.rel1.macos64_1.0.200.202406191456/tools/bin/../lib/gcc/arm-none-eabi/12.3.1/../../../../arm-none-eabi/lib/thumb/v7e-m+fp/hard/libc_nano.a(libc_a-mlock.o)
                0x08113bf4                __malloc_unlock
 .text.sscanf   0x08113c00       0x54 /Applications/STM32CubeIDE.app/Contents/Eclipse/plugins/com.st.stm32cube.ide.mcu.externaltools.gnu-tools-for-stm32.12.3.rel1.macos64_1.0.200.202406191456/tools/bin/../lib/gcc/arm-none-eabi/12.3.1/../../../../arm-none-eabi/lib/thumb/v7e-m+fp/hard/libc_nano.a(libc_a-sscanf.o)
                0x08113c00                sscanf
                0x08113c00                siscanf
 .text.__seofread
                0x08113c54        0x4 /Applications/STM32CubeIDE.app/Contents/Eclipse/plugins/com.st.stm32cube.ide.mcu.externaltools.gnu-tools-for-stm32.12.3.rel1.macos64_1.0.200.202406191456/tools/bin/../lib/gcc/arm-none-eabi/12.3.1/../../../../arm-none-eabi/lib/thumb/v7e-m+fp/hard/libc_nano.a(libc_a-stdio.o)
                0x08113c54                __seofread
 .text._realloc_r
                0x08113c58       0x5c /Applications/STM32CubeIDE.app/Contents/Eclipse/plugins/com.st.stm32cube.ide.mcu.externaltools.gnu-tools-for-stm32.12.3.rel1.macos64_1.0.200.202406191456/tools/bin/../lib/gcc/arm-none-eabi/12.3.1/../../../../arm-none-eabi/lib/thumb/v7e-m+fp/hard/libc_nano.a(libc_a-reallocr.o)
                0x08113c58                _realloc_r
 .text._strtoul_l.constprop.0
                0x08113cb4       0xdc /Applications/STM32CubeIDE.app/Contents/Eclipse/plugins/com.st.stm32cube.ide.mcu.externaltools.gnu-tools-for-stm32.12.3.rel1.macos64_1.0.200.202406191456/tools/bin/../lib/gcc/arm-none-eabi/12.3.1/../../../../arm-none-eabi/lib/thumb/v7e-m+fp/hard/libc_nano.a(libc_a-strtoul.o)
 .text._strtoul_r
                0x08113d90        0x4 /Applications/STM32CubeIDE.app/Contents/Eclipse/plugins/com.st.stm32cube.ide.mcu.externaltools.gnu-tools-for-stm32.12.3.rel1.macos64_1.0.200.202406191456/tools/bin/../lib/gcc/arm-none-eabi/12.3.1/../../../../arm-none-eabi/lib/thumb/v7e-m+fp/hard/libc_nano.a(libc_a-strtoul.o)
                0x08113d90                _strtoul_r
 .text.strtoul  0x08113d94       0x14 /Applications/STM32CubeIDE.app/Contents/Eclipse/plugins/com.st.stm32cube.ide.mcu.externaltools.gnu-tools-for-stm32.12.3.rel1.macos64_1.0.200.202406191456/tools/bin/../lib/gcc/arm-none-eabi/12.3.1/../../../../arm-none-eabi/lib/thumb/v7e-m+fp/hard/libc_nano.a(libc_a-strtoul.o)
                0x08113d94                strtoul
 .text.strncmp  0x08113da8       0x24 /Applications/STM32CubeIDE.app/Contents/Eclipse/plugins/com.st.stm32cube.ide.mcu.externaltools.gnu-tools-for-stm32.12.3.rel1.macos64_1.0.200.202406191456/tools/bin/../lib/gcc/arm-none-eabi/12.3.1/../../../../arm-none-eabi/lib/thumb/v7e-m+fp/hard/libc_nano.a(libc_a-strncmp.o)
                0x08113da8                strncmp
 .text.memmove  0x08113dcc       0x34 /Applications/STM32CubeIDE.app/Contents/Eclipse/plugins/com.st.stm32cube.ide.mcu.externaltools.gnu-tools-for-stm32.12.3.rel1.macos64_1.0.200.202406191456/tools/bin/../lib/gcc/arm-none-eabi/12.3.1/../../../../arm-none-eabi/lib/thumb/v7e-m+fp/hard/libc_nano.a(libc_a-memmove.o)
                0x08113dcc                memmove
 .text._sbrk_r  0x08113e00       0x20 /Applications/STM32CubeIDE.app/Contents/Eclipse/plugins/com.st.stm32cube.ide.mcu.externaltools.gnu-tools-for-stm32.12.3.rel1.macos64_1.0.200.202406191456/tools/bin/../lib/gcc/arm-none-eabi/12.3.1/../../../../arm-none-eabi/lib/thumb/v7e-m+fp/hard/libc_nano.a(libc_a-sbrkr.o)
                0x08113e00                _sbrk_r
 .text.__env_lock
                0x08113e20        0xc /Applications/STM32CubeIDE.app/Contents/Eclipse/plugins/com.st.stm32cube.ide.mcu.externaltools.gnu-tools-for-stm32.12.3.rel1.macos64_1.0.200.202406191456/tools/bin/../lib/gcc/arm-none-eabi/12.3.1/../../../../arm-none-eabi/lib/thumb/v7e-m+fp/hard/libc_nano.a(libc_a-envlock.o)
                0x08113e20                __env_lock
 .text.__env_unlock
                0x08113e2c        0xc /Applications/STM32CubeIDE.app/Contents/Eclipse/plugins/com.st.stm32cube.ide.mcu.externaltools.gnu-tools-for-stm32.12.3.rel1.macos64_1.0.200.202406191456/tools/bin/../lib/gcc/arm-none-eabi/12.3.1/../../../../arm-none-eabi/lib/thumb/v7e-m+fp/hard/libc_nano.a(libc_a-envlock.o)
                0x08113e2c                __env_unlock
 .text._free_r  0x08113e38       0x94 /Applications/STM32CubeIDE.app/Contents/Eclipse/plugins/com.st.stm32cube.ide.mcu.externaltools.gnu-tools-for-stm32.12.3.rel1.macos64_1.0.200.202406191456/tools/bin/../lib/gcc/arm-none-eabi/12.3.1/../../../../arm-none-eabi/lib/thumb/v7e-m+fp/hard/libc_nano.a(libc_a-freer.o)
                0x08113e38                _free_r
 .text._sungetc_r
                0x08113ecc       0x76 /Applications/STM32CubeIDE.app/Contents/Eclipse/plugins/com.st.stm32cube.ide.mcu.externaltools.gnu-tools-for-stm32.12.3.rel1.macos64_1.0.200.202406191456/tools/bin/../lib/gcc/arm-none-eabi/12.3.1/../../../../arm-none-eabi/lib/thumb/v7e-m+fp/hard/libc_nano.a(libc_a-nano-svfscanf.o)
                0x08113ecc                _sungetc_r
 .text.__ssrefill_r
                0x08113f42       0x3a /Applications/STM32CubeIDE.app/Contents/Eclipse/plugins/com.st.stm32cube.ide.mcu.externaltools.gnu-tools-for-stm32.12.3.rel1.macos64_1.0.200.202406191456/tools/bin/../lib/gcc/arm-none-eabi/12.3.1/../../../../arm-none-eabi/lib/thumb/v7e-m+fp/hard/libc_nano.a(libc_a-nano-svfscanf.o)
                0x08113f42                __ssrefill_r
 .text.__ssvfscanf_r
                0x08113f7c      0x2e8 /Applications/STM32CubeIDE.app/Contents/Eclipse/plugins/com.st.stm32cube.ide.mcu.externaltools.gnu-tools-for-stm32.12.3.rel1.macos64_1.0.200.202406191456/tools/bin/../lib/gcc/arm-none-eabi/12.3.1/../../../../arm-none-eabi/lib/thumb/v7e-m+fp/hard/libc_nano.a(libc_a-nano-svfscanf.o)
                0x08113f7c                __ssvfscanf_r
                0x08113f7c                __ssvfiscanf_r
 .text._scanf_chars
                0x08114264       0xb4 /Applications/STM32CubeIDE.app/Contents/Eclipse/plugins/com.st.stm32cube.ide.mcu.externaltools.gnu-tools-for-stm32.12.3.rel1.macos64_1.0.200.202406191456/tools/bin/../lib/gcc/arm-none-eabi/12.3.1/../../../../arm-none-eabi/lib/thumb/v7e-m+fp/hard/libc_nano.a(libc_a-nano-vfscanf_i.o)
                0x08114264                _scanf_chars
 .text._scanf_i
                0x08114318      0x1e8 /Applications/STM32CubeIDE.app/Contents/Eclipse/plugins/com.st.stm32cube.ide.mcu.externaltools.gnu-tools-for-stm32.12.3.rel1.macos64_1.0.200.202406191456/tools/bin/../lib/gcc/arm-none-eabi/12.3.1/../../../../arm-none-eabi/lib/thumb/v7e-m+fp/hard/libc_nano.a(libc_a-nano-vfscanf_i.o)
                0x08114318                _scanf_i
 .text.__sccl   0x08114500       0x72 /Applications/STM32CubeIDE.app/Contents/Eclipse/plugins/com.st.stm32cube.ide.mcu.externaltools.gnu-tools-for-stm32.12.3.rel1.macos64_1.0.200.202406191456/tools/bin/../lib/gcc/arm-none-eabi/12.3.1/../../../../arm-none-eabi/lib/thumb/v7e-m+fp/hard/libc_nano.a(libc_a-sccl.o)
                0x08114500                __sccl
 .text._malloc_usable_size_r
                0x08114572       0x10 /Applications/STM32CubeIDE.app/Contents/Eclipse/plugins/com.st.stm32cube.ide.mcu.externaltools.gnu-tools-for-stm32.12.3.rel1.macos64_1.0.200.202406191456/tools/bin/../lib/gcc/arm-none-eabi/12.3.1/../../../../arm-none-eabi/lib/thumb/v7e-m+fp/hard/libc_nano.a(libc_a-msizer.o)
                0x08114572                _malloc_usable_size_r
 .text.__submore
                0x08114582       0x74 /Applications/STM32CubeIDE.app/Contents/Eclipse/plugins/com.st.stm32cube.ide.mcu.externaltools.gnu-tools-for-stm32.12.3.rel1.macos64_1.0.200.202406191456/tools/bin/../lib/gcc/arm-none-eabi/12.3.1/../../../../arm-none-eabi/lib/thumb/v7e-m+fp/hard/libc_nano.a(libc_a-ungetc.o)
                0x08114582                __submore
 *fill*         0x081145f6        0x2 
 .text._strtol_l.constprop.0
                0x081145f8       0xf4 /Applications/STM32CubeIDE.app/Contents/Eclipse/plugins/com.st.stm32cube.ide.mcu.externaltools.gnu-tools-for-stm32.12.3.rel1.macos64_1.0.200.202406191456/tools/bin/../lib/gcc/arm-none-eabi/12.3.1/../../../../arm-none-eabi/lib/thumb/v7e-m+fp/hard/libc_nano.a(libc_a-strtol.o)
 .text._strtol_r
                0x081146ec        0x4 /Applications/STM32CubeIDE.app/Contents/Eclipse/plugins/com.st.stm32cube.ide.mcu.externaltools.gnu-tools-for-stm32.12.3.rel1.macos64_1.0.200.202406191456/tools/bin/../lib/gcc/arm-none-eabi/12.3.1/../../../../arm-none-eabi/lib/thumb/v7e-m+fp/hard/libc_nano.a(libc_a-strtol.o)
                0x081146ec                _strtol_r
 *(.glue_7)
 .glue_7        0x081146f0        0x0 linker stubs
 *(.glue_7t)
 .glue_7t       0x081146f0        0x0 linker stubs
 *(.eh_frame)
 .eh_frame      0x081146f0        0x0 /Applications/STM32CubeIDE.app/Contents/Eclipse/plugins/com.st.stm32cube.ide.mcu.externaltools.gnu-tools-for-stm32.12.3.rel1.macos64_1.0.200.202406191456/tools/bin/../lib/gcc/arm-none-eabi/12.3.1/thumb/v7e-m+fp/hard/crtbegin.o
 *(.init)
 .init          0x081146f0        0x4 /Applications/STM32CubeIDE.app/Contents/Eclipse/plugins/com.st.stm32cube.ide.mcu.externaltools.gnu-tools-for-stm32.12.3.rel1.macos64_1.0.200.202406191456/tools/bin/../lib/gcc/arm-none-eabi/12.3.1/thumb/v7e-m+fp/hard/crti.o
                0x081146f0                _init
 .init          0x081146f4        0x8 /Applications/STM32CubeIDE.app/Contents/Eclipse/plugins/com.st.stm32cube.ide.mcu.externaltools.gnu-tools-for-stm32.12.3.rel1.macos64_1.0.200.202406191456/tools/bin/../lib/gcc/arm-none-eabi/12.3.1/thumb/v7e-m+fp/hard/crtn.o
 *(.fini)
 .fini          0x081146fc        0x4 /Applications/STM32CubeIDE.app/Contents/Eclipse/plugins/com.st.stm32cube.ide.mcu.externaltools.gnu-tools-for-stm32.12.3.rel1.macos64_1.0.200.202406191456/tools/bin/../lib/gcc/arm-none-eabi/12.3.1/thumb/v7e-m+fp/hard/crti.o
                0x081146fc                _fini
 .fini          0x08114700        0x8 /Applications/STM32CubeIDE.app/Contents/Eclipse/plugins/com.st.stm32cube.ide.mcu.externaltools.gnu-tools-for-stm32.12.3.rel1.macos64_1.0.200.202406191456/tools/bin/../lib/gcc/arm-none-eabi/12.3.1/thumb/v7e-m+fp/hard/crtn.o
                0x08114708                        . = ALIGN (0x4)
                0x08114708                        _etext = .

.vfp11_veneer   0x08114708        0x0
 .vfp11_veneer  0x08114708        0x0 linker stubs

.v4_bx          0x08114708        0x0
 .v4_bx         0x08114708        0x0 linker stubs

.iplt           0x08114708        0x0
 .iplt          0x08114708        0x0 /Applications/STM32CubeIDE.app/Contents/Eclipse/plugins/com.st.stm32cube.ide.mcu.externaltools.gnu-tools-for-stm32.12.3.rel1.macos64_1.0.200.202406191456/tools/bin/../lib/gcc/arm-none-eabi/12.3.1/thumb/v7e-m+fp/hard/crtbegin.o

.rodata         0x08114708      0xc44
                0x08114708                        . = ALIGN (0x4)
 *(.rodata)
 .rodata        0x08114708       0xa4 ./Core/Src/gnss.o
 .rodata        0x081147ac       0x10 ./Core/Src/sdcard.o
 .rodata        0x081147bc       0x75 ./Drivers/STM32H7xx_HAL_Driver/stm32h7xx_hal_cortex.o
 *fill*         0x08114831        0x3 
 .rodata        0x08114834       0x73 ./Drivers/STM32H7xx_HAL_Driver/stm32h7xx_hal_gpio.o
 *fill*         0x081148a7        0x1 
 .rodata        0x081148a8       0x73 ./Drivers/STM32H7xx_HAL_Driver/stm32h7xx_hal_hsem.o
 *fill*         0x0811491b        0x1 
 .rodata        0x0811491c       0x75 ./Drivers/STM32H7xx_HAL_Driver/stm32h7xx_hal_pwr_ex.o
 *fill*         0x08114991        0x3 
 .rodata        0x08114994       0x75 ./Drivers/STM32H7xx_HAL_Driver/stm32h7xx_hal_rcc_ex.o
 *fill*         0x08114a09        0x3 
 .rodata        0x08114a0c       0x71 ./Drivers/STM32H7xx_HAL_Driver/stm32h7xx_hal_sd.o
 *fill*         0x08114a7d        0x3 
 .rodata        0x08114a80       0x73 ./Drivers/STM32H7xx_HAL_Driver/stm32h7xx_hal_uart.o
 *fill*         0x08114af3        0x1 
 .rodata        0x08114af4       0x76 ./Drivers/STM32H7xx_HAL_Driver/stm32h7xx_hal_uart_ex.o
 *fill*         0x08114b6a        0x2 
 .rodata        0x08114b6c       0x73 ./Drivers/STM32H7xx_HAL_Driver/stm32h7xx_ll_sdmmc.o
 *fill*         0x08114bdf        0x1 
 .rodata        0x08114be0       0x54 ./Middlewares/Third_Party/FatFs/ff.o
 .rodata        0x08114c34        0xc /Applications/STM32CubeIDE.app/Contents/Eclipse/plugins/com.st.stm32cube.ide.mcu.externaltools.gnu-tools-for-stm32.12.3.rel1.macos64_1.0.200.202406191456/tools/bin/../lib/gcc/arm-none-eabi/12.3.1/../../../../arm-none-eabi/lib/thumb/v7e-m+fp/hard/libc_nano.a(libc_a-nano-vfscanf_i.o)
 *(.rodata*)
 .rodata.D1CorePrescTable
                0x08114c40       0x10 ./Common/Src/system_stm32h7xx_dualcore_boot_cm4_cm7.o
                0x08114c40                D1CorePrescTable
 .rodata.UARTPrescTable
                0x08114c50       0x18 ./Drivers/STM32H7xx_HAL_Driver/stm32h7xx_hal_uart.o
                0x08114c50                UARTPrescTable
 .rodata.numerator.1
                0x08114c68        0x8 ./Drivers/STM32H7xx_HAL_Driver/stm32h7xx_hal_uart_ex.o
 .rodata.denominator.0
                0x08114c70        0x8 ./Drivers/STM32H7xx_HAL_Driver/stm32h7xx_hal_uart_ex.o
 .rodata.SD_Driver
                0x08114c78       0x14 ./FATFS/Target/sd_diskio.o
                0x08114c78                SD_Driver
 .rodata.Tbl    0x08114c8c      0x100 ./Middlewares/Third_Party/FatFs/ccsbcs.o
 .rodata.cvt1.1
                0x08114d8c      0x1f2 ./Middlewares/Third_Party/FatFs/ccsbcs.o
 *fill*         0x08114f7e        0x2 
 .rodata.cvt2.0
                0x08114f80       0xbc ./Middlewares/Third_Party/FatFs/ccsbcs.o
 .rodata.ExCvt  0x0811503c       0x80 ./Middlewares/Third_Party/FatFs/ff.o
 .rodata.LfnOfs
                0x081150bc        0xd ./Middlewares/Third_Party/FatFs/ff.o
 *fill*         0x081150c9        0x3 
 .rodata.cst32.1
                0x081150cc        0xe ./Middlewares/Third_Party/FatFs/ff.o
 *fill*         0x081150da        0x2 
 .rodata.cst.0  0x081150dc        0xe ./Middlewares/Third_Party/FatFs/ff.o
 *fill*         0x081150ea        0x2 
 .rodata._DAYS_BEFORE_MONTH
                0x081150ec       0x30 /Applications/STM32CubeIDE.app/Contents/Eclipse/plugins/com.st.stm32cube.ide.mcu.externaltools.gnu-tools-for-stm32.12.3.rel1.macos64_1.0.200.202406191456/tools/bin/../lib/gcc/arm-none-eabi/12.3.1/../../../../arm-none-eabi/lib/thumb/v7e-m+fp/hard/libc_nano.a(libc_a-mktime.o)
 .rodata.DAYS_IN_MONTH
                0x0811511c       0x30 /Applications/STM32CubeIDE.app/Contents/Eclipse/plugins/com.st.stm32cube.ide.mcu.externaltools.gnu-tools-for-stm32.12.3.rel1.macos64_1.0.200.202406191456/tools/bin/../lib/gcc/arm-none-eabi/12.3.1/../../../../arm-none-eabi/lib/thumb/v7e-m+fp/hard/libc_nano.a(libc_a-mktime.o)
 .rodata._tzset_unlocked_r.str1.1
                0x0811514c       0x4e /Applications/STM32CubeIDE.app/Contents/Eclipse/plugins/com.st.stm32cube.ide.mcu.externaltools.gnu-tools-for-stm32.12.3.rel1.macos64_1.0.200.202406191456/tools/bin/../lib/gcc/arm-none-eabi/12.3.1/../../../../arm-none-eabi/lib/thumb/v7e-m+fp/hard/libc_nano.a(libc_a-tzset_r.o)
                                 0x61 (size before relaxing)
 .rodata.str1.1
                0x0811519a        0x4 /Applications/STM32CubeIDE.app/Contents/Eclipse/plugins/com.st.stm32cube.ide.mcu.externaltools.gnu-tools-for-stm32.12.3.rel1.macos64_1.0.200.202406191456/tools/bin/../lib/gcc/arm-none-eabi/12.3.1/../../../../arm-none-eabi/lib/thumb/v7e-m+fp/hard/libc_nano.a(libc_a-tzvars.o)
 .rodata._svfprintf_r.str1.1
                0x0811519a       0x11 /Applications/STM32CubeIDE.app/Contents/Eclipse/plugins/com.st.stm32cube.ide.mcu.externaltools.gnu-tools-for-stm32.12.3.rel1.macos64_1.0.200.202406191456/tools/bin/../lib/gcc/arm-none-eabi/12.3.1/../../../../arm-none-eabi/lib/thumb/v7e-m+fp/hard/libc_nano.a(libc_a-nano-svfprintf.o)
 .rodata._printf_i.str1.1
                0x081151ab       0x22 /Applications/STM32CubeIDE.app/Contents/Eclipse/plugins/com.st.stm32cube.ide.mcu.externaltools.gnu-tools-for-stm32.12.3.rel1.macos64_1.0.200.202406191456/tools/bin/../lib/gcc/arm-none-eabi/12.3.1/../../../../arm-none-eabi/lib/thumb/v7e-m+fp/hard/libc_nano.a(libc_a-nano-vfprintf_i.o)
 *fill*         0x081151cd        0x3 
 .rodata.__month_lengths
                0x081151d0       0x60 /Applications/STM32CubeIDE.app/Contents/Eclipse/plugins/com.st.stm32cube.ide.mcu.externaltools.gnu-tools-for-stm32.12.3.rel1.macos64_1.0.200.202406191456/tools/bin/../lib/gcc/arm-none-eabi/12.3.1/../../../../arm-none-eabi/lib/thumb/v7e-m+fp/hard/libc_nano.a(libc_a-month_lengths.o)
                0x081151d0                __month_lengths
 .rodata._ctype_
                0x08115230      0x101 /Applications/STM32CubeIDE.app/Contents/Eclipse/plugins/com.st.stm32cube.ide.mcu.externaltools.gnu-tools-for-stm32.12.3.rel1.macos64_1.0.200.202406191456/tools/bin/../lib/gcc/arm-none-eabi/12.3.1/../../../../arm-none-eabi/lib/thumb/v7e-m+fp/hard/libc_nano.a(libc_a-ctype_.o)
                0x08115230                _ctype_
 .rodata.__ssvfscanf_r.str1.1
                0x08115331        0x4 /Applications/STM32CubeIDE.app/Contents/Eclipse/plugins/com.st.stm32cube.ide.mcu.externaltools.gnu-tools-for-stm32.12.3.rel1.macos64_1.0.200.202406191456/tools/bin/../lib/gcc/arm-none-eabi/12.3.1/../../../../arm-none-eabi/lib/thumb/v7e-m+fp/hard/libc_nano.a(libc_a-nano-svfscanf.o)
 .rodata._scanf_i.str1.1
                0x08115331       0x12 /Applications/STM32CubeIDE.app/Contents/Eclipse/plugins/com.st.stm32cube.ide.mcu.externaltools.gnu-tools-for-stm32.12.3.rel1.macos64_1.0.200.202406191456/tools/bin/../lib/gcc/arm-none-eabi/12.3.1/../../../../arm-none-eabi/lib/thumb/v7e-m+fp/hard/libc_nano.a(libc_a-nano-vfscanf_i.o)
 .rodata.str1.1
                0x08115343        0x9 /Applications/STM32CubeIDE.app/Contents/Eclipse/plugins/com.st.stm32cube.ide.mcu.externaltools.gnu-tools-for-stm32.12.3.rel1.macos64_1.0.200.202406191456/tools/bin/../lib/gcc/arm-none-eabi/12.3.1/../../../../arm-none-eabi/lib/thumb/v7e-m+fp/hard/libc_nano.a(libc_a-nano-vfscanf_i.o)
                0x0811534c                        . = ALIGN (0x4)

.ARM.extab
 *(.ARM.extab* .gnu.linkonce.armextab.*)

.ARM            0x0811534c        0x8
                0x0811534c                        __exidx_start = .
 *(.ARM.exidx*)
 .ARM.exidx     0x0811534c        0x8 /Applications/STM32CubeIDE.app/Contents/Eclipse/plugins/com.st.stm32cube.ide.mcu.externaltools.gnu-tools-for-stm32.12.3.rel1.macos64_1.0.200.202406191456/tools/bin/../lib/gcc/arm-none-eabi/12.3.1/../../../../arm-none-eabi/lib/thumb/v7e-m+fp/hard/libc_nano.a(libc_a-strlen.o)
 .ARM.exidx     0x08115354        0x0 /Applications/STM32CubeIDE.app/Contents/Eclipse/plugins/com.st.stm32cube.ide.mcu.externaltools.gnu-tools-for-stm32.12.3.rel1.macos64_1.0.200.202406191456/tools/bin/../lib/gcc/arm-none-eabi/12.3.1/../../../../arm-none-eabi/lib/thumb/v7e-m+fp/hard/libc_nano.a(libc_a-strcmp.o)
                                  0x8 (size before relaxing)
 .ARM.exidx     0x08115354        0x0 /Applications/STM32CubeIDE.app/Contents/Eclipse/plugins/com.st.stm32cube.ide.mcu.externaltools.gnu-tools-for-stm32.12.3.rel1.macos64_1.0.200.202406191456/tools/bin/../lib/gcc/arm-none-eabi/12.3.1/../../../../arm-none-eabi/lib/thumb/v7e-m+fp/hard/libc_nano.a(libc_a-memchr.o)
                                  0x8 (size before relaxing)
 .ARM.exidx     0x08115354        0x0 /Applications/STM32CubeIDE.app/Contents/Eclipse/plugins/com.st.stm32cube.ide.mcu.externaltools.gnu-tools-for-stm32.12.3.rel1.macos64_1.0.200.202406191456/tools/bin/../lib/gcc/arm-none-eabi/12.3.1/thumb/v7e-m+fp/hard/libgcc.a(_udivmoddi4.o)
                                  0x8 (size before relaxing)
                0x08115354                        __exidx_end = .

.preinit_array  0x08115354        0x0
                0x08115354                        PROVIDE (__preinit_array_start = .)
 *(.preinit_array*)
                0x08115354                        PROVIDE (__preinit_array_end = .)

.init_array     0x08115354        0x4
                0x08115354                        PROVIDE (__init_array_start = .)
 *(SORT_BY_NAME(.init_array.*))
 *(.init_array*)
 .init_array    0x08115354        0x4 /Applications/STM32CubeIDE.app/Contents/Eclipse/plugins/com.st.stm32cube.ide.mcu.externaltools.gnu-tools-for-stm32.12.3.rel1.macos64_1.0.200.202406191456/tools/bin/../lib/gcc/arm-none-eabi/12.3.1/thumb/v7e-m+fp/hard/crtbegin.o
                0x08115358                        PROVIDE (__init_array_end = .)

.fini_array     0x08115358        0x4
                [!provide]                        PROVIDE (__fini_array_start = .)
 *(SORT_BY_NAME(.fini_array.*))
 *(.fini_array*)
 .fini_array    0x08115358        0x4 /Applications/STM32CubeIDE.app/Contents/Eclipse/plugins/com.st.stm32cube.ide.mcu.externaltools.gnu-tools-for-stm32.12.3.rel1.macos64_1.0.200.202406191456/tools/bin/../lib/gcc/arm-none-eabi/12.3.1/thumb/v7e-m+fp/hard/crtbegin.o
                [!provide]                        PROVIDE (__fini_array_end = .)
                0x0811535c                        _sidata = LOADADDR (.data)

.rel.dyn        0x0811535c        0x0
 .rel.iplt      0x0811535c        0x0 /Applications/STM32CubeIDE.app/Contents/Eclipse/plugins/com.st.stm32cube.ide.mcu.externaltools.gnu-tools-for-stm32.12.3.rel1.macos64_1.0.200.202406191456/tools/bin/../lib/gcc/arm-none-eabi/12.3.1/thumb/v7e-m+fp/hard/crtbegin.o

.data           0x10040000       0xc8 load address 0x0811535c
                0x10040000                        . = ALIGN (0x4)
                0x10040000                        _sdata = .
 *(.data)
 *(.data*)
 .data.SystemCoreClock
                0x10040000        0x4 ./Common/Src/system_stm32h7xx_dualcore_boot_cm4_cm7.o
                0x10040000                SystemCoreClock
 .data.SystemD2Clock
                0x10040004        0x4 ./Common/Src/system_stm32h7xx_dualcore_boot_cm4_cm7.o
                0x10040004                SystemD2Clock
 .data.environ  0x10040008        0x4 ./Core/Src/syscalls.o
                0x10040008                environ
 .data.uwTickPrio
                0x1004000c        0x4 ./Drivers/STM32H7xx_HAL_Driver/stm32h7xx_hal.o
                0x1004000c                uwTickPrio
 .data.uwTickFreq
                0x10040010        0x1 ./Drivers/STM32H7xx_HAL_Driver/stm32h7xx_hal.o
                0x10040010                uwTickFreq
 .data.Stat     0x10040011        0x1 ./FATFS/Target/sd_diskio.o
 *fill*         0x10040012        0x2 
 .data._tzname  0x10040014        0x8 /Applications/STM32CubeIDE.app/Contents/Eclipse/plugins/com.st.stm32cube.ide.mcu.externaltools.gnu-tools-for-stm32.12.3.rel1.macos64_1.0.200.202406191456/tools/bin/../lib/gcc/arm-none-eabi/12.3.1/../../../../arm-none-eabi/lib/thumb/v7e-m+fp/hard/libc_nano.a(libc_a-tzvars.o)
                0x10040014                _tzname
 .data._impure_ptr
                0x1004001c        0x4 /Applications/STM32CubeIDE.app/Contents/Eclipse/plugins/com.st.stm32cube.ide.mcu.externaltools.gnu-tools-for-stm32.12.3.rel1.macos64_1.0.200.202406191456/tools/bin/../lib/gcc/arm-none-eabi/12.3.1/../../../../arm-none-eabi/lib/thumb/v7e-m+fp/hard/libc_nano.a(libc_a-impure.o)
                0x1004001c                _impure_ptr
 .data._impure_data
                0x10040020       0x4c /Applications/STM32CubeIDE.app/Contents/Eclipse/plugins/com.st.stm32cube.ide.mcu.externaltools.gnu-tools-for-stm32.12.3.rel1.macos64_1.0.200.202406191456/tools/bin/../lib/gcc/arm-none-eabi/12.3.1/../../../../arm-none-eabi/lib/thumb/v7e-m+fp/hard/libc_nano.a(libc_a-impure.o)
                0x10040020                _impure_data
 *fill*         0x1004006c        0x4 
 .data.tzinfo   0x10040070       0x58 /Applications/STM32CubeIDE.app/Contents/Eclipse/plugins/com.st.stm32cube.ide.mcu.externaltools.gnu-tools-for-stm32.12.3.rel1.macos64_1.0.200.202406191456/tools/bin/../lib/gcc/arm-none-eabi/12.3.1/../../../../arm-none-eabi/lib/thumb/v7e-m+fp/hard/libc_nano.a(libc_a-gettzinfo.o)
 *(.RamFunc)
 *(.RamFunc*)
                0x100400c8                        . = ALIGN (0x4)
                0x100400c8                        _edata = .

.igot.plt       0x100400c8        0x0 load address 0x08115424
 .igot.plt      0x100400c8        0x0 /Applications/STM32CubeIDE.app/Contents/Eclipse/plugins/com.st.stm32cube.ide.mcu.externaltools.gnu-tools-for-stm32.12.3.rel1.macos64_1.0.200.202406191456/tools/bin/../lib/gcc/arm-none-eabi/12.3.1/thumb/v7e-m+fp/hard/crtbegin.o
                0x100400c8                        . = ALIGN (0x4)

.bss            0x100400c8      0xd78 load address 0x08115424
                0x100400c8                        _sbss = .
                0x100400c8                        __bss_start__ = _sbss
 *(.bss)
 .bss           0x100400c8       0x1c /Applications/STM32CubeIDE.app/Contents/Eclipse/plugins/com.st.stm32cube.ide.mcu.externaltools.gnu-tools-for-stm32.12.3.rel1.macos64_1.0.200.202406191456/tools/bin/../lib/gcc/arm-none-eabi/12.3.1/thumb/v7e-m+fp/hard/crtbegin.o
 *(.bss*)
 *fill*         0x100400e4        0x4 
 .bss.self      0x100400e8       0x28 ./Core/Src/gnss.o
 .bss.rx_complete
                0x10040110        0x1 ./Core/Src/gnss.o
 .bss.ready_to_write
                0x10040111        0x1 ./Core/Src/main.o
                0x10040111                ready_to_write
 .bss.done      0x10040112        0x1 ./Core/Src/main.o
                0x10040112                done
 *fill*         0x10040113        0x5 
 .bss.file_array
                0x10040118      0x258 ./Core/Src/sdcard.o
                0x10040118                file_array
 .bss.writes_counter
                0x10040370        0x4 ./Core/Src/sdcard.o
                0x10040370                writes_counter
 .bss.file_array_index
                0x10040374        0x4 ./Core/Src/sdcard.o
                0x10040374                file_array_index
 .bss.buffer_select
                0x10040378        0x4 ./Core/Src/sdcard.o
                0x10040378                buffer_select
 .bss.error_line
                0x1004037c        0x4 ./Core/Src/sdcard.o
                0x1004037c                error_line
 .bss.error_result
                0x10040380        0x1 ./Core/Src/sdcard.o
                0x10040380                error_result
 *fill*         0x10040381        0x7 
 .bss.seek_point
                0x10040388        0x8 ./Core/Src/sdcard.o
                0x10040388                seek_point
 .bss.num_file_writes
                0x10040390        0x4 ./Core/Src/sdcard.o
                0x10040390                num_file_writes
 .bss.hsd2      0x10040394       0x7c ./Core/Src/sdmmc.o
                0x10040394                hsd2
 .bss.semaphore_irq_counter
                0x10040410        0x4 ./Core/Src/stm32h7xx_it.o
                0x10040410                semaphore_irq_counter
 .bss.__env     0x10040414        0x4 ./Core/Src/syscalls.o
                0x10040414                __env
 .bss.__sbrk_heap_end
                0x10040418        0x4 ./Core/Src/sysmem.o
 .bss.huart4    0x1004041c       0x94 ./Core/Src/usart.o
                0x1004041c                huart4
 .bss.huart6    0x100404b0       0x94 ./Core/Src/usart.o
                0x100404b0                huart6
 .bss.uwTick    0x10040544        0x4 ./Drivers/STM32H7xx_HAL_Driver/stm32h7xx_hal.o
                0x10040544                uwTick
 .bss.retSD     0x10040548        0x1 ./FATFS/App/fatfs.o
                0x10040548                retSD
 *fill*         0x10040549        0x3 
 .bss.SDPath    0x1004054c        0x4 ./FATFS/App/fatfs.o
                0x1004054c                SDPath
 .bss.SDFatFS   0x10040550      0x238 ./FATFS/App/fatfs.o
                0x10040550                SDFatFS
 .bss.WriteStatus
                0x10040788        0x4 ./FATFS/Target/sd_diskio.o
 .bss.ReadStatus
                0x1004078c        0x4 ./FATFS/Target/sd_diskio.o
 .bss.FatFs     0x10040790        0x4 ./Middlewares/Third_Party/FatFs/ff.o
 .bss.Fsid      0x10040794        0x2 ./Middlewares/Third_Party/FatFs/ff.o
 *fill*         0x10040796        0x2 
 .bss.Files     0x10040798       0xd0 ./Middlewares/Third_Party/FatFs/ff.o
 .bss.DirBuf    0x10040868      0x260 ./Middlewares/Third_Party/FatFs/ff.o
 .bss.LfnBuf    0x10040ac8      0x200 ./Middlewares/Third_Party/FatFs/ff.o
 .bss.disk      0x10040cc8        0xc ./Middlewares/Third_Party/FatFs/ff_gen_drv.o