Archive member included to satisfy reference by file (symbol)

/Applications/STM32CubeIDE.app/Contents/Eclipse/plugins/com.st.stm32cube.ide.mcu.externaltools.gnu-tools-for-stm32.12.3.rel1.macos64_1.0.200.202406191456/tools/bin/../lib/gcc/arm-none-eabi/12.3.1/../../../../arm-none-eabi/lib/thumb/v7e-m+fp/hard/libc_nano.a(libc_a-exit.o)
                              /Applications/STM32CubeIDE.app/Contents/Eclipse/plugins/com.st.stm32cube.ide.mcu.externaltools.gnu-tools-for-stm32.12.3.rel1.macos64_1.0.200.202406191456/tools/bin/../lib/gcc/arm-none-eabi/12.3.1/../../../../arm-none-eabi/lib/thumb/v7e-m+fp/hard/crt0.o (exit)
/Applications/STM32CubeIDE.app/Contents/Eclipse/plugins/com.st.stm32cube.ide.mcu.externaltools.gnu-tools-for-stm32.12.3.rel1.macos64_1.0.200.202406191456/tools/bin/../lib/gcc/arm-none-eabi/12.3.1/../../../../arm-none-eabi/lib/thumb/v7e-m+fp/hard/libc_nano.a(libc_a-snprintf.o)
                              ./Core/Src/sdcard.o (snprintf)
/Applications/STM32CubeIDE.app/Contents/Eclipse/plugins/com.st.stm32cube.ide.mcu.externaltools.gnu-tools-for-stm32.12.3.rel1.macos64_1.0.200.202406191456/tools/bin/../lib/gcc/arm-none-eabi/12.3.1/../../../../arm-none-eabi/lib/thumb/v7e-m+fp/hard/libc_nano.a(libc_a-rand.o)
                              ./Core/Src/gnss.o (rand)
/Applications/STM32CubeIDE.app/Contents/Eclipse/plugins/com.st.stm32cube.ide.mcu.externaltools.gnu-tools-for-stm32.12.3.rel1.macos64_1.0.200.202406191456/tools/bin/../lib/gcc/arm-none-eabi/12.3.1/../../../../arm-none-eabi/lib/thumb/v7e-m+fp/hard/libc_nano.a(libc_a-findfp.o)
                              /Applications/STM32CubeIDE.app/Contents/Eclipse/plugins/com.st.stm32cube.ide.mcu.externaltools.gnu-tools-for-stm32.12.3.rel1.macos64_1.0.200.202406191456/tools/bin/../lib/gcc/arm-none-eabi/12.3.1/../../../../arm-none-eabi/lib/thumb/v7e-m+fp/hard/libc_nano.a(libc_a-exit.o) (__stdio_exit_handler)
/Applications/STM32CubeIDE.app/Contents/Eclipse/plugins/com.st.stm32cube.ide.mcu.externaltools.gnu-tools-for-stm32.12.3.rel1.macos64_1.0.200.202406191456/tools/bin/../lib/gcc/arm-none-eabi/12.3.1/../../../../arm-none-eabi/lib/thumb/v7e-m+fp/hard/libc_nano.a(libc_a-fwalk.o)
                              /Applications/STM32CubeIDE.app/Contents/Eclipse/plugins/com.st.stm32cube.ide.mcu.externaltools.gnu-tools-for-stm32.12.3.rel1.macos64_1.0.200.202406191456/tools/bin/../lib/gcc/arm-none-eabi/12.3.1/../../../../arm-none-eabi/lib/thumb/v7e-m+fp/hard/libc_nano.a(libc_a-findfp.o) (_fwalk_sglue)
/Applications/STM32CubeIDE.app/Contents/Eclipse/plugins/com.st.stm32cube.ide.mcu.externaltools.gnu-tools-for-stm32.12.3.rel1.macos64_1.0.200.202406191456/tools/bin/../lib/gcc/arm-none-eabi/12.3.1/../../../../arm-none-eabi/lib/thumb/v7e-m+fp/hard/libc_nano.a(libc_a-memset.o)
                              /Applications/STM32CubeIDE.app/Contents/Eclipse/plugins/com.st.stm32cube.ide.mcu.externaltools.gnu-tools-for-stm32.12.3.rel1.macos64_1.0.200.202406191456/tools/bin/../lib/gcc/arm-none-eabi/12.3.1/../../../../arm-none-eabi/lib/thumb/v7e-m+fp/hard/crt0.o (memset)
/Applications/STM32CubeIDE.app/Contents/Eclipse/plugins/com.st.stm32cube.ide.mcu.externaltools.gnu-tools-for-stm32.12.3.rel1.macos64_1.0.200.202406191456/tools/bin/../lib/gcc/arm-none-eabi/12.3.1/../../../../arm-none-eabi/lib/thumb/v7e-m+fp/hard/libc_nano.a(libc_a-strftime.o)
                              ./Core/Src/sdcard.o (strftime)
/Applications/STM32CubeIDE.app/Contents/Eclipse/plugins/com.st.stm32cube.ide.mcu.externaltools.gnu-tools-for-stm32.12.3.rel1.macos64_1.0.200.202406191456/tools/bin/../lib/gcc/arm-none-eabi/12.3.1/../../../../arm-none-eabi/lib/thumb/v7e-m+fp/hard/libc_nano.a(libc_a-tzlock.o)
                              /Applications/STM32CubeIDE.app/Contents/Eclipse/plugins/com.st.stm32cube.ide.mcu.externaltools.gnu-tools-for-stm32.12.3.rel1.macos64_1.0.200.202406191456/tools/bin/../lib/gcc/arm-none-eabi/12.3.1/../../../../arm-none-eabi/lib/thumb/v7e-m+fp/hard/libc_nano.a(libc_a-strftime.o) (__tz_lock)
/Applications/STM32CubeIDE.app/Contents/Eclipse/plugins/com.st.stm32cube.ide.mcu.externaltools.gnu-tools-for-stm32.12.3.rel1.macos64_1.0.200.202406191456/tools/bin/../lib/gcc/arm-none-eabi/12.3.1/../../../../arm-none-eabi/lib/thumb/v7e-m+fp/hard/libc_nano.a(libc_a-tzset.o)
                              /Applications/STM32CubeIDE.app/Contents/Eclipse/plugins/com.st.stm32cube.ide.mcu.externaltools.gnu-tools-for-stm32.12.3.rel1.macos64_1.0.200.202406191456/tools/bin/../lib/gcc/arm-none-eabi/12.3.1/../../../../arm-none-eabi/lib/thumb/v7e-m+fp/hard/libc_nano.a(libc_a-strftime.o) (_tzset_unlocked)
/Applications/STM32CubeIDE.app/Contents/Eclipse/plugins/com.st.stm32cube.ide.mcu.externaltools.gnu-tools-for-stm32.12.3.rel1.macos64_1.0.200.202406191456/tools/bin/../lib/gcc/arm-none-eabi/12.3.1/../../../../arm-none-eabi/lib/thumb/v7e-m+fp/hard/libc_nano.a(libc_a-tzset_r.o)
[...]
Memory Configuration

Name             Origin             Length             Attributes
FLASH            0x08100000         0x00100000         xr
ADC_BUFFER       0x10000000         0x00040000         rw
RAM              0x10040000         0x00008000         xrw
*default*        0x00000000         0xffffffff

Linker script and memory map

LOAD /Applications/STM32CubeIDE.app/Contents/Eclipse/plugins/com.st.stm32cube.ide.mcu.externaltools.gnu-tools-for-stm32.12.3.rel1.macos64_1.0.200.202406191456/tools/bin/../lib/gcc/arm-none-eabi/12.3.1/thumb/v7e-m+fp/hard/crti.o
LOAD /Applications/STM32CubeIDE.app/Contents/Eclipse/plugins/com.st.stm32cube.ide.mcu.externaltools.gnu-tools-for-stm32.12.3.rel1.macos64_1.0.200.202406191456/tools/bin/../lib/gcc/arm-none-eabi/12.3.1/thumb/v7e-m+fp/hard/crtbegin.o
LOAD /Applications/STM32CubeIDE.app/Contents/Eclipse/plugins/com.st.stm32cube.ide.mcu.externaltools.gnu-tools-for-stm32.12.3.rel1.macos64_1.0.200.202406191456/tools/bin/../lib/gcc/arm-none-eabi/12.3.1/../../../../arm-none-eabi/lib/thumb/v7e-m+fp/hard/crt0.o
LOAD ./Common/Src/system_stm32h7xx_dualcore_boot_cm4_cm7.o
LOAD ./Core/Src/dma.o
LOAD ./Core/Src/gnss.o
LOAD ./Core/Src/gpio.o
LOAD ./Core/Src/main.o
LOAD ./Core/Src/sdcard.o
LOAD ./Core/Src/sdmmc.o
LOAD ./Core/Src/stm32h7xx_hal_msp.o
LOAD ./Core/Src/stm32h7xx_it.o
LOAD ./Core/Src/syscalls.o
LOAD ./Core/Src/sysmem.o
LOAD ./Core/Src/u_ubx_protocol.o
LOAD ./Core/Src/usart.o
LOAD ./Core/Startup/startup_stm32h755zitx.o
LOAD ./Drivers/BSP/STM32H7xx_Nucleo/stm32h7xx_nucleo.o
LOAD ./Drivers/STM32H7xx_HAL_Driver/stm32h7xx_hal.o
LOAD ./Drivers/STM32H7xx_HAL_Driver/stm32h7xx_hal_cortex.o
LOAD ./Drivers/STM32H7xx_HAL_Driver/stm32h7xx_hal_dma.o
LOAD ./Drivers/STM32H7xx_HAL_Driver/stm32h7xx_hal_dma_ex.o
LOAD ./Drivers/STM32H7xx_HAL_Driver/stm32h7xx_hal_exti.o
LOAD ./Drivers/STM32H7xx_HAL_Driver/stm32h7xx_hal_flash.o
LOAD ./Drivers/STM32H7xx_HAL_Driver/stm32h7xx_hal_flash_ex.o
LOAD ./Drivers/STM32H7xx_HAL_Driver/stm32h7xx_hal_gpio.o
LOAD ./Drivers/STM32H7xx_HAL_Driver/stm32h7xx_hal_hsem.o
LOAD ./Drivers/STM32H7xx_HAL_Driver/stm32h7xx_hal_i2c.o
LOAD ./Drivers/STM32H7xx_HAL_Driver/stm32h7xx_hal_i2c_ex.o
LOAD ./Drivers/STM32H7xx_HAL_Driver/stm32h7xx_hal_mdma.o
LOAD ./Drivers/STM32H7xx_HAL_Driver/stm32h7xx_hal_pwr.o
LOAD ./Drivers/STM32H7xx_HAL_Driver/stm32h7xx_hal_pwr_ex.o
LOAD ./Drivers/STM32H7xx_HAL_Driver/stm32h7xx_hal_rcc.o
LOAD ./Drivers/STM32H7xx_HAL_Driver/stm32h7xx_hal_rcc_ex.o
LOAD ./Drivers/STM32H7xx_HAL_Driver/stm32h7xx_hal_sd.o
LOAD ./Drivers/STM32H7xx_HAL_Driver/stm32h7xx_hal_sd_ex.o
LOAD ./Drivers/STM32H7xx_HAL_Driver/stm32h7xx_hal_tim.o
LOAD ./Drivers/STM32H7xx_HAL_Driver/stm32h7xx_hal_tim_ex.o
LOAD ./Drivers/STM32H7xx_HAL_Driver/stm32h7xx_hal_uart.o
LOAD ./Drivers/STM32H7xx_HAL_Driver/stm32h7xx_hal_uart_ex.o
LOAD ./Drivers/STM32H7xx_HAL_Driver/stm32h7xx_hal_usart.o
LOAD ./Drivers/STM32H7xx_HAL_Driver/stm32h7xx_hal_usart_ex.o
LOAD ./Drivers/STM32H7xx_HAL_Driver/stm32h7xx_ll_delayblock.o
LOAD ./Drivers/STM32H7xx_HAL_Driver/stm32h7xx_ll_sdmmc.o
LOAD ./FATFS/App/fatfs.o
LOAD ./FATFS/Target/bsp_driver_sd.o
LOAD ./FATFS/Target/fatfs_platform.o
LOAD ./FATFS/Target/sd_diskio.o
LOAD ./Middlewares/Third_Party/FatFs/ccsbcs.o
LOAD ./Middlewares/Third_Party/FatFs/diskio.o
LOAD ./Middlewares/Third_Party/FatFs/ff.o
LOAD ./Middlewares/Third_Party/FatFs/ff_gen_drv.o
LOAD ./Middlewares/Third_Party/FatFs/syscall.o
START GROUP
LOAD /Applications/STM32CubeIDE.app/Contents/Eclipse/plugins/com.st.stm32cube.ide.mcu.externaltools.gnu-tools-for-stm32.12.3.rel1.macos64_1.0.200.202406191456/tools/bin/../lib/gcc/arm-none-eabi/12.3.1/../../../../arm-none-eabi/lib/thumb/v7e-m+fp/hard/libc_nano.a
LOAD /Applications/STM32CubeIDE.app/Contents/Eclipse/plugins/com.st.stm32cube.ide.mcu.externaltools.gnu-tools-for-stm32.12.3.rel1.macos64_1.0.200.202406191456/tools/bin/../lib/gcc/arm-none-eabi/12.3.1/../../../../arm-none-eabi/lib/thumb/v7e-m+fp/hard/libm.a
END GROUP
START GROUP
LOAD /Applications/STM32CubeIDE.app/Contents/Eclipse/plugins/com.st.stm32cube.ide.mcu.externaltools.gnu-tools-for-stm32.12.3.rel1.macos64_1.0.200.202406191456/tools/bin/../lib/gcc/arm-none-eabi/12.3.1/thumb/v7e-m+fp/hard/libgcc.a
LOAD /Applications/STM32CubeIDE.app/Contents/Eclipse/plugins/com.st.stm32cube.ide.mcu.externaltools.gnu-tools-for-stm32.12.3.rel1.macos64_1.0.200.202406191456/tools/bin/../lib/gcc/arm-none-eabi/12.3.1/../../../../arm-none-eabi/lib/thumb/v7e-m+fp/hard/libc_nano.a
END GROUP
START GROUP
LOAD /Applications/STM32CubeIDE.app/Contents/Eclipse/plugins/com.st.stm32cube.ide.mcu.externaltools.gnu-tools-for-stm32.12.3.rel1.macos64_1.0.200.202406191456/tools/bin/../lib/gcc/arm-none-eabi/12.3.1/thumb/v7e-m+fp/hard/libgcc.a
LOAD /Applications/STM32CubeIDE.app/Contents/Eclipse/plugins/com.st.stm32cube.ide.mcu.externaltools.gnu-tools-for-stm32.12.3.rel1.macos64_1.0.200.202406191456/tools/bin/../lib/gcc/arm-none-eabi/12.3.1/../../../../arm-none-eabi/lib/thumb/v7e-m+fp/hard/libc_nano.a
LOAD /Applications/STM32CubeIDE.app/Contents/Eclipse/plugins/com.st.stm32cube.ide.mcu.externaltools.gnu-tools-for-stm32.12.3.rel1.macos64_1.0.200.202406191456/tools/bin/../lib/gcc/arm-none-eabi/12.3.1/../../../../arm-none-eabi/lib/thumb/v7e-m+fp/hard/libnosys.a
END GROUP
START GROUP
LOAD /Applications/STM32CubeIDE.app/Contents/Eclipse/plugins/com.st.stm32cube.ide.mcu.externaltools.gnu-tools-for-stm32.12.3.rel1.macos64_1.0.200.202406191456/tools/bin/../lib/gcc/arm-none-eabi/12.3.1/thumb/v7e-m+fp/hard/libgcc.a
LOAD /Applications/STM32CubeIDE.app/Contents/Eclipse/plugins/com.st.stm32cube.ide.mcu.externaltools.gnu-tools-for-stm32.12.3.rel1.macos64_1.0.200.202406191456/tools/bin/../lib/gcc/arm-none-eabi/12.3.1/../../../../arm-none-eabi/lib/thumb/v7e-m+fp/hard/libc_nano.a
LOAD /Applications/STM32CubeIDE.app/Contents/Eclipse/plugins/com.st.stm32cube.ide.mcu.externaltools.gnu-tools-for-stm32.12.3.rel1.macos64_1.0.200.202406191456/tools/bin/../lib/gcc/arm-none-eabi/12.3.1/../../../../arm-none-eabi/lib/thumb/v7e-m+fp/hard/libnosys.a
END GROUP
LOAD /Applications/STM32CubeIDE.app/Contents/Eclipse/plugins/com.st.stm32cube.ide.mcu.externaltools.gnu-tools-for-stm32.12.3.rel1.macos64_1.0.200.202406191456/tools/bin/../lib/gcc/arm-none-eabi/12.3.1/thumb/v7e-m+fp/hard/crtend.o
LOAD /Applications/STM32CubeIDE.app/Contents/Eclipse/plugins/com.st.stm32cube.ide.mcu.externaltools.gnu-tools-for-stm32.12.3.rel1.macos64_1.0.200.202406191456/tools/bin/../lib/gcc/arm-none-eabi/12.3.1/thumb/v7e-m+fp/hard/crtn.o
                0x10048000                        _estack = (ORIGIN (RAM) + LENGTH (RAM))
                0x00000200                        _Min_Heap_Size = 0x200
                0x00000400                        _Min_Stack_Size = 0x400

.isr_vector     0x08100000      0x298
                0x08100000                        . = ALIGN (0x4)
 *(.isr_vector)
 .isr_vector    0x08100000      0x298 ./Core/Startup/startup_stm32h755zitx.o
                0x08100000                g_pfnVectors
                0x08100298                        . = ALIGN (0x4)

.text           0x081002a0    0x17c64
                0x081002a0                        . = ALIGN (0x4)
 *(.text)
 .text          0x081002a0       0x40 /Applications/STM32CubeIDE.app/Contents/Eclipse/plugins/com.st.stm32cube.ide.mcu.externaltools.gnu-tools-for-stm32.12.3.rel1.macos64_1.0.200.202406191456/tools/bin/../lib/gcc/arm-none-eabi/12.3.1/thumb/v7e-m+fp/hard/crtbegin.o
 .text          0x081002e0       0x10 /Applications/STM32CubeIDE.app/Contents/Eclipse/plugins/com.st.stm32cube.ide.mcu.externaltools.gnu-tools-for-stm32.12.3.rel1.macos64_1.0.200.202406191456/tools/bin/../lib/gcc/arm-none-eabi/12.3.1/../../../../arm-none-eabi/lib/thumb/v7e-m+fp/hard/libc_nano.a(libc_a-strlen.o)
                0x081002e0                strlen
 .text          0x081002f0       0x14 /Applications/STM32CubeIDE.app/Contents/Eclipse/plugins/com.st.stm32cube.ide.mcu.externaltools.gnu-tools-for-stm32.12.3.rel1.macos64_1.0.200.202406191456/tools/bin/../lib/gcc/arm-none-eabi/12.3.1/../../../../arm-none-eabi/lib/thumb/v7e-m+fp/hard/libc_nano.a(libc_a-strcmp.o)
                0x081002f0                strcmp
 *fill*         0x08100304        0xc 
 .text          0x08100310       0xa0 /Applications/STM32CubeIDE.app/Contents/Eclipse/plugins/com.st.stm32cube.ide.mcu.externaltools.gnu-tools-for-stm32.12.3.rel1.macos64_1.0.200.202406191456/tools/bin/../lib/gcc/arm-none-eabi/12.3.1/../../../../arm-none-eabi/lib/thumb/v7e-m+fp/hard/libc_nano.a(libc_a-memchr.o)
                0x08100310                memchr
 .text          0x081003b0       0x30 /Applications/STM32CubeIDE.app/Contents/Eclipse/plugins/com.st.stm32cube.ide.mcu.externaltools.gnu-tools-for-stm32.12.3.rel1.macos64_1.0.200.202406191456/tools/bin/../lib/gcc/arm-none-eabi/12.3.1/thumb/v7e-m+fp/hard/libgcc.a(_aeabi_uldivmod.o)
                0x081003b0                __aeabi_uldivmod
 .text          0x081003e0      0x2bc /Applications/STM32CubeIDE.app/Contents/Eclipse/plugins/com.st.stm32cube.ide.mcu.externaltools.gnu-tools-for-stm32.12.3.rel1.macos64_1.0.200.202406191456/tools/bin/../lib/gcc/arm-none-eabi/12.3.1/thumb/v7e-m+fp/hard/libgcc.a(_udivmoddi4.o)
                0x081003e0                __udivmoddi4
 .text          0x0810069c        0x4 /Applications/STM32CubeIDE.app/Contents/Eclipse/plugins/com.st.stm32cube.ide.mcu.externaltools.gnu-tools-for-stm32.12.3.rel1.macos64_1.0.200.202406191456/tools/bin/../lib/gcc/arm-none-eabi/12.3.1/thumb/v7e-m+fp/hard/libgcc.a(_dvmd_tls.o)
                0x0810069c                __aeabi_ldiv0
                0x0810069c                __aeabi_idiv0
 *(.text*)
 .text.SystemInit
                0x081006a0       0x30 ./Common/Src/system_stm32h7xx_dualcore_boot_cm4_cm7.o
                0x081006a0                SystemInit
 .text.MX_DMA_Init
                0x081006d0       0x40 ./Core/Src/dma.o
                0x081006d0                MX_DMA_Init
 .text.gnss_init
                0x08100710       0x64 ./Core/Src/gnss.o
                0x08100710                gnss_init
 .text.gnss_config
                0x08100774       0x60 ./Core/Src/gnss.o
                0x08100774                gnss_config
 .text.gnss_sync
                0x081007d4      0x220 ./Core/Src/gnss.o
                0x081007d4                gnss_sync
 .text.gnss_reset_uart
                0x081009f4       0x28 ./Core/Src/gnss.o
 .text.gnss_get_time
                0x08100a1c      0x36c ./Core/Src/gnss.o
                0x08100a1c                gnss_get_time
 .text.send_config
                0x08100d88      0x524 ./Core/Src/gnss.o
 .text.process_frame_sync_messages
                0x081012ac       0xf0 ./Core/Src/gnss.o
 .text.get_two_bytes
                0x0810139c       0x5e ./Core/Src/gnss.o
 *fill*         0x081013fa        0x2 
 .text.HAL_UART_RxCpltCallback
                0x081013fc       0x20 ./Core/Src/gnss.o
                0x081013fc                HAL_UART_RxCpltCallback
 .text.HAL_UARTEx_RxEventCallback
                0x0810141c       0x2c ./Core/Src/gnss.o
                0x0810141c                HAL_UARTEx_RxEventCallback
 .text.MX_GPIO_Init
                0x08101448       0xd8 ./Core/Src/gpio.o
                0x08101448                MX_GPIO_Init
 .text.supplemental_gpio_init
                0x08101520       0x40 ./Core/Src/gpio.o
                0x08101520                supplemental_gpio_init
 .text.green_led_on
                0x08101560       0x18 ./Core/Src/gpio.o
                0x08101560                green_led_on
 .text.green_led_off
                0x08101578       0x18 ./Core/Src/gpio.o
                0x08101578                green_led_off
 .text.red_led_on
                0x08101590       0x18 ./Core/Src/gpio.o
                0x08101590                red_led_on
 .text.red_led_off
                0x081015a8       0x18 ./Core/Src/gpio.o
                0x081015a8                red_led_off
 .text.main     0x081015c0      0x2ac ./Core/Src/main.o
                0x081015c0                main
 .text._main_busy_loop
                0x0810186c       0x40 ./Core/Src/main.o
 .text.Error_Handler
                0x081018ac       0x74 ./Core/Src/main.o
                0x081018ac                Error_Handler
 .text.assert_failed
                0x08101920       0x16 ./Core/Src/main.o
                0x08101920                assert_failed
 *fill*         0x08101936        0x2 
 .text.sdcard_mount
                0x08101938       0x50 ./Core/Src/sdcard.o
                0x08101938                sdcard_mount
 .text.sdcard_write_start_stop_times
                0x08101988      0x134 ./Core/Src/sdcard.o
                0x08101988                sdcard_write_start_stop_times
 .text.sdcard_shutdown
                0x08101abc       0x14 ./Core/Src/sdcard.o
                0x08101abc                sdcard_shutdown
 .text.sdcard_allocate_files
                0x08101ad0      0x10c ./Core/Src/sdcard.o
                0x08101ad0                sdcard_allocate_files
 .text.sdcard_write_to_file
                0x08101bdc      0x128 ./Core/Src/sdcard.o
                0x08101bdc                sdcard_write_to_file
 *fill*         0x08101d04        0x4 
 .text.get_file_size
                0x08101d08       0x40 ./Core/Src/sdcard.o
 .text.get_max_writes_per_file
                0x08101d48       0x1e ./Core/Src/sdcard.o
 *fill*         0x08101d66        0x2 
 .text.MX_SDMMC2_SD_Init
                0x08101d68       0x48 ./Core/Src/sdmmc.o
                0x08101d68                MX_SDMMC2_SD_Init
 .text.HAL_SD_MspInit
                0x08101db0      0x11c ./Core/Src/sdmmc.o
                0x08101db0                HAL_SD_MspInit
 .text.HAL_SD_MspDeInit
                0x08101ecc       0x4c ./Core/Src/sdmmc.o
                0x08101ecc                HAL_SD_MspDeInit
 .text.HAL_MspInit
                0x08101f18       0x40 ./Core/Src/stm32h7xx_hal_msp.o
                0x08101f18                HAL_MspInit
 .text.NMI_Handler
                0x08101f58        0x8 ./Core/Src/stm32h7xx_it.o
                0x08101f58                NMI_Handler
 .text.HardFault_Handler
                0x08101f60        0x8 ./Core/Src/stm32h7xx_it.o
                0x08101f60                HardFault_Handler
 .text.MemManage_Handler
                0x08101f68        0x8 ./Core/Src/stm32h7xx_it.o
                0x08101f68                MemManage_Handler
 .text.BusFault_Handler
                0x08101f70        0x8 ./Core/Src/stm32h7xx_it.o
                0x08101f70                BusFault_Handler
 .text.UsageFault_Handler
                0x08101f78        0x8 ./Core/Src/stm32h7xx_it.o
                0x08101f78                UsageFault_Handler
 .text.SVC_Handler
                0x08101f80        0xe ./Core/Src/stm32h7xx_it.o
                0x08101f80                SVC_Handler
 .text.DebugMon_Handler
                0x08101f8e        0xe ./Core/Src/stm32h7xx_it.o
                0x08101f8e                DebugMon_Handler
 .text.PendSV_Handler
                0x08101f9c        0xe ./Core/Src/stm32h7xx_it.o
                0x08101f9c                PendSV_Handler
 .text.SysTick_Handler
                0x08101faa        0xc ./Core/Src/stm32h7xx_it.o
                0x08101faa                SysTick_Handler
 *fill*         0x08101fb6        0x2 
 .text.DMA1_Stream0_IRQHandler
                0x08101fb8       0x14 ./Core/Src/stm32h7xx_it.o
                0x08101fb8                DMA1_Stream0_IRQHandler
 .text.UART4_IRQHandler
                0x08101fcc       0x14 ./Core/Src/stm32h7xx_it.o
                0x08101fcc                UART4_IRQHandler
 .text.USART6_IRQHandler
                0x08101fe0       0x14 ./Core/Src/stm32h7xx_it.o
                0x08101fe0                USART6_IRQHandler
 .text.HSEM2_IRQHandler
                0x08101ff4        0xc ./Core/Src/stm32h7xx_it.o
                0x08101ff4                HSEM2_IRQHandler
 .text.HAL_HSEM_FreeCallback
                0x08102000       0x64 ./Core/Src/stm32h7xx_it.o
                0x08102000                HAL_HSEM_FreeCallback
 .text._getpid  0x08102064       0x10 ./Core/Src/syscalls.o
                0x08102064                _getpid
 .text._kill    0x08102074       0x20 ./Core/Src/syscalls.o
                0x08102074                _kill
 .text._exit    0x08102094       0x16 ./Core/Src/syscalls.o
                0x08102094                _exit
 .text._read    0x081020aa       0x3a ./Core/Src/syscalls.o
                0x081020aa                _read
 .text._write   0x081020e4       0x38 ./Core/Src/syscalls.o
                0x081020e4                _write
 .text._close   0x0810211c       0x18 ./Core/Src/syscalls.o
                0x0810211c                _close
 .text._fstat   0x08102134       0x20 ./Core/Src/syscalls.o
                0x08102134                _fstat
 .text._isatty  0x08102154       0x16 ./Core/Src/syscalls.o
                0x08102154                _isatty
 .text._lseek   0x0810216a       0x1a ./Core/Src/syscalls.o
                0x0810216a                _lseek
 .text._sbrk    0x08102184       0x6c ./Core/Src/sysmem.o
                0x08102184                _sbrk
 .text.uUbxProtocolDecode
                0x081021f0      0x1ec ./Core/Src/u_ubx_protocol.o
                0x081021f0                uUbxProtocolDecode
 .text.MX_UART4_Init
                0x081023dc       0x98 ./Core/Src/usart.o
                0x081023dc                MX_UART4_Init
 .text.MX_USART6_UART_Init
                0x08102474       0x98 ./Core/Src/usart.o
                0x08102474                MX_USART6_UART_Init
 .text.HAL_UART_MspInit
                0x0810250c      0x1f4 ./Core/Src/usart.o
                0x0810250c                HAL_UART_MspInit
 .text.HAL_UART_MspDeInit
                0x08102700       0x84 ./Core/Src/usart.o
                0x08102700                HAL_UART_MspDeInit
 .text.uart4_init
                0x08102784       0x9c ./Core/Src/usart.o
                0x08102784                uart4_init
 .text.Reset_Handler
                0x08102820       0x50 ./Core/Startup/startup_stm32h755zitx.o
                0x08102820                Reset_Handler
 .text.Default_Handler
                0x08102870        0x2 ./Core/Startup/startup_stm32h755zitx.o
                0x08102870                DMA1_Stream3_IRQHandler
                0x08102870                HASH_RNG_IRQHandler
                0x08102870                EXTI2_IRQHandler
                0x08102870                TIM8_CC_IRQHandler
                0x08102870                HRTIM1_Master_IRQHandler
                0x08102870                UART8_IRQHandler
                0x08102870                SPI4_IRQHandler
                0x08102870                TIM1_CC_IRQHandler
                0x08102870                BDMA_Channel6_IRQHandler
                0x08102870                DMA2_Stream5_IRQHandler
                0x08102870                HRTIM1_FLT_IRQHandler
                0x08102870                JPEG_IRQHandler
                0x08102870                DMA1_Stream5_IRQHandler
                0x08102870                BDMA_Channel1_IRQHandler
                0x08102870                HRTIM1_TIMD_IRQHandler
                0x08102870                TAMP_STAMP_IRQHandler
                0x08102870                EXTI3_IRQHandler
                0x08102870                LPTIM4_IRQHandler
                0x08102870                TIM8_TRG_COM_TIM14_IRQHandler
                0x08102870                LPTIM2_IRQHandler
                0x08102870                DFSDM1_FLT1_IRQHandler
                0x08102870                DMAMUX2_OVR_IRQHandler
                0x08102870                TIM8_UP_TIM13_IRQHandler
                0x08102870                I2C3_ER_IRQHandler
                0x08102870                DFSDM1_FLT2_IRQHandler
                0x08102870                MDMA_IRQHandler
                0x08102870                LPTIM3_IRQHandler
                0x08102870                HSEM1_IRQHandler
                0x08102870                EXTI0_IRQHandler
                0x08102870                I2C2_EV_IRQHandler
                0x08102870                DMA1_Stream2_IRQHandler
                0x08102870                FPU_IRQHandler
                0x08102870                OTG_HS_WKUP_IRQHandler
                0x08102870                FDCAN1_IT1_IRQHandler
                0x08102870                LTDC_ER_IRQHandler
                0x08102870                DMA2_Stream2_IRQHandler
                0x08102870                HRTIM1_TIME_IRQHandler
                0x08102870                SPI1_IRQHandler
                0x08102870                TIM6_DAC_IRQHandler
                0x08102870                DCMI_IRQHandler
                0x08102870                HRTIM1_TIMC_IRQHandler
                0x08102870                DMA2_Stream3_IRQHandler
                0x08102870                SAI2_IRQHandler
                0x08102870                DFSDM1_FLT3_IRQHandler
                0x08102870                TIM17_IRQHandler
                0x08102870                USART3_IRQHandler
                0x08102870                BDMA_Channel7_IRQHandler
                0x08102870                CRYP_IRQHandler
                0x08102870                LPTIM5_IRQHandler
                0x08102870                UART5_IRQHandler
                0x08102870                ADC3_IRQHandler
                0x08102870                DMA2_Stream0_IRQHandler
                0x08102870                TIM4_IRQHandler
                0x08102870                BDMA_Channel2_IRQHandler
                0x08102870                QUADSPI_IRQHandler
                0x08102870                I2C1_EV_IRQHandler
                0x08102870                DMA1_Stream6_IRQHandler
                0x08102870                DMAMUX1_OVR_IRQHandler
                0x08102870                DMA1_Stream1_IRQHandler
                0x08102870                TIM16_IRQHandler
                0x08102870                BDMA_Channel5_IRQHandler
                0x08102870                TIM3_IRQHandler
                0x08102870                RCC_IRQHandler
                0x08102870                TIM8_BRK_TIM12_IRQHandler
                0x08102870                TIM1_TRG_COM_IRQHandler
                0x08102870                Default_Handler
                0x08102870                ECC_IRQHandler
                0x08102870                CEC_IRQHandler
                0x08102870                EXTI15_10_IRQHandler
                0x08102870                BDMA_Channel0_IRQHandler
                0x08102870                ADC_IRQHandler
                0x08102870                DMA1_Stream7_IRQHandler
                0x08102870                HRTIM1_TIMA_IRQHandler
                0x08102870                SPI5_IRQHandler
                0x08102870                TIM7_IRQHandler
                0x08102870                SDMMC1_IRQHandler
                0x08102870                TIM5_IRQHandler
                0x08102870                DMA2_Stream7_IRQHandler
                0x08102870                TIM15_IRQHandler
                0x08102870                PVD_AVD_IRQHandler
                0x08102870                I2C3_EV_IRQHandler
                0x08102870                EXTI9_5_IRQHandler
                0x08102870                RTC_WKUP_IRQHandler
                0x08102870                LTDC_IRQHandler
                0x08102870                SAI3_IRQHandler
                0x08102870                ETH_WKUP_IRQHandler
                0x08102870                SPDIF_RX_IRQHandler
                0x08102870                SPI2_IRQHandler
                0x08102870                OTG_HS_EP1_IN_IRQHandler
                0x08102870                CRS_IRQHandler
                0x08102870                CM7_SEV_IRQHandler
                0x08102870                EXTI4_IRQHandler
                0x08102870                CM4_SEV_IRQHandler
                0x08102870                HRTIM1_TIMB_IRQHandler
                0x08102870                FDCAN2_IT1_IRQHandler
                0x08102870                ETH_IRQHandler
                0x08102870                TIM1_UP_IRQHandler
                0x08102870                WWDG_RST_IRQHandler
                0x08102870                BDMA_Channel4_IRQHandler
                0x08102870                OTG_HS_EP1_OUT_IRQHandler
                0x08102870                WWDG_IRQHandler
                0x08102870                SPI6_IRQHandler
                0x08102870                MDIOS_IRQHandler
                0x08102870                I2C4_EV_IRQHandler
                0x08102870                FDCAN2_IT0_IRQHandler
                0x08102870                LPUART1_IRQHandler
                0x08102870                FDCAN1_IT0_IRQHandler
                0x08102870                TIM2_IRQHandler
                0x08102870                OTG_FS_WKUP_IRQHandler
                0x08102870                OTG_HS_IRQHandler
                0x08102870                DMA2D_IRQHandler
                0x08102870                TIM1_BRK_IRQHandler
                0x08102870                EXTI1_IRQHandler
                0x08102870                SDMMC2_IRQHandler
                0x08102870                OTG_FS_EP1_OUT_IRQHandler
                0x08102870                BDMA_Channel3_IRQHandler
                0x08102870                HOLD_CORE_IRQHandler
                0x08102870                UART7_IRQHandler
                0x08102870                MDIOS_WKUP_IRQHandler
                0x08102870                USART2_IRQHandler
                0x08102870                DFSDM1_FLT0_IRQHandler
                0x08102870                SAI4_IRQHandler
                0x08102870                I2C2_ER_IRQHandler
                0x08102870                DMA2_Stream1_IRQHandler
                0x08102870                FLASH_IRQHandler
                0x08102870                DMA2_Stream4_IRQHandler
                0x08102870                USART1_IRQHandler
                0x08102870                OTG_FS_IRQHandler
                0x08102870                SPI3_IRQHandler
                0x08102870                WAKEUP_PIN_IRQHandler
                0x08102870                DMA1_Stream4_IRQHandler
                0x08102870                OTG_FS_EP1_IN_IRQHandler
                0x08102870                I2C1_ER_IRQHandler
                0x08102870                FMC_IRQHandler
                0x08102870                FDCAN_CAL_IRQHandler
                0x08102870                SWPMI1_IRQHandler
                0x08102870                COMP1_IRQHandler
                0x08102870                LPTIM1_IRQHandler
                0x08102870                I2C4_ER_IRQHandler
                0x08102870                DMA2_Stream6_IRQHandler
                0x08102870                SAI1_IRQHandler
                0x08102870                RTC_Alarm_IRQHandler
 *fill*         0x08102872        0x2 
 .text.__io_putchar
                0x08102874       0x38 ./Drivers/BSP/STM32H7xx_Nucleo/stm32h7xx_nucleo.o
                0x08102874                __io_putchar
 .text.HAL_Init
                0x081028ac       0xbc ./Drivers/STM32H7xx_HAL_Driver/stm32h7xx_hal.o
                0x081028ac                HAL_Init
 .text.HAL_InitTick
                0x08102968       0x6c ./Drivers/STM32H7xx_HAL_Driver/stm32h7xx_hal.o
                0x08102968                HAL_InitTick
 .text.HAL_IncTick
                0x081029d4       0x28 ./Drivers/STM32H7xx_HAL_Driver/stm32h7xx_hal.o
                0x081029d4                HAL_IncTick
 .text.HAL_GetTick
                0x081029fc       0x18 ./Drivers/STM32H7xx_HAL_Driver/stm32h7xx_hal.o
                0x081029fc                HAL_GetTick
 .text.HAL_Delay
                0x08102a14       0x48 ./Drivers/STM32H7xx_HAL_Driver/stm32h7xx_hal.o
                0x08102a14                HAL_Delay
 .text.__NVIC_SetPriorityGrouping
                0x08102a5c       0x48 ./Drivers/STM32H7xx_HAL_Driver/stm32h7xx_hal_cortex.o
 .text.__NVIC_GetPriorityGrouping
                0x08102aa4       0x1c ./Drivers/STM32H7xx_HAL_Driver/stm32h7xx_hal_cortex.o
 .text.__NVIC_EnableIRQ
                0x08102ac0       0x3c ./Drivers/STM32H7xx_HAL_Driver/stm32h7xx_hal_cortex.o
 .text.__NVIC_DisableIRQ
                0x08102afc       0x48 ./Drivers/STM32H7xx_HAL_Driver/stm32h7xx_hal_cortex.o
 .text.__NVIC_SetPriority
                0x08102b44       0x54 ./Drivers/STM32H7xx_HAL_Driver/stm32h7xx_hal_cortex.o
 .text.NVIC_EncodePriority
                0x08102b98       0x66 ./Drivers/STM32H7xx_HAL_Driver/stm32h7xx_hal_cortex.o
 *fill*         0x08102bfe        0x2 
 .text.SysTick_Config
                0x08102c00       0x44 ./Drivers/STM32H7xx_HAL_Driver/stm32h7xx_hal_cortex.o
 .text.HAL_NVIC_SetPriorityGrouping
                0x08102c44       0x40 ./Drivers/STM32H7xx_HAL_Driver/stm32h7xx_hal_cortex.o
                0x08102c44                HAL_NVIC_SetPriorityGrouping
 .text.HAL_NVIC_SetPriority
                0x08102c84       0x54 ./Drivers/STM32H7xx_HAL_Driver/stm32h7xx_hal_cortex.o
                0x08102c84                HAL_NVIC_SetPriority
 .text.HAL_NVIC_EnableIRQ
                0x08102cd8       0x30 ./Drivers/STM32H7xx_HAL_Driver/stm32h7xx_hal_cortex.o
                0x08102cd8                HAL_NVIC_EnableIRQ
 .text.HAL_NVIC_DisableIRQ
                0x08102d08       0x30 ./Drivers/STM32H7xx_HAL_Driver/stm32h7xx_hal_cortex.o
                0x08102d08                HAL_NVIC_DisableIRQ
 .text.HAL_SYSTICK_Config
                0x08102d38       0x18 ./Drivers/STM32H7xx_HAL_Driver/stm32h7xx_hal_cortex.o
                0x08102d38                HAL_SYSTICK_Config
 .text.HAL_GetCurrentCPUID
                0x08102d50       0x28 ./Drivers/STM32H7xx_HAL_Driver/stm32h7xx_hal_cortex.o
                0x08102d50                HAL_GetCurrentCPUID
 .text.HAL_DMA_Init
                0x08102d78      0x9ec ./Drivers/STM32H7xx_HAL_Driver/stm32h7xx_hal_dma.o
                0x08102d78                HAL_DMA_Init
 .text.HAL_DMA_DeInit
                0x08103764      0x36c ./Drivers/STM32H7xx_HAL_Driver/stm32h7xx_hal_dma.o
                0x08103764                HAL_DMA_DeInit
 .text.HAL_DMA_Start_IT
                0x08103ad0      0x4f0 ./Drivers/STM32H7xx_HAL_Driver/stm32h7xx_hal_dma.o
                0x08103ad0                HAL_DMA_Start_IT
 .text.HAL_DMA_Abort
                0x08103fc0      0x63c ./Drivers/STM32H7xx_HAL_Driver/stm32h7xx_hal_dma.o
                0x08103fc0                HAL_DMA_Abort
 .text.HAL_DMA_Abort_IT
                0x081045fc      0x48c ./Drivers/STM32H7xx_HAL_Driver/stm32h7xx_hal_dma.o
                0x081045fc                HAL_DMA_Abort_IT
 .text.HAL_DMA_IRQHandler
                0x08104a88      0xe54 ./Drivers/STM32H7xx_HAL_Driver/stm32h7xx_hal_dma.o
                0x08104a88                HAL_DMA_IRQHandler
 .text.HAL_DMA_GetError
                0x081058dc       0x18 ./Drivers/STM32H7xx_HAL_Driver/stm32h7xx_hal_dma.o
                0x081058dc                HAL_DMA_GetError
 .text.DMA_SetConfig
                0x081058f4      0x358 ./Drivers/STM32H7xx_HAL_Driver/stm32h7xx_hal_dma.o
 .text.DMA_CalcBaseAndBitshift
                0x08105c4c      0x164 ./Drivers/STM32H7xx_HAL_Driver/stm32h7xx_hal_dma.o
 .text.DMA_CheckFifoParam
                0x08105db0       0xf8 ./Drivers/STM32H7xx_HAL_Driver/stm32h7xx_hal_dma.o
 .text.DMA_CalcDMAMUXChannelBaseAndMask
                0x08105ea8      0x134 ./Drivers/STM32H7xx_HAL_Driver/stm32h7xx_hal_dma.o
 .text.DMA_CalcDMAMUXRequestGenBaseAndMask
                0x08105fdc       0xe8 ./Drivers/STM32H7xx_HAL_Driver/stm32h7xx_hal_dma.o
 .text.HAL_GPIO_Init
                0x081060c4      0x554 ./Drivers/STM32H7xx_HAL_Driver/stm32h7xx_hal_gpio.o
                0x081060c4                HAL_GPIO_Init
 .text.HAL_GPIO_DeInit
                0x08106618      0x298 ./Drivers/STM32H7xx_HAL_Driver/stm32h7xx_hal_gpio.o
                0x08106618                HAL_GPIO_DeInit
 .text.HAL_GPIO_ReadPin
                0x081068b0       0x40 ./Drivers/STM32H7xx_HAL_Driver/stm32h7xx_hal_gpio.o
                0x081068b0                HAL_GPIO_ReadPin
 .text.HAL_GPIO_WritePin
                0x081068f0       0x58 ./Drivers/STM32H7xx_HAL_Driver/stm32h7xx_hal_gpio.o
                0x081068f0                HAL_GPIO_WritePin
 .text.HAL_HSEM_FastTake
                0x08106948       0x40 ./Drivers/STM32H7xx_HAL_Driver/stm32h7xx_hal_hsem.o
                0x08106948                HAL_HSEM_FastTake
 .text.HAL_HSEM_IsSemTaken
                0x08106988       0x2c ./Drivers/STM32H7xx_HAL_Driver/stm32h7xx_hal_hsem.o
                0x08106988                HAL_HSEM_IsSemTaken
 .text.HAL_HSEM_Release
                0x081069b4       0x44 ./Drivers/STM32H7xx_HAL_Driver/stm32h7xx_hal_hsem.o
                0x081069b4                HAL_HSEM_Release
 .text.HAL_HSEM_ActivateNotification
                0x081069f8       0x24 ./Drivers/STM32H7xx_HAL_Driver/stm32h7xx_hal_hsem.o
                0x081069f8                HAL_HSEM_ActivateNotification
 .text.HAL_HSEM_IRQHandler
                0x08106a1c       0x34 ./Drivers/STM32H7xx_HAL_Driver/stm32h7xx_hal_hsem.o
                0x08106a1c                HAL_HSEM_IRQHandler
 .text.HAL_PWREx_EnterSTOPMode
                0x08106a50      0x140 ./Drivers/STM32H7xx_HAL_Driver/stm32h7xx_hal_pwr_ex.o
                0x08106a50                HAL_PWREx_EnterSTOPMode
 .text.HAL_PWREx_ClearPendingEvent
                0x08106b90       0x1a ./Drivers/STM32H7xx_HAL_Driver/stm32h7xx_hal_pwr_ex.o
                0x08106b90                HAL_PWREx_ClearPendingEvent
 *fill*         0x08106baa        0x2 
 .text.HAL_RCC_GetSysClockFreq
                0x08106bac      0x2f4 ./Drivers/STM32H7xx_HAL_Driver/stm32h7xx_hal_rcc.o
                0x08106bac                HAL_RCC_GetSysClockFreq
 .text.HAL_RCC_GetHCLKFreq
                0x08106ea0       0x64 ./Drivers/STM32H7xx_HAL_Driver/stm32h7xx_hal_rcc.o
                0x08106ea0                HAL_RCC_GetHCLKFreq
 .text.HAL_RCC_GetPCLK1Freq
                0x08106f04       0x2c ./Drivers/STM32H7xx_HAL_Driver/stm32h7xx_hal_rcc.o
                0x08106f04                HAL_RCC_GetPCLK1Freq
 .text.HAL_RCC_GetPCLK2Freq
                0x08106f30       0x2c ./Drivers/STM32H7xx_HAL_Driver/stm32h7xx_hal_rcc.o
                0x08106f30                HAL_RCC_GetPCLK2Freq
 .text.HAL_RCCEx_PeriphCLKConfig
                0x08106f5c     0x1a60 ./Drivers/STM32H7xx_HAL_Driver/stm32h7xx_hal_rcc_ex.o
                0x08106f5c                HAL_RCCEx_PeriphCLKConfig
 .text.HAL_RCCEx_GetPeriphCLKFreq
                0x081089bc      0xb00 ./Drivers/STM32H7xx_HAL_Driver/stm32h7xx_hal_rcc_ex.o
                0x081089bc                HAL_RCCEx_GetPeriphCLKFreq
 .text.HAL_RCCEx_GetD3PCLK1Freq
                0x081094bc       0x2c ./Drivers/STM32H7xx_HAL_Driver/stm32h7xx_hal_rcc_ex.o
                0x081094bc                HAL_RCCEx_GetD3PCLK1Freq
 .text.HAL_RCCEx_GetPLL2ClockFreq
                0x081094e8      0x2a8 ./Drivers/STM32H7xx_HAL_Driver/stm32h7xx_hal_rcc_ex.o
                0x081094e8                HAL_RCCEx_GetPLL2ClockFreq
 .text.HAL_RCCEx_GetPLL3ClockFreq
                0x08109790      0x2a8 ./Drivers/STM32H7xx_HAL_Driver/stm32h7xx_hal_rcc_ex.o
                0x08109790                HAL_RCCEx_GetPLL3ClockFreq
 .text.HAL_RCCEx_GetPLL1ClockFreq
                0x08109a38      0x2a4 ./Drivers/STM32H7xx_HAL_Driver/stm32h7xx_hal_rcc_ex.o
                0x08109a38                HAL_RCCEx_GetPLL1ClockFreq
 .text.RCCEx_PLL2_Config
                0x08109cdc      0x244 ./Drivers/STM32H7xx_HAL_Driver/stm32h7xx_hal_rcc_ex.o
 .text.RCCEx_PLL3_Config
                0x08109f20      0x24c ./Drivers/STM32H7xx_HAL_Driver/stm32h7xx_hal_rcc_ex.o
 .text.HAL_SD_Init
                0x0810a16c      0x1c0 ./Drivers/STM32H7xx_HAL_Driver/stm32h7xx_hal_sd.o
                0x0810a16c                HAL_SD_Init
 .text.HAL_SD_InitCard
                0x0810a32c      0x138 ./Drivers/STM32H7xx_HAL_Driver/stm32h7xx_hal_sd.o
                0x0810a32c                HAL_SD_InitCard
 .text.HAL_SD_DeInit
                0x0810a464       0x68 ./Drivers/STM32H7xx_HAL_Driver/stm32h7xx_hal_sd.o
                0x0810a464                HAL_SD_DeInit
 .text.HAL_SD_ReadBlocks_DMA
                0x0810a4cc      0x150 ./Drivers/STM32H7xx_HAL_Driver/stm32h7xx_hal_sd.o
                0x0810a4cc                HAL_SD_ReadBlocks_DMA
 .text.HAL_SD_WriteBlocks_DMA
                0x0810a61c      0x150 ./Drivers/STM32H7xx_HAL_Driver/stm32h7xx_hal_sd.o
                0x0810a61c                HAL_SD_WriteBlocks_DMA
 .text.HAL_SD_GetCardCSD
                0x0810a76c      0x348 ./Drivers/STM32H7xx_HAL_Driver/stm32h7xx_hal_sd.o
                0x0810a76c                HAL_SD_GetCardCSD
 .text.HAL_SD_GetCardStatus
                0x0810aab4      0x17c ./Drivers/STM32H7xx_HAL_Driver/stm32h7xx_hal_sd.o
                0x0810aab4                HAL_SD_GetCardStatus
 .text.HAL_SD_GetCardInfo
                0x0810ac30       0x58 ./Drivers/STM32H7xx_HAL_Driver/stm32h7xx_hal_sd.o
                0x0810ac30                HAL_SD_GetCardInfo
 .text.HAL_SD_ConfigWideBusOperation
                0x0810ac88      0x248 ./Drivers/STM32H7xx_HAL_Driver/stm32h7xx_hal_sd.o
                0x0810ac88                HAL_SD_ConfigWideBusOperation
 .text.HAL_SD_GetCardState
                0x0810aed0       0x40 ./Drivers/STM32H7xx_HAL_Driver/stm32h7xx_hal_sd.o
                0x0810aed0                HAL_SD_GetCardState
 .text.SD_InitCard
                0x0810af10      0x19c ./Drivers/STM32H7xx_HAL_Driver/stm32h7xx_hal_sd.o
 .text.SD_PowerON
                0x0810b0ac      0x11c ./Drivers/STM32H7xx_HAL_Driver/stm32h7xx_hal_sd.o
 .text.SD_PowerOFF
                0x0810b1c8       0x1a ./Drivers/STM32H7xx_HAL_Driver/stm32h7xx_hal_sd.o
 *fill*         0x0810b1e2        0x2 
 .text.SD_SendSDStatus
                0x0810b1e4      0x1a0 ./Drivers/STM32H7xx_HAL_Driver/stm32h7xx_hal_sd.o
 .text.SD_SendStatus
                0x0810b384       0x50 ./Drivers/STM32H7xx_HAL_Driver/stm32h7xx_hal_sd.o
 .text.SD_WideBus_Enable
                0x0810b3d4       0x96 ./Drivers/STM32H7xx_HAL_Driver/stm32h7xx_hal_sd.o
 .text.SD_WideBus_Disable
                0x0810b46a       0x96 ./Drivers/STM32H7xx_HAL_Driver/stm32h7xx_hal_sd.o
 .text.SD_FindSCR
                0x0810b500      0x1a0 ./Drivers/STM32H7xx_HAL_Driver/stm32h7xx_hal_sd.o
 .text.HAL_UART_Init
                0x0810b6a0      0x19c ./Drivers/STM32H7xx_HAL_Driver/stm32h7xx_hal_uart.o
                0x0810b6a0                HAL_UART_Init
 .text.HAL_UART_DeInit
                0x0810b83c      0x10c ./Drivers/STM32H7xx_HAL_Driver/stm32h7xx_hal_uart.o
                0x0810b83c                HAL_UART_DeInit
 .text.HAL_UART_Transmit
                0x0810b948      0x11c ./Drivers/STM32H7xx_HAL_Driver/stm32h7xx_hal_uart.o
                0x0810b948                HAL_UART_Transmit
 .text.HAL_UART_Receive_DMA
                0x0810ba64       0x98 ./Drivers/STM32H7xx_HAL_Driver/stm32h7xx_hal_uart.o
                0x0810ba64                HAL_UART_Receive_DMA
 .text.HAL_UART_DMAStop
                0x0810bafc      0x12c ./Drivers/STM32H7xx_HAL_Driver/stm32h7xx_hal_uart.o
                0x0810bafc                HAL_UART_DMAStop
 .text.HAL_UART_IRQHandler
                0x0810bc28      0x774 ./Drivers/STM32H7xx_HAL_Driver/stm32h7xx_hal_uart.o
                0x0810bc28                HAL_UART_IRQHandler
 .text.HAL_UART_TxCpltCallback
                0x0810c39c       0x14 ./Drivers/STM32H7xx_HAL_Driver/stm32h7xx_hal_uart.o
                0x0810c39c                HAL_UART_TxCpltCallback
 .text.HAL_UART_RxHalfCpltCallback
                0x0810c3b0       0x14 ./Drivers/STM32H7xx_HAL_Driver/stm32h7xx_hal_uart.o
                0x0810c3b0                HAL_UART_RxHalfCpltCallback
 .text.HAL_UART_ErrorCallback
                0x0810c3c4       0x14 ./Drivers/STM32H7xx_HAL_Driver/stm32h7xx_hal_uart.o
                0x0810c3c4                HAL_UART_ErrorCallback
 .text.UART_SetConfig
                0x0810c3d8      0xc88 ./Drivers/STM32H7xx_HAL_Driver/stm32h7xx_hal_uart.o
                0x0810c3d8                UART_SetConfig
 .text.UART_AdvFeatureConfig
                0x0810d060      0x2e8 ./Drivers/STM32H7xx_HAL_Driver/stm32h7xx_hal_uart.o
                0x0810d060                UART_AdvFeatureConfig
 .text.UART_CheckIdleState
                0x0810d348      0x154 ./Drivers/STM32H7xx_HAL_Driver/stm32h7xx_hal_uart.o
                0x0810d348                UART_CheckIdleState
 .text.UART_WaitOnFlagUntilTimeout
                0x0810d49c       0xda ./Drivers/STM32H7xx_HAL_Driver/stm32h7xx_hal_uart.o
                0x0810d49c                UART_WaitOnFlagUntilTimeout
 *fill*         0x0810d576        0x2 
 .text.UART_Start_Receive_DMA
                0x0810d578      0x14c ./Drivers/STM32H7xx_HAL_Driver/stm32h7xx_hal_uart.o
                0x0810d578                UART_Start_Receive_DMA
 .text.UART_EndTxTransfer
                0x0810d6c4       0x82 ./Drivers/STM32H7xx_HAL_Driver/stm32h7xx_hal_uart.o
 .text.UART_EndRxTransfer
                0x0810d746       0xcc ./Drivers/STM32H7xx_HAL_Driver/stm32h7xx_hal_uart.o
 .text.UART_DMAReceiveCplt
                0x0810d812      0x128 ./Drivers/STM32H7xx_HAL_Driver/stm32h7xx_hal_uart.o
 .text.UART_DMARxHalfCplt
                0x0810d93a       0x3e ./Drivers/STM32H7xx_HAL_Driver/stm32h7xx_hal_uart.o
 .text.UART_DMAError
                0x0810d978       0x80 ./Drivers/STM32H7xx_HAL_Driver/stm32h7xx_hal_uart.o
 .text.UART_DMAAbortOnError
                0x0810d9f8       0x2c ./Drivers/STM32H7xx_HAL_Driver/stm32h7xx_hal_uart.o
 .text.UART_EndTransmit_IT
                0x0810da24       0x56 ./Drivers/STM32H7xx_HAL_Driver/stm32h7xx_hal_uart.o
 .text.HAL_UARTEx_WakeupCallback
                0x0810da7a       0x14 ./Drivers/STM32H7xx_HAL_Driver/stm32h7xx_hal_uart_ex.o
                0x0810da7a                HAL_UARTEx_WakeupCallback
 .text.HAL_UARTEx_RxFifoFullCallback
                0x0810da8e       0x14 ./Drivers/STM32H7xx_HAL_Driver/stm32h7xx_hal_uart_ex.o
                0x0810da8e                HAL_UARTEx_RxFifoFullCallback
 .text.HAL_UARTEx_TxFifoEmptyCallback
                0x0810daa2       0x14 ./Drivers/STM32H7xx_HAL_Driver/stm32h7xx_hal_uart_ex.o
                0x0810daa2                HAL_UARTEx_TxFifoEmptyCallback
 *fill*         0x0810dab6        0x2 
 .text.HAL_UARTEx_DisableFifoMode
                0x0810dab8       0xec ./Drivers/STM32H7xx_HAL_Driver/stm32h7xx_hal_uart_ex.o
                0x0810dab8                HAL_UARTEx_DisableFifoMode
 .text.HAL_UARTEx_SetTxFifoThreshold
                0x0810dba4      0x134 ./Drivers/STM32H7xx_HAL_Driver/stm32h7xx_hal_uart_ex.o
                0x0810dba4                HAL_UARTEx_SetTxFifoThreshold
 .text.HAL_UARTEx_SetRxFifoThreshold
                0x0810dcd8      0x134 ./Drivers/STM32H7xx_HAL_Driver/stm32h7xx_hal_uart_ex.o
                0x0810dcd8                HAL_UARTEx_SetRxFifoThreshold
 .text.HAL_UARTEx_ReceiveToIdle_DMA
                0x0810de0c       0xa8 ./Drivers/STM32H7xx_HAL_Driver/stm32h7xx_hal_uart_ex.o
                0x0810de0c                HAL_UARTEx_ReceiveToIdle_DMA
 .text.UARTEx_SetNbDataToProcess
                0x0810deb4       0x9c ./Drivers/STM32H7xx_HAL_Driver/stm32h7xx_hal_uart_ex.o
 .text.SDMMC_Init
                0x0810df50       0xe8 ./Drivers/STM32H7xx_HAL_Driver/stm32h7xx_ll_sdmmc.o
                0x0810df50                SDMMC_Init
 .text.SDMMC_ReadFIFO
                0x0810e038       0x1a ./Drivers/STM32H7xx_HAL_Driver/stm32h7xx_ll_sdmmc.o
                0x0810e038                SDMMC_ReadFIFO
 .text.SDMMC_PowerState_ON
                0x0810e052       0x22 ./Drivers/STM32H7xx_HAL_Driver/stm32h7xx_ll_sdmmc.o
                0x0810e052                SDMMC_PowerState_ON
 .text.SDMMC_PowerState_OFF
                0x0810e074       0x22 ./Drivers/STM32H7xx_HAL_Driver/stm32h7xx_ll_sdmmc.o
                0x0810e074                SDMMC_PowerState_OFF
 .text.SDMMC_GetPowerState
                0x0810e096       0x1c ./Drivers/STM32H7xx_HAL_Driver/stm32h7xx_ll_sdmmc.o
                0x0810e096                SDMMC_GetPowerState
 *fill*         0x0810e0b2        0x2 
 .text.SDMMC_SendCommand
                0x0810e0b4       0xd0 ./Drivers/STM32H7xx_HAL_Driver/stm32h7xx_ll_sdmmc.o
                0x0810e0b4                SDMMC_SendCommand
 .text.SDMMC_GetCommandResponse
                0x0810e184       0x1a ./Drivers/STM32H7xx_HAL_Driver/stm32h7xx_ll_sdmmc.o
                0x0810e184                SDMMC_GetCommandResponse
 *fill*         0x0810e19e        0x2 
 .text.SDMMC_GetResponse
                0x0810e1a0       0x48 ./Drivers/STM32H7xx_HAL_Driver/stm32h7xx_ll_sdmmc.o
                0x0810e1a0                SDMMC_GetResponse
 .text.SDMMC_ConfigData
                0x0810e1e8      0x13c ./Drivers/STM32H7xx_HAL_Driver/stm32h7xx_ll_sdmmc.o
                0x0810e1e8                SDMMC_ConfigData
 .text.SDMMC_CmdBlockLength
                0x0810e324       0x46 ./Drivers/STM32H7xx_HAL_Driver/stm32h7xx_ll_sdmmc.o
                0x0810e324                SDMMC_CmdBlockLength
 .text.SDMMC_CmdReadSingleBlock
                0x0810e36a       0x46 ./Drivers/STM32H7xx_HAL_Driver/stm32h7xx_ll_sdmmc.o
                0x0810e36a                SDMMC_CmdReadSingleBlock
 .text.SDMMC_CmdReadMultiBlock
                0x0810e3b0       0x46 ./Drivers/STM32H7xx_HAL_Driver/stm32h7xx_ll_sdmmc.o
                0x0810e3b0                SDMMC_CmdReadMultiBlock
 .text.SDMMC_CmdWriteSingleBlock
                0x0810e3f6       0x46 ./Drivers/STM32H7xx_HAL_Driver/stm32h7xx_ll_sdmmc.o
                0x0810e3f6                SDMMC_CmdWriteSingleBlock
 .text.SDMMC_CmdWriteMultiBlock
                0x0810e43c       0x46 ./Drivers/STM32H7xx_HAL_Driver/stm32h7xx_ll_sdmmc.o
                0x0810e43c                SDMMC_CmdWriteMultiBlock
 .text.SDMMC_CmdSelDesel
                0x0810e482       0x46 ./Drivers/STM32H7xx_HAL_Driver/stm32h7xx_ll_sdmmc.o
                0x0810e482                SDMMC_CmdSelDesel
 .text.SDMMC_CmdGoIdleState
                0x0810e4c8       0x3c ./Drivers/STM32H7xx_HAL_Driver/stm32h7xx_ll_sdmmc.o
                0x0810e4c8                SDMMC_CmdGoIdleState
 .text.SDMMC_CmdOperCond
                0x0810e504       0x40 ./Drivers/STM32H7xx_HAL_Driver/stm32h7xx_ll_sdmmc.o
                0x0810e504                SDMMC_CmdOperCond
 .text.SDMMC_CmdAppCommand
                0x0810e544       0x46 ./Drivers/STM32H7xx_HAL_Driver/stm32h7xx_ll_sdmmc.o
                0x0810e544                SDMMC_CmdAppCommand
 .text.SDMMC_CmdAppOperCommand
                0x0810e58a       0x40 ./Drivers/STM32H7xx_HAL_Driver/stm32h7xx_ll_sdmmc.o
                0x0810e58a                SDMMC_CmdAppOperCommand
 .text.SDMMC_CmdBusWidth
                0x0810e5ca       0x46 ./Drivers/STM32H7xx_HAL_Driver/stm32h7xx_ll_sdmmc.o
                0x0810e5ca                SDMMC_CmdBusWidth
 .text.SDMMC_CmdSendSCR
                0x0810e610       0x44 ./Drivers/STM32H7xx_HAL_Driver/stm32h7xx_ll_sdmmc.o
                0x0810e610                SDMMC_CmdSendSCR
 .text.SDMMC_CmdSendCID
                0x0810e654       0x3e ./Drivers/STM32H7xx_HAL_Driver/stm32h7xx_ll_sdmmc.o
                0x0810e654                SDMMC_CmdSendCID
 .text.SDMMC_CmdSendCSD
                0x0810e692       0x40 ./Drivers/STM32H7xx_HAL_Driver/stm32h7xx_ll_sdmmc.o
                0x0810e692                SDMMC_CmdSendCSD
 .text.SDMMC_CmdSetRelAdd
                0x0810e6d2       0x44 ./Drivers/STM32H7xx_HAL_Driver/stm32h7xx_ll_sdmmc.o
                0x0810e6d2                SDMMC_CmdSetRelAdd
 .text.SDMMC_CmdSendStatus
                0x0810e716       0x46 ./Drivers/STM32H7xx_HAL_Driver/stm32h7xx_ll_sdmmc.o
                0x0810e716                SDMMC_CmdSendStatus
 .text.SDMMC_CmdStatusRegister
                0x0810e75c       0x44 ./Drivers/STM32H7xx_HAL_Driver/stm32h7xx_ll_sdmmc.o
                0x0810e75c                SDMMC_CmdStatusRegister
 .text.SDMMC_GetCmdResp1
                0x0810e7a0      0x1e4 ./Drivers/STM32H7xx_HAL_Driver/stm32h7xx_ll_sdmmc.o
                0x0810e7a0                SDMMC_GetCmdResp1
 .text.SDMMC_GetCmdResp2
                0x0810e984       0x94 ./Drivers/STM32H7xx_HAL_Driver/stm32h7xx_ll_sdmmc.o
                0x0810e984                SDMMC_GetCmdResp2
 .text.SDMMC_GetCmdResp3
                0x0810ea18       0x80 ./Drivers/STM32H7xx_HAL_Driver/stm32h7xx_ll_sdmmc.o
                0x0810ea18                SDMMC_GetCmdResp3
 .text.SDMMC_GetCmdResp6
                0x0810ea98       0xf0 ./Drivers/STM32H7xx_HAL_Driver/stm32h7xx_ll_sdmmc.o
                0x0810ea98                SDMMC_GetCmdResp6
 .text.SDMMC_GetCmdResp7
                0x0810eb88       0x9c ./Drivers/STM32H7xx_HAL_Driver/stm32h7xx_ll_sdmmc.o
                0x0810eb88                SDMMC_GetCmdResp7
 .text.SDMMC_GetCmdError
                0x0810ec24       0x5c ./Drivers/STM32H7xx_HAL_Driver/stm32h7xx_ll_sdmmc.o
 .text.MX_FATFS_Init
                0x0810ec80       0x24 ./FATFS/App/fatfs.o
                0x0810ec80                MX_FATFS_Init
 .text.get_fattime
                0x0810eca4       0x10 ./FATFS/App/fatfs.o
                0x0810eca4                get_fattime
 .text.BSP_SD_Init
                0x0810ecb4       0x4c ./FATFS/Target/bsp_driver_sd.o
                0x0810ecb4                BSP_SD_Init
 .text.BSP_SD_ReadBlocks_DMA
                0x0810ed00       0x34 ./FATFS/Target/bsp_driver_sd.o
                0x0810ed00                BSP_SD_ReadBlocks_DMA
 .text.BSP_SD_WriteBlocks_DMA
                0x0810ed34       0x34 ./FATFS/Target/bsp_driver_sd.o
                0x0810ed34                BSP_SD_WriteBlocks_DMA
 .text.BSP_SD_GetCardState
                0x0810ed68       0x20 ./FATFS/Target/bsp_driver_sd.o
                0x0810ed68                BSP_SD_GetCardState
 .text.BSP_SD_GetCardInfo
                0x0810ed88       0x1c ./FATFS/Target/bsp_driver_sd.o
                0x0810ed88                BSP_SD_GetCardInfo
 .text.BSP_SD_IsDetected
                0x0810eda4       0x24 ./FATFS/Target/bsp_driver_sd.o
                0x0810eda4                BSP_SD_IsDetected
 .text.BSP_PlatformIsDetected
                0x0810edc8       0x2c ./FATFS/Target/fatfs_platform.o
                0x0810edc8                BSP_PlatformIsDetected
 .text.SD_CheckStatusWithTimeout
                0x0810edf4       0x3a ./FATFS/Target/sd_diskio.o
 *fill*         0x0810ee2e        0x2 
 .text.SD_CheckStatus
                0x0810ee30       0x3c ./FATFS/Target/sd_diskio.o
 .text.SD_initialize
                0x0810ee6c       0x38 ./FATFS/Target/sd_diskio.o
                0x0810ee6c                SD_initialize
 .text.SD_status
                0x0810eea4       0x1c ./FATFS/Target/sd_diskio.o
                0x0810eea4                SD_status
 .text.SD_read  0x0810eec0       0xac ./FATFS/Target/sd_diskio.o
                0x0810eec0                SD_read
 .text.SD_write
                0x0810ef6c       0xac ./FATFS/Target/sd_diskio.o
                0x0810ef6c                SD_write
 .text.SD_ioctl
                0x0810f018       0xb0 ./FATFS/Target/sd_diskio.o
                0x0810f018                SD_ioctl
 .text.ff_convert
                0x0810f0c8       0x78 ./Middlewares/Third_Party/FatFs/ccsbcs.o
                0x0810f0c8                ff_convert
 .text.ff_wtoupper
                0x0810f140      0x114 ./Middlewares/Third_Party/FatFs/ccsbcs.o
                0x0810f140                ff_wtoupper
 .text.disk_status
                0x0810f254       0x34 ./Middlewares/Third_Party/FatFs/diskio.o
                0x0810f254                disk_status
 .text.disk_initialize
                0x0810f288       0x50 ./Middlewares/Third_Party/FatFs/diskio.o
                0x0810f288                disk_initialize
 .text.disk_read
                0x0810f2d8       0x40 ./Middlewares/Third_Party/FatFs/diskio.o
                0x0810f2d8                disk_read
 .text.disk_write
                0x0810f318       0x40 ./Middlewares/Third_Party/FatFs/diskio.o
                0x0810f318                disk_write
 .text.disk_ioctl
                0x0810f358       0x3c ./Middlewares/Third_Party/FatFs/diskio.o
                0x0810f358                disk_ioctl
 .text.ld_word  0x0810f394       0x30 ./Middlewares/Third_Party/FatFs/ff.o
 .text.ld_dword
                0x0810f3c4       0x46 ./Middlewares/Third_Party/FatFs/ff.o
 .text.ld_qword
                0x0810f40a      0x1b6 ./Middlewares/Third_Party/FatFs/ff.o
 .text.st_word  0x0810f5c0       0x36 ./Middlewares/Third_Party/FatFs/ff.o
 .text.st_dword
                0x0810f5f6       0x58 ./Middlewares/Third_Party/FatFs/ff.o
 .text.st_qword
                0x0810f64e      0x110 ./Middlewares/Third_Party/FatFs/ff.o
 .text.mem_cpy  0x0810f75e       0x42 ./Middlewares/Third_Party/FatFs/ff.o
 .text.mem_set  0x0810f7a0       0x36 ./Middlewares/Third_Party/FatFs/ff.o
 .text.mem_cmp  0x0810f7d6       0x4e ./Middlewares/Third_Party/FatFs/ff.o
 .text.chk_chr  0x0810f824       0x36 ./Middlewares/Third_Party/FatFs/ff.o
 *fill*         0x0810f85a        0x2 
 .text.chk_lock
                0x0810f85c       0xb8 ./Middlewares/Third_Party/FatFs/ff.o
 .text.enq_lock
                0x0810f914       0x44 ./Middlewares/Third_Party/FatFs/ff.o
 .text.inc_lock
                0x0810f958      0x11c ./Middlewares/Third_Party/FatFs/ff.o
 .text.dec_lock
                0x0810fa74       0x78 ./Middlewares/Third_Party/FatFs/ff.o
 .text.clear_lock
                0x0810faec       0x48 ./Middlewares/Third_Party/FatFs/ff.o
 .text.sync_window
                0x0810fb34       0x88 ./Middlewares/Third_Party/FatFs/ff.o
 .text.move_window
                0x0810fbbc       0x5a ./Middlewares/Third_Party/FatFs/ff.o
 *fill*         0x0810fc16        0x2 
 .text.sync_fs  0x0810fc18       0xdc ./Middlewares/Third_Party/FatFs/ff.o
 .text.clust2sect
                0x0810fcf4       0x3e ./Middlewares/Third_Party/FatFs/ff.o
 *fill*         0x0810fd32        0x2 
 .text.get_fat  0x0810fd34      0x234 ./Middlewares/Third_Party/FatFs/ff.o
 .text.put_fat  0x0810ff68      0x1dc ./Middlewares/Third_Party/FatFs/ff.o
 .text.find_bitmap
                0x08110144       0xf8 ./Middlewares/Third_Party/FatFs/ff.o
 .text.change_bitmap
                0x0811023c       0xd4 ./Middlewares/Third_Party/FatFs/ff.o
 .text.fill_first_frag
                0x08110310       0x5e ./Middlewares/Third_Party/FatFs/ff.o
 .text.fill_last_frag
                0x0811036e       0x62 ./Middlewares/Third_Party/FatFs/ff.o
 .text.remove_chain
                0x081103d0      0x168 ./Middlewares/Third_Party/FatFs/ff.o
 .text.create_chain
                0x08110538      0x202 ./Middlewares/Third_Party/FatFs/ff.o
 .text.clmt_clust
                0x0811073a       0x88 ./Middlewares/Third_Party/FatFs/ff.o
 .text.dir_sdi  0x081107c2      0x10c ./Middlewares/Third_Party/FatFs/ff.o
 .text.dir_next
                0x081108ce      0x1aa ./Middlewares/Third_Party/FatFs/ff.o
 .text.dir_alloc
                0x08110a78       0xb8 ./Middlewares/Third_Party/FatFs/ff.o
 .text.ld_clust
                0x08110b30       0x3e ./Middlewares/Third_Party/FatFs/ff.o
 .text.st_clust
                0x08110b6e       0x40 ./Middlewares/Third_Party/FatFs/ff.o
 *fill*         0x08110bae        0x2 
 .text.cmp_lfn  0x08110bb0       0xe0 ./Middlewares/Third_Party/FatFs/ff.o
 .text.pick_lfn
                0x08110c90       0xc8 ./Middlewares/Third_Party/FatFs/ff.o
 .text.put_lfn  0x08110d58       0xd0 ./Middlewares/Third_Party/FatFs/ff.o
 .text.gen_numname
                0x08110e28      0x11c ./Middlewares/Third_Party/FatFs/ff.o
 .text.sum_sfn  0x08110f44       0x42 ./Middlewares/Third_Party/FatFs/ff.o
 .text.xdir_sum
                0x08110f86       0x64 ./Middlewares/Third_Party/FatFs/ff.o
 .text.xname_sum
                0x08110fea       0x68 ./Middlewares/Third_Party/FatFs/ff.o
 .text.xsum32   0x08111052       0x26 ./Middlewares/Third_Party/FatFs/ff.o
 .text.load_xdir
                0x08111078      0x17c ./Middlewares/Third_Party/FatFs/ff.o
 .text.load_obj_dir
                0x081111f4       0x6c ./Middlewares/Third_Party/FatFs/ff.o
 .text.store_xdir
                0x08111260       0xb6 ./Middlewares/Third_Party/FatFs/ff.o
 .text.create_xdir
                0x08111316       0xce ./Middlewares/Third_Party/FatFs/ff.o
 .text.dir_read
                0x081113e4      0x18e ./Middlewares/Third_Party/FatFs/ff.o
 .text.dir_find
                0x08111572      0x254 ./Middlewares/Third_Party/FatFs/ff.o
 *fill*         0x081117c6        0x2 
 .text.dir_register
                0x081117c8      0x34c ./Middlewares/Third_Party/FatFs/ff.o
 .text.create_name
                0x08111b14      0x370 ./Middlewares/Third_Party/FatFs/ff.o
 .text.follow_path
                0x08111e84      0x152 ./Middlewares/Third_Party/FatFs/ff.o
 .text.get_ldnumber
                0x08111fd6       0x88 ./Middlewares/Third_Party/FatFs/ff.o
 *fill*         0x0811205e        0x2 
 .text.check_fs
                0x08112060       0xc8 ./Middlewares/Third_Party/FatFs/ff.o
 .text.find_volume
                0x08112128      0x6b8 ./Middlewares/Third_Party/FatFs/ff.o
 .text.validate
                0x081127e0       0x6a ./Middlewares/Third_Party/FatFs/ff.o
 *fill*         0x0811284a        0x2 
 .text.f_mount  0x0811284c       0x8c ./Middlewares/Third_Party/FatFs/ff.o
                0x0811284c                f_mount
 .text.f_open   0x081128d8      0x57a ./Middlewares/Third_Party/FatFs/ff.o
                0x081128d8                f_open
 .text.f_write  0x08112e52      0x368 ./Middlewares/Third_Party/FatFs/ff.o
                0x08112e52                f_write
 .text.f_sync   0x081131ba      0x23c ./Middlewares/Third_Party/FatFs/ff.o
                0x081131ba                f_sync
 .text.f_close  0x081133f6       0x54 ./Middlewares/Third_Party/FatFs/ff.o
                0x081133f6                f_close
 .text.f_lseek  0x0811344a      0x798 ./Middlewares/Third_Party/FatFs/ff.o
                0x0811344a                f_lseek
 .text.f_expand
                0x08113be2      0x296 ./Middlewares/Third_Party/FatFs/ff.o
                0x08113be2                f_expand
 .text.f_mkfs   0x08113e78     0x11c4 ./Middlewares/Third_Party/FatFs/ff.o
                0x08113e78                f_mkfs
 .text.FATFS_LinkDriverEx
                0x0811503c       0x98 ./Middlewares/Third_Party/FatFs/ff_gen_drv.o
                0x0811503c                FATFS_LinkDriverEx
 .text.FATFS_LinkDriver
                0x081150d4       0x1e ./Middlewares/Third_Party/FatFs/ff_gen_drv.o
                0x081150d4                FATFS_LinkDriver
 *fill*         0x081150f2        0x2 
 .text.snprintf
                0x081150f4       0x68 /Applications/STM32CubeIDE.app/Contents/Eclipse/plugins/com.st.stm32cube.ide.mcu.externaltools.gnu-tools-for-stm32.12.3.rel1.macos64_1.0.200.202406191456/tools/bin/../lib/gcc/arm-none-eabi/12.3.1/../../../../arm-none-eabi/lib/thumb/v7e-m+fp/hard/libc_nano.a(libc_a-snprintf.o)
                0x081150f4                snprintf
                0x081150f4                sniprintf
 .text.rand     0x0811515c       0x7c /Applications/STM32CubeIDE.app/Contents/Eclipse/plugins/com.st.stm32cube.ide.mcu.externaltools.gnu-tools-for-stm32.12.3.rel1.macos64_1.0.200.202406191456/tools/bin/../lib/gcc/arm-none-eabi/12.3.1/../../../../arm-none-eabi/lib/thumb/v7e-m+fp/hard/libc_nano.a(libc_a-rand.o)
                0x0811515c                rand
 .text.std      0x081151d8       0x6c /Applications/STM32CubeIDE.app/Contents/Eclipse/plugins/com.st.stm32cube.ide.mcu.externaltools.gnu-tools-for-stm32.12.3.rel1.macos64_1.0.200.202406191456/tools/bin/../lib/gcc/arm-none-eabi/12.3.1/../../../../arm-none-eabi/lib/thumb/v7e-m+fp/hard/libc_nano.a(libc_a-findfp.o)
 .text.stdio_exit_handler
                0x08115244       0x18 /Applications/STM32CubeIDE.app/Contents/Eclipse/plugins/com.st.stm32cube.ide.mcu.externaltools.gnu-tools-for-stm32.12.3.rel1.macos64_1.0.200.202406191456/tools/bin/../lib/gcc/arm-none-eabi/12.3.1/../../../../arm-none-eabi/lib/thumb/v7e-m+fp/hard/libc_nano.a(libc_a-findfp.o)
 .text.cleanup_stdio
                0x0811525c       0x40 /Applications/STM32CubeIDE.app/Contents/Eclipse/plugins/com.st.stm32cube.ide.mcu.externaltools.gnu-tools-for-stm32.12.3.rel1.macos64_1.0.200.202406191456/tools/bin/../lib/gcc/arm-none-eabi/12.3.1/../../../../arm-none-eabi/lib/thumb/v7e-m+fp/hard/libc_nano.a(libc_a-findfp.o)
 .text.global_stdio_init.part.0
                0x0811529c       0x3c /Applications/STM32CubeIDE.app/Contents/Eclipse/plugins/com.st.stm32cube.ide.mcu.externaltools.gnu-tools-for-stm32.12.3.rel1.macos64_1.0.200.202406191456/tools/bin/../lib/gcc/arm-none-eabi/12.3.1/../../../../arm-none-eabi/lib/thumb/v7e-m+fp/hard/libc_nano.a(libc_a-findfp.o)
 .text.__sfp_lock_acquire
                0x081152d8        0xc /Applications/STM32CubeIDE.app/Contents/Eclipse/plugins/com.st.stm32cube.ide.mcu.externaltools.gnu-tools-for-stm32.12.3.rel1.macos64_1.0.200.202406191456/tools/bin/../lib/gcc/arm-none-eabi/12.3.1/../../../../arm-none-eabi/lib/thumb/v7e-m+fp/hard/libc_nano.a(libc_a-findfp.o)
                0x081152d8                __sfp_lock_acquire
 .text.__sfp_lock_release
                0x081152e4        0xc /Applications/STM32CubeIDE.app/Contents/Eclipse/plugins/com.st.stm32cube.ide.mcu.externaltools.gnu-tools-for-stm32.12.3.rel1.macos64_1.0.200.202406191456/tools/bin/../lib/gcc/arm-none-eabi/12.3.1/../../../../arm-none-eabi/lib/thumb/v7e-m+fp/hard/libc_nano.a(libc_a-findfp.o)
                0x081152e4                __sfp_lock_release
 .text.__sinit  0x081152f0       0x30 /Applications/STM32CubeIDE.app/Contents/Eclipse/plugins/com.st.stm32cube.ide.mcu.externaltools.gnu-tools-for-stm32.12.3.rel1.macos64_1.0.200.202406191456/tools/bin/../lib/gcc/arm-none-eabi/12.3.1/../../../../arm-none-eabi/lib/thumb/v7e-m+fp/hard/libc_nano.a(libc_a-findfp.o)
                0x081152f0                __sinit
 .text._fwalk_sglue
                0x08115320       0x3c /Applications/STM32CubeIDE.app/Contents/Eclipse/plugins/com.st.stm32cube.ide.mcu.externaltools.gnu-tools-for-stm32.12.3.rel1.macos64_1.0.200.202406191456/tools/bin/../lib/gcc/arm-none-eabi/12.3.1/../../../../arm-none-eabi/lib/thumb/v7e-m+fp/hard/libc_nano.a(libc_a-fwalk.o)
                0x08115320                _fwalk_sglue
 .text.memset   0x0811535c       0x10 /Applications/STM32CubeIDE.app/Contents/Eclipse/plugins/com.st.stm32cube.ide.mcu.externaltools.gnu-tools-for-stm32.12.3.rel1.macos64_1.0.200.202406191456/tools/bin/../lib/gcc/arm-none-eabi/12.3.1/../../../../arm-none-eabi/lib/thumb/v7e-m+fp/hard/libc_nano.a(libc_a-memset.o)
                0x0811535c                memset
 .text.iso_year_adjust
                0x0811536c       0xa4 /Applications/STM32CubeIDE.app/Contents/Eclipse/plugins/com.st.stm32cube.ide.mcu.externaltools.gnu-tools-for-stm32.12.3.rel1.macos64_1.0.200.202406191456/tools/bin/../lib/gcc/arm-none-eabi/12.3.1/../../../../arm-none-eabi/lib/thumb/v7e-m+fp/hard/libc_nano.a(libc_a-strftime.o)
 .text.__strftime.isra.0
                0x08115410      0x9a4 /Applications/STM32CubeIDE.app/Contents/Eclipse/plugins/com.st.stm32cube.ide.mcu.externaltools.gnu-tools-for-stm32.12.3.rel1.macos64_1.0.200.202406191456/tools/bin/../lib/gcc/arm-none-eabi/12.3.1/../../../../arm-none-eabi/lib/thumb/v7e-m+fp/hard/libc_nano.a(libc_a-strftime.o)
 .text.strftime
                0x08115db4        0x4 /Applications/STM32CubeIDE.app/Contents/Eclipse/plugins/com.st.stm32cube.ide.mcu.externaltools.gnu-tools-for-stm32.12.3.rel1.macos64_1.0.200.202406191456/tools/bin/../lib/gcc/arm-none-eabi/12.3.1/../../../../arm-none-eabi/lib/thumb/v7e-m+fp/hard/libc_nano.a(libc_a-strftime.o)
                0x08115db4                strftime
 .text.__tz_lock
                0x08115db8        0xc /Applications/STM32CubeIDE.app/Contents/Eclipse/plugins/com.st.stm32cube.ide.mcu.externaltools.gnu-tools-for-stm32.12.3.rel1.macos64_1.0.200.202406191456/tools/bin/../lib/gcc/arm-none-eabi/12.3.1/../../../../arm-none-eabi/lib/thumb/v7e-m+fp/hard/libc_nano.a(libc_a-tzlock.o)
                0x08115db8                __tz_lock
 .text.__tz_unlock
                0x08115dc4        0xc /Applications/STM32CubeIDE.app/Contents/Eclipse/plugins/com.st.stm32cube.ide.mcu.externaltools.gnu-tools-for-stm32.12.3.rel1.macos64_1.0.200.202406191456/tools/bin/../lib/gcc/arm-none-eabi/12.3.1/../../../../arm-none-eabi/lib/thumb/v7e-m+fp/hard/libc_nano.a(libc_a-tzlock.o)
                0x08115dc4                __tz_unlock
 .text._tzset_unlocked
                0x08115dd0        0xc /Applications/STM32CubeIDE.app/Contents/Eclipse/plugins/com.st.stm32cube.ide.mcu.externaltools.gnu-tools-for-stm32.12.3.rel1.macos64_1.0.200.202406191456/tools/bin/../lib/gcc/arm-none-eabi/12.3.1/../../../../arm-none-eabi/lib/thumb/v7e-m+fp/hard/libc_nano.a(libc_a-tzset.o)
                0x08115dd0                _tzset_unlocked
 .text._tzset_unlocked_r
                0x08115ddc      0x444 /Applications/STM32CubeIDE.app/Contents/Eclipse/plugins/com.st.stm32cube.ide.mcu.externaltools.gnu-tools-for-stm32.12.3.rel1.macos64_1.0.200.202406191456/tools/bin/../lib/gcc/arm-none-eabi/12.3.1/../../../../arm-none-eabi/lib/thumb/v7e-m+fp/hard/libc_nano.a(libc_a-tzset_r.o)
                0x08115ddc                _tzset_unlocked_r
 .text.__gettzinfo
                0x08116220        0x8 /Applications/STM32CubeIDE.app/Contents/Eclipse/plugins/com.st.stm32cube.ide.mcu.externaltools.gnu-tools-for-stm32.12.3.rel1.macos64_1.0.200.202406191456/tools/bin/../lib/gcc/arm-none-eabi/12.3.1/../../../../arm-none-eabi/lib/thumb/v7e-m+fp/hard/libc_nano.a(libc_a-gettzinfo.o)
                0x08116220                __gettzinfo
 .text.__errno  0x08116228        0xc /Applications/STM32CubeIDE.app/Contents/Eclipse/plugins/com.st.stm32cube.ide.mcu.externaltools.gnu-tools-for-stm32.12.3.rel1.macos64_1.0.200.202406191456/tools/bin/../lib/gcc/arm-none-eabi/12.3.1/../../../../arm-none-eabi/lib/thumb/v7e-m+fp/hard/libc_nano.a(libc_a-errno.o)
                0x08116228                __errno
 .text.__libc_init_array
                0x08116234       0x48 /Applications/STM32CubeIDE.app/Contents/Eclipse/plugins/com.st.stm32cube.ide.mcu.externaltools.gnu-tools-for-stm32.12.3.rel1.macos64_1.0.200.202406191456/tools/bin/../lib/gcc/arm-none-eabi/12.3.1/../../../../arm-none-eabi/lib/thumb/v7e-m+fp/hard/libc_nano.a(libc_a-init.o)
                0x08116234                __libc_init_array
 .text.__retarget_lock_init_recursive
                0x0811627c        0x2 /Applications/STM32CubeIDE.app/Contents/Eclipse/plugins/com.st.stm32cube.ide.mcu.externaltools.gnu-tools-for-stm32.12.3.rel1.macos64_1.0.200.202406191456/tools/bin/../lib/gcc/arm-none-eabi/12.3.1/../../../../arm-none-eabi/lib/thumb/v7e-m+fp/hard/libc_nano.a(libc_a-lock.o)
                0x0811627c                __retarget_lock_init_recursive
 .text.__retarget_lock_acquire
                0x0811627e        0x2 /Applications/STM32CubeIDE.app/Contents/Eclipse/plugins/com.st.stm32cube.ide.mcu.externaltools.gnu-tools-for-stm32.12.3.rel1.macos64_1.0.200.202406191456/tools/bin/../lib/gcc/arm-none-eabi/12.3.1/../../../../arm-none-eabi/lib/thumb/v7e-m+fp/hard/libc_nano.a(libc_a-lock.o)
                0x0811627e                __retarget_lock_acquire
 .text.__retarget_lock_acquire_recursive
                0x08116280        0x2 /Applications/STM32CubeIDE.app/Contents/Eclipse/plugins/com.st.stm32cube.ide.mcu.externaltools.gnu-tools-for-stm32.12.3.rel1.macos64_1.0.200.202406191456/tools/bin/../lib/gcc/arm-none-eabi/12.3.1/../../../../arm-none-eabi/lib/thumb/v7e-m+fp/hard/libc_nano.a(libc_a-lock.o)
                0x08116280                __retarget_lock_acquire_recursive
 .text.__retarget_lock_release
                0x08116282        0x2 /Applications/STM32CubeIDE.app/Contents/Eclipse/plugins/com.st.stm32cube.ide.mcu.externaltools.gnu-tools-for-stm32.12.3.rel1.macos64_1.0.200.202406191456/tools/bin/../lib/gcc/arm-none-eabi/12.3.1/../../../../arm-none-eabi/lib/thumb/v7e-m+fp/hard/libc_nano.a(libc_a-lock.o)
                0x08116282                __retarget_lock_release
 .text.__retarget_lock_release_recursive
                0x08116284        0x2 /Applications/STM32CubeIDE.app/Contents/Eclipse/plugins/com.st.stm32cube.ide.mcu.externaltools.gnu-tools-for-stm32.12.3.rel1.macos64_1.0.200.202406191456/tools/bin/../lib/gcc/arm-none-eabi/12.3.1/../../../../arm-none-eabi/lib/thumb/v7e-m+fp/hard/libc_nano.a(libc_a-lock.o)
                0x08116284                __retarget_lock_release_recursive
 .text.memcpy   0x08116286       0x1c /Applications/STM32CubeIDE.app/Contents/Eclipse/plugins/com.st.stm32cube.ide.mcu.externaltools.gnu-tools-for-stm32.12.3.rel1.macos64_1.0.200.202406191456/tools/bin/../lib/gcc/arm-none-eabi/12.3.1/../../../../arm-none-eabi/lib/thumb/v7e-m+fp/hard/libc_nano.a(libc_a-memcpy-stub.o)
                0x08116286                memcpy
 .text.strcpy   0x081162a2       0x10 /Applications/STM32CubeIDE.app/Contents/Eclipse/plugins/com.st.stm32cube.ide.mcu.externaltools.gnu-tools-for-stm32.12.3.rel1.macos64_1.0.200.202406191456/tools/bin/../lib/gcc/arm-none-eabi/12.3.1/../../../../arm-none-eabi/lib/thumb/v7e-m+fp/hard/libc_nano.a(libc_a-strcpy.o)
                0x081162a2                strcpy
 .text.abs      0x081162b2        0x8 /Applications/STM32CubeIDE.app/Contents/Eclipse/plugins/com.st.stm32cube.ide.mcu.externaltools.gnu-tools-for-stm32.12.3.rel1.macos64_1.0.200.202406191456/tools/bin/../lib/gcc/arm-none-eabi/12.3.1/../../../../arm-none-eabi/lib/thumb/v7e-m+fp/hard/libc_nano.a(libc_a-abs.o)
                0x081162b2                abs
 *fill*         0x081162ba        0x2 
 .text.__assert_func
                0x081162bc       0x3c /Applications/STM32CubeIDE.app/Contents/Eclipse/plugins/com.st.stm32cube.ide.mcu.externaltools.gnu-tools-for-stm32.12.3.rel1.macos64_1.0.200.202406191456/tools/bin/../lib/gcc/arm-none-eabi/12.3.1/../../../../arm-none-eabi/lib/thumb/v7e-m+fp/hard/libc_nano.a(libc_a-assert.o)
                0x081162bc                __assert_func
 .text._findenv_r
                0x081162f8       0x78 /Applications/STM32CubeIDE.app/Contents/Eclipse/plugins/com.st.stm32cube.ide.mcu.externaltools.gnu-tools-for-stm32.12.3.rel1.macos64_1.0.200.202406191456/tools/bin/../lib/gcc/arm-none-eabi/12.3.1/../../../../arm-none-eabi/lib/thumb/v7e-m+fp/hard/libc_nano.a(libc_a-getenv_r.o)
                0x081162f8                _findenv_r
 .text._getenv_r
                0x08116370        0xe /Applications/STM32CubeIDE.app/Contents/Eclipse/plugins/com.st.stm32cube.ide.mcu.externaltools.gnu-tools-for-stm32.12.3.rel1.macos64_1.0.200.202406191456/tools/bin/../lib/gcc/arm-none-eabi/12.3.1/../../../../arm-none-eabi/lib/thumb/v7e-m+fp/hard/libc_nano.a(libc_a-getenv_r.o)
                0x08116370                _getenv_r
 .text.labs     0x0811637e        0x8 /Applications/STM32CubeIDE.app/Contents/Eclipse/plugins/com.st.stm32cube.ide.mcu.externaltools.gnu-tools-for-stm32.12.3.rel1.macos64_1.0.200.202406191456/tools/bin/../lib/gcc/arm-none-eabi/12.3.1/../../../../arm-none-eabi/lib/thumb/v7e-m+fp/hard/libc_nano.a(libc_a-labs.o)
                0x0811637e                labs
 .text.__ssputs_r
                0x08116386       0xb6 /Applications/STM32CubeIDE.app/Contents/Eclipse/plugins/com.st.stm32cube.ide.mcu.externaltools.gnu-tools-for-stm32.12.3.rel1.macos64_1.0.200.202406191456/tools/bin/../lib/gcc/arm-none-eabi/12.3.1/../../../../arm-none-eabi/lib/thumb/v7e-m+fp/hard/libc_nano.a(libc_a-nano-svfprintf.o)
                0x08116386                __ssputs_r
 .text._svfprintf_r
                0x0811643c      0x1f8 /Applications/STM32CubeIDE.app/Contents/Eclipse/plugins/com.st.stm32cube.ide.mcu.externaltools.gnu-tools-for-stm32.12.3.rel1.macos64_1.0.200.202406191456/tools/bin/../lib/gcc/arm-none-eabi/12.3.1/../../../../arm-none-eabi/lib/thumb/v7e-m+fp/hard/libc_nano.a(libc_a-nano-svfprintf.o)
                0x0811643c                _svfprintf_r
                0x0811643c                _svfiprintf_r
 .text.malloc   0x08116634       0x10 /Applications/STM32CubeIDE.app/Contents/Eclipse/plugins/com.st.stm32cube.ide.mcu.externaltools.gnu-tools-for-stm32.12.3.rel1.macos64_1.0.200.202406191456/tools/bin/../lib/gcc/arm-none-eabi/12.3.1/../../../../arm-none-eabi/lib/thumb/v7e-m+fp/hard/libc_nano.a(libc_a-malloc.o)
                0x08116634                malloc
 .text.free     0x08116644       0x10 /Applications/STM32CubeIDE.app/Contents/Eclipse/plugins/com.st.stm32cube.ide.mcu.externaltools.gnu-tools-for-stm32.12.3.rel1.macos64_1.0.200.202406191456/tools/bin/../lib/gcc/arm-none-eabi/12.3.1/../../../../arm-none-eabi/lib/thumb/v7e-m+fp/hard/libc_nano.a(libc_a-malloc.o)
                0x08116644                free
 .text.sbrk_aligned
                0x08116654       0x44 /Applications/STM32CubeIDE.app/Contents/Eclipse/plugins/com.st.stm32cube.ide.mcu.externaltools.gnu-tools-for-stm32.12.3.rel1.macos64_1.0.200.202406191456/tools/bin/../lib/gcc/arm-none-eabi/12.3.1/../../../../arm-none-eabi/lib/thumb/v7e-m+fp/hard/libc_nano.a(libc_a-mallocr.o)
 .text._malloc_r
                0x08116698      0x100 /Applications/STM32CubeIDE.app/Contents/Eclipse/plugins/com.st.stm32cube.ide.mcu.externaltools.gnu-tools-for-stm32.12.3.rel1.macos64_1.0.200.202406191456/tools/bin/../lib/gcc/arm-none-eabi/12.3.1/../../../../arm-none-eabi/lib/thumb/v7e-m+fp/hard/libc_nano.a(libc_a-mallocr.o)
                0x08116698                _malloc_r
 .text._printf_common
                0x08116798       0xda /Applications/STM32CubeIDE.app/Contents/Eclipse/plugins/com.st.stm32cube.ide.mcu.externaltools.gnu-tools-for-stm32.12.3.rel1.macos64_1.0.200.202406191456/tools/bin/../lib/gcc/arm-none-eabi/12.3.1/../../../../arm-none-eabi/lib/thumb/v7e-m+fp/hard/libc_nano.a(libc_a-nano-vfprintf_i.o)
                0x08116798                _printf_common
 *fill*         0x08116872        0x2 
 .text._printf_i
                0x08116874      0x240 /Applications/STM32CubeIDE.app/Contents/Eclipse/plugins/com.st.stm32cube.ide.mcu.externaltools.gnu-tools-for-stm32.12.3.rel1.macos64_1.0.200.202406191456/tools/bin/../lib/gcc/arm-none-eabi/12.3.1/../../../../arm-none-eabi/lib/thumb/v7e-m+fp/hard/libc_nano.a(libc_a-nano-vfprintf_i.o)
                0x08116874                _printf_i
 .text.__sflush_r
                0x08116ab4      0x108 /Applications/STM32CubeIDE.app/Contents/Eclipse/plugins/com.st.stm32cube.ide.mcu.externaltools.gnu-tools-for-stm32.12.3.rel1.macos64_1.0.200.202406191456/tools/bin/../lib/gcc/arm-none-eabi/12.3.1/../../../../arm-none-eabi/lib/thumb/v7e-m+fp/hard/libc_nano.a(libc_a-fflush.o)
                0x08116ab4                __sflush_r
 .text._fflush_r
                0x08116bbc       0x50 /Applications/STM32CubeIDE.app/Contents/Eclipse/plugins/com.st.stm32cube.ide.mcu.externaltools.gnu-tools-for-stm32.12.3.rel1.macos64_1.0.200.202406191456/tools/bin/../lib/gcc/arm-none-eabi/12.3.1/../../../../arm-none-eabi/lib/thumb/v7e-m+fp/hard/libc_nano.a(libc_a-fflush.o)
                0x08116bbc                _fflush_r
 .text.__malloc_lock
                0x08116c0c        0xc /Applications/STM32CubeIDE.app/Contents/Eclipse/plugins/com.st.stm32cube.ide.mcu.externaltools.gnu-tools-for-stm32.12.3.rel1.macos64_1.0.200.202406191456/tools/bin/../lib/gcc/arm-none-eabi/12.3.1/../../../../arm-none-eabi/lib/thumb/v7e-m+fp/hard/libc_nano.a(libc_a-mlock.o)
                0x08116c0c                __malloc_lock
 .text.__malloc_unlock
                0x08116c18        0xc /Applications/STM32CubeIDE.app/Contents/Eclipse/plugins/com.st.stm32cube.ide.mcu.externaltools.gnu-tools-for-stm32.12.3.rel1.macos64_1.0.200.202406191456/tools/bin/../lib/gcc/arm-none-eabi/12.3.1/../../../../arm-none-eabi/lib/thumb/v7e-m+fp/hard/libc_nano.a(libc_a-mlock.o)
                0x08116c18                __malloc_unlock
 .text.sscanf   0x08116c24       0x54 /Applications/STM32CubeIDE.app/Contents/Eclipse/plugins/com.st.stm32cube.ide.mcu.externaltools.gnu-tools-for-stm32.12.3.rel1.macos64_1.0.200.202406191456/tools/bin/../lib/gcc/arm-none-eabi/12.3.1/../../../../arm-none-eabi/lib/thumb/v7e-m+fp/hard/libc_nano.a(libc_a-sscanf.o)
                0x08116c24                sscanf
                0x08116c24                siscanf
 .text.__sread  0x08116c78       0x22 /Applications/STM32CubeIDE.app/Contents/Eclipse/plugins/com.st.stm32cube.ide.mcu.externaltools.gnu-tools-for-stm32.12.3.rel1.macos64_1.0.200.202406191456/tools/bin/../lib/gcc/arm-none-eabi/12.3.1/../../../../arm-none-eabi/lib/thumb/v7e-m+fp/hard/libc_nano.a(libc_a-stdio.o)
                0x08116c78                __sread
 .text.__seofread
                0x08116c9a        0x4 /Applications/STM32CubeIDE.app/Contents/Eclipse/plugins/com.st.stm32cube.ide.mcu.externaltools.gnu-tools-for-stm32.12.3.rel1.macos64_1.0.200.202406191456/tools/bin/../lib/gcc/arm-none-eabi/12.3.1/../../../../arm-none-eabi/lib/thumb/v7e-m+fp/hard/libc_nano.a(libc_a-stdio.o)
                0x08116c9a                __seofread
 .text.__swrite
                0x08116c9e       0x38 /Applications/STM32CubeIDE.app/Contents/Eclipse/plugins/com.st.stm32cube.ide.mcu.externaltools.gnu-tools-for-stm32.12.3.rel1.macos64_1.0.200.202406191456/tools/bin/../lib/gcc/arm-none-eabi/12.3.1/../../../../arm-none-eabi/lib/thumb/v7e-m+fp/hard/libc_nano.a(libc_a-stdio.o)
                0x08116c9e                __swrite
 .text.__sseek  0x08116cd6       0x24 /Applications/STM32CubeIDE.app/Contents/Eclipse/plugins/com.st.stm32cube.ide.mcu.externaltools.gnu-tools-for-stm32.12.3.rel1.macos64_1.0.200.202406191456/tools/bin/../lib/gcc/arm-none-eabi/12.3.1/../../../../arm-none-eabi/lib/thumb/v7e-m+fp/hard/libc_nano.a(libc_a-stdio.o)
                0x08116cd6                __sseek
 .text.__sclose
                0x08116cfa        0x8 /Applications/STM32CubeIDE.app/Contents/Eclipse/plugins/com.st.stm32cube.ide.mcu.externaltools.gnu-tools-for-stm32.12.3.rel1.macos64_1.0.200.202406191456/tools/bin/../lib/gcc/arm-none-eabi/12.3.1/../../../../arm-none-eabi/lib/thumb/v7e-m+fp/hard/libc_nano.a(libc_a-stdio.o)
                0x08116cfa                __sclose
 *fill*         0x08116d02        0x2 
 .text.fprintf  0x08116d04       0x24 /Applications/STM32CubeIDE.app/Contents/Eclipse/plugins/com.st.stm32cube.ide.mcu.externaltools.gnu-tools-for-stm32.12.3.rel1.macos64_1.0.200.202406191456/tools/bin/../lib/gcc/arm-none-eabi/12.3.1/../../../../arm-none-eabi/lib/thumb/v7e-m+fp/hard/libc_nano.a(libc_a-fprintf.o)
                0x08116d04                fprintf
                0x08116d04                fiprintf
 .text._realloc_r
                0x08116d28       0x5c /Applications/STM32CubeIDE.app/Contents/Eclipse/plugins/com.st.stm32cube.ide.mcu.externaltools.gnu-tools-for-stm32.12.3.rel1.macos64_1.0.200.202406191456/tools/bin/../lib/gcc/arm-none-eabi/12.3.1/../../../../arm-none-eabi/lib/thumb/v7e-m+fp/hard/libc_nano.a(libc_a-reallocr.o)
                0x08116d28                _realloc_r
 .text._strtoul_l.constprop.0
                0x08116d84       0xdc /Applications/STM32CubeIDE.app/Contents/Eclipse/plugins/com.st.stm32cube.ide.mcu.externaltools.gnu-tools-for-stm32.12.3.rel1.macos64_1.0.200.202406191456/tools/bin/../lib/gcc/arm-none-eabi/12.3.1/../../../../arm-none-eabi/lib/thumb/v7e-m+fp/hard/libc_nano.a(libc_a-strtoul.o)
 .text._strtoul_r
                0x08116e60        0x4 /Applications/STM32CubeIDE.app/Contents/Eclipse/plugins/com.st.stm32cube.ide.mcu.externaltools.gnu-tools-for-stm32.12.3.rel1.macos64_1.0.200.202406191456/tools/bin/../lib/gcc/arm-none-eabi/12.3.1/../../../../arm-none-eabi/lib/thumb/v7e-m+fp/hard/libc_nano.a(libc_a-strtoul.o)
                0x08116e60                _strtoul_r
 .text.strtoul  0x08116e64       0x14 /Applications/STM32CubeIDE.app/Contents/Eclipse/plugins/com.st.stm32cube.ide.mcu.externaltools.gnu-tools-for-stm32.12.3.rel1.macos64_1.0.200.202406191456/tools/bin/../lib/gcc/arm-none-eabi/12.3.1/../../../../arm-none-eabi/lib/thumb/v7e-m+fp/hard/libc_nano.a(libc_a-strtoul.o)
                0x08116e64                strtoul
 .text.strncmp  0x08116e78       0x24 /Applications/STM32CubeIDE.app/Contents/Eclipse/plugins/com.st.stm32cube.ide.mcu.externaltools.gnu-tools-for-stm32.12.3.rel1.macos64_1.0.200.202406191456/tools/bin/../lib/gcc/arm-none-eabi/12.3.1/../../../../arm-none-eabi/lib/thumb/v7e-m+fp/hard/libc_nano.a(libc_a-strncmp.o)
                0x08116e78                strncmp
 .text.memmove  0x08116e9c       0x34 /Applications/STM32CubeIDE.app/Contents/Eclipse/plugins/com.st.stm32cube.ide.mcu.externaltools.gnu-tools-for-stm32.12.3.rel1.macos64_1.0.200.202406191456/tools/bin/../lib/gcc/arm-none-eabi/12.3.1/../../../../arm-none-eabi/lib/thumb/v7e-m+fp/hard/libc_nano.a(libc_a-memmove.o)
                0x08116e9c                memmove
 .text.__tzcalc_limits
                0x08116ed0      0x154 /Applications/STM32CubeIDE.app/Contents/Eclipse/plugins/com.st.stm32cube.ide.mcu.externaltools.gnu-tools-for-stm32.12.3.rel1.macos64_1.0.200.202406191456/tools/bin/../lib/gcc/arm-none-eabi/12.3.1/../../../../arm-none-eabi/lib/thumb/v7e-m+fp/hard/libc_nano.a(libc_a-tzcalc_limits.o)
                0x08116ed0                __tzcalc_limits
 .text._close_r
                0x08117024       0x20 /Applications/STM32CubeIDE.app/Contents/Eclipse/plugins/com.st.stm32cube.ide.mcu.externaltools.gnu-tools-for-stm32.12.3.rel1.macos64_1.0.200.202406191456/tools/bin/../lib/gcc/arm-none-eabi/12.3.1/../../../../arm-none-eabi/lib/thumb/v7e-m+fp/hard/libc_nano.a(libc_a-closer.o)
                0x08117024                _close_r
 .text._lseek_r
                0x08117044       0x24 /Applications/STM32CubeIDE.app/Contents/Eclipse/plugins/com.st.stm32cube.ide.mcu.externaltools.gnu-tools-for-stm32.12.3.rel1.macos64_1.0.200.202406191456/tools/bin/../lib/gcc/arm-none-eabi/12.3.1/../../../../arm-none-eabi/lib/thumb/v7e-m+fp/hard/libc_nano.a(libc_a-lseekr.o)
                0x08117044                _lseek_r
 .text._read_r  0x08117068       0x24 /Applications/STM32CubeIDE.app/Contents/Eclipse/plugins/com.st.stm32cube.ide.mcu.externaltools.gnu-tools-for-stm32.12.3.rel1.macos64_1.0.200.202406191456/tools/bin/../lib/gcc/arm-none-eabi/12.3.1/../../../../arm-none-eabi/lib/thumb/v7e-m+fp/hard/libc_nano.a(libc_a-readr.o)
                0x08117068                _read_r
 .text._sbrk_r  0x0811708c       0x20 /Applications/STM32CubeIDE.app/Contents/Eclipse/plugins/com.st.stm32cube.ide.mcu.externaltools.gnu-tools-for-stm32.12.3.rel1.macos64_1.0.200.202406191456/tools/bin/../lib/gcc/arm-none-eabi/12.3.1/../../../../arm-none-eabi/lib/thumb/v7e-m+fp/hard/libc_nano.a(libc_a-sbrkr.o)
                0x0811708c                _sbrk_r
 .text._write_r
                0x081170ac       0x24 /Applications/STM32CubeIDE.app/Contents/Eclipse/plugins/com.st.stm32cube.ide.mcu.externaltools.gnu-tools-for-stm32.12.3.rel1.macos64_1.0.200.202406191456/tools/bin/../lib/gcc/arm-none-eabi/12.3.1/../../../../arm-none-eabi/lib/thumb/v7e-m+fp/hard/libc_nano.a(libc_a-writer.o)
                0x081170ac                _write_r
 .text.abort    0x081170d0        0xe /Applications/STM32CubeIDE.app/Contents/Eclipse/plugins/com.st.stm32cube.ide.mcu.externaltools.gnu-tools-for-stm32.12.3.rel1.macos64_1.0.200.202406191456/tools/bin/../lib/gcc/arm-none-eabi/12.3.1/../../../../arm-none-eabi/lib/thumb/v7e-m+fp/hard/libc_nano.a(libc_a-abort.o)
                0x081170d0                abort
 *fill*         0x081170de        0x2 
 .text.__env_lock
                0x081170e0        0xc /Applications/STM32CubeIDE.app/Contents/Eclipse/plugins/com.st.stm32cube.ide.mcu.externaltools.gnu-tools-for-stm32.12.3.rel1.macos64_1.0.200.202406191456/tools/bin/../lib/gcc/arm-none-eabi/12.3.1/../../../../arm-none-eabi/lib/thumb/v7e-m+fp/hard/libc_nano.a(libc_a-envlock.o)
                0x081170e0                __env_lock
 .text.__env_unlock
                0x081170ec        0xc /Applications/STM32CubeIDE.app/Contents/Eclipse/plugins/com.st.stm32cube.ide.mcu.externaltools.gnu-tools-for-stm32.12.3.rel1.macos64_1.0.200.202406191456/tools/bin/../lib/gcc/arm-none-eabi/12.3.1/../../../../arm-none-eabi/lib/thumb/v7e-m+fp/hard/libc_nano.a(libc_a-envlock.o)
                0x081170ec                __env_unlock
 .text._free_r  0x081170f8       0x94 /Applications/STM32CubeIDE.app/Contents/Eclipse/plugins/com.st.stm32cube.ide.mcu.externaltools.gnu-tools-for-stm32.12.3.rel1.macos64_1.0.200.202406191456/tools/bin/../lib/gcc/arm-none-eabi/12.3.1/../../../../arm-none-eabi/lib/thumb/v7e-m+fp/hard/libc_nano.a(libc_a-freer.o)
                0x081170f8                _free_r
 .text._sungetc_r
                0x0811718c       0x76 /Applications/STM32CubeIDE.app/Contents/Eclipse/plugins/com.st.stm32cube.ide.mcu.externaltools.gnu-tools-for-stm32.12.3.rel1.macos64_1.0.200.202406191456/tools/bin/../lib/gcc/arm-none-eabi/12.3.1/../../../../arm-none-eabi/lib/thumb/v7e-m+fp/hard/libc_nano.a(libc_a-nano-svfscanf.o)
                0x0811718c                _sungetc_r
 .text.__ssrefill_r
                0x08117202       0x3a /Applications/STM32CubeIDE.app/Contents/Eclipse/plugins/com.st.stm32cube.ide.mcu.externaltools.gnu-tools-for-stm32.12.3.rel1.macos64_1.0.200.202406191456/tools/bin/../lib/gcc/arm-none-eabi/12.3.1/../../../../arm-none-eabi/lib/thumb/v7e-m+fp/hard/libc_nano.a(libc_a-nano-svfscanf.o)
                0x08117202                __ssrefill_r
 .text.__ssvfscanf_r
                0x0811723c      0x2e8 /Applications/STM32CubeIDE.app/Contents/Eclipse/plugins/com.st.stm32cube.ide.mcu.externaltools.gnu-tools-for-stm32.12.3.rel1.macos64_1.0.200.202406191456/tools/bin/../lib/gcc/arm-none-eabi/12.3.1/../../../../arm-none-eabi/lib/thumb/v7e-m+fp/hard/libc_nano.a(libc_a-nano-svfscanf.o)
                0x0811723c                __ssvfscanf_r
                0x0811723c                __ssvfiscanf_r
 .text.__sfputc_r
                0x08117524       0x2e /Applications/STM32CubeIDE.app/Contents/Eclipse/plugins/com.st.stm32cube.ide.mcu.externaltools.gnu-tools-for-stm32.12.3.rel1.macos64_1.0.200.202406191456/tools/bin/../lib/gcc/arm-none-eabi/12.3.1/../../../../arm-none-eabi/lib/thumb/v7e-m+fp/hard/libc_nano.a(libc_a-nano-vfprintf.o)
 .text.__sfputs_r
                0x08117552       0x24 /Applications/STM32CubeIDE.app/Contents/Eclipse/plugins/com.st.stm32cube.ide.mcu.externaltools.gnu-tools-for-stm32.12.3.rel1.macos64_1.0.200.202406191456/tools/bin/../lib/gcc/arm-none-eabi/12.3.1/../../../../arm-none-eabi/lib/thumb/v7e-m+fp/hard/libc_nano.a(libc_a-nano-vfprintf.o)
                0x08117552                __sfputs_r
 *fill*         0x08117576        0x2 
 .text._vfprintf_r
                0x08117578      0x230 /Applications/STM32CubeIDE.app/Contents/Eclipse/plugins/com.st.stm32cube.ide.mcu.externaltools.gnu-tools-for-stm32.12.3.rel1.macos64_1.0.200.202406191456/tools/bin/../lib/gcc/arm-none-eabi/12.3.1/../../../../arm-none-eabi/lib/thumb/v7e-m+fp/hard/libc_nano.a(libc_a-nano-vfprintf.o)
                0x08117578                _vfiprintf_r
                0x08117578                _vfprintf_r
 .text._scanf_chars
                0x081177a8       0xb4 /Applications/STM32CubeIDE.app/Contents/Eclipse/plugins/com.st.stm32cube.ide.mcu.externaltools.gnu-tools-for-stm32.12.3.rel1.macos64_1.0.200.202406191456/tools/bin/../lib/gcc/arm-none-eabi/12.3.1/../../../../arm-none-eabi/lib/thumb/v7e-m+fp/hard/libc_nano.a(libc_a-nano-vfscanf_i.o)
                0x081177a8                _scanf_chars
 .text._scanf_i
                0x0811785c      0x1e8 /Applications/STM32CubeIDE.app/Contents/Eclipse/plugins/com.st.stm32cube.ide.mcu.externaltools.gnu-tools-for-stm32.12.3.rel1.macos64_1.0.200.202406191456/tools/bin/../lib/gcc/arm-none-eabi/12.3.1/../../../../arm-none-eabi/lib/thumb/v7e-m+fp/hard/libc_nano.a(libc_a-nano-vfscanf_i.o)
                0x0811785c                _scanf_i
 .text.__sccl   0x08117a44       0x72 /Applications/STM32CubeIDE.app/Contents/Eclipse/plugins/com.st.stm32cube.ide.mcu.externaltools.gnu-tools-for-stm32.12.3.rel1.macos64_1.0.200.202406191456/tools/bin/../lib/gcc/arm-none-eabi/12.3.1/../../../../arm-none-eabi/lib/thumb/v7e-m+fp/hard/libc_nano.a(libc_a-sccl.o)
                0x08117a44                __sccl
 .text._malloc_usable_size_r
                0x08117ab6       0x10 /Applications/STM32CubeIDE.app/Contents/Eclipse/plugins/com.st.stm32cube.ide.mcu.externaltools.gnu-tools-for-stm32.12.3.rel1.macos64_1.0.200.202406191456/tools/bin/../lib/gcc/arm-none-eabi/12.3.1/../../../../arm-none-eabi/lib/thumb/v7e-m+fp/hard/libc_nano.a(libc_a-msizer.o)
                0x08117ab6                _malloc_usable_size_r
 .text.__submore
                0x08117ac6       0x74 /Applications/STM32CubeIDE.app/Contents/Eclipse/plugins/com.st.stm32cube.ide.mcu.externaltools.gnu-tools-for-stm32.12.3.rel1.macos64_1.0.200.202406191456/tools/bin/../lib/gcc/arm-none-eabi/12.3.1/../../../../arm-none-eabi/lib/thumb/v7e-m+fp/hard/libc_nano.a(libc_a-ungetc.o)
                0x08117ac6                __submore
 *fill*         0x08117b3a        0x2 
 .text._strtol_l.constprop.0
                0x08117b3c       0xf4 /Applications/STM32CubeIDE.app/Contents/Eclipse/plugins/com.st.stm32cube.ide.mcu.externaltools.gnu-tools-for-stm32.12.3.rel1.macos64_1.0.200.202406191456/tools/bin/../lib/gcc/arm-none-eabi/12.3.1/../../../../arm-none-eabi/lib/thumb/v7e-m+fp/hard/libc_nano.a(libc_a-strtol.o)
 .text._strtol_r
                0x08117c30        0x4 /Applications/STM32CubeIDE.app/Contents/Eclipse/plugins/com.st.stm32cube.ide.mcu.externaltools.gnu-tools-for-stm32.12.3.rel1.macos64_1.0.200.202406191456/tools/bin/../lib/gcc/arm-none-eabi/12.3.1/../../../../arm-none-eabi/lib/thumb/v7e-m+fp/hard/libc_nano.a(libc_a-strtol.o)
                0x08117c30                _strtol_r
 .text.__swbuf_r
                0x08117c34       0x7c /Applications/STM32CubeIDE.app/Contents/Eclipse/plugins/com.st.stm32cube.ide.mcu.externaltools.gnu-tools-for-stm32.12.3.rel1.macos64_1.0.200.202406191456/tools/bin/../lib/gcc/arm-none-eabi/12.3.1/../../../../arm-none-eabi/lib/thumb/v7e-m+fp/hard/libc_nano.a(libc_a-wbuf.o)
                0x08117c34                __swbuf_r
 .text.__swsetup_r
                0x08117cb0       0xac /Applications/STM32CubeIDE.app/Contents/Eclipse/plugins/com.st.stm32cube.ide.mcu.externaltools.gnu-tools-for-stm32.12.3.rel1.macos64_1.0.200.202406191456/tools/bin/../lib/gcc/arm-none-eabi/12.3.1/../../../../arm-none-eabi/lib/thumb/v7e-m+fp/hard/libc_nano.a(libc_a-wsetup.o)
                0x08117cb0                __swsetup_r
 .text.__swhatbuf_r
                0x08117d5c       0x4c /Applications/STM32CubeIDE.app/Contents/Eclipse/plugins/com.st.stm32cube.ide.mcu.externaltools.gnu-tools-for-stm32.12.3.rel1.macos64_1.0.200.202406191456/tools/bin/../lib/gcc/arm-none-eabi/12.3.1/../../../../arm-none-eabi/lib/thumb/v7e-m+fp/hard/libc_nano.a(libc_a-makebuf.o)
                0x08117d5c                __swhatbuf_r
 .text.__smakebuf_r
                0x08117da8       0x78 /Applications/STM32CubeIDE.app/Contents/Eclipse/plugins/com.st.stm32cube.ide.mcu.externaltools.gnu-tools-for-stm32.12.3.rel1.macos64_1.0.200.202406191456/tools/bin/../lib/gcc/arm-none-eabi/12.3.1/../../../../arm-none-eabi/lib/thumb/v7e-m+fp/hard/libc_nano.a(libc_a-makebuf.o)
                0x08117da8                __smakebuf_r
 .text._fstat_r
                0x08117e20       0x24 /Applications/STM32CubeIDE.app/Contents/Eclipse/plugins/com.st.stm32cube.ide.mcu.externaltools.gnu-tools-for-stm32.12.3.rel1.macos64_1.0.200.202406191456/tools/bin/../lib/gcc/arm-none-eabi/12.3.1/../../../../arm-none-eabi/lib/thumb/v7e-m+fp/hard/libc_nano.a(libc_a-fstatr.o)
                0x08117e20                _fstat_r
 .text._isatty_r
                0x08117e44       0x20 /Applications/STM32CubeIDE.app/Contents/Eclipse/plugins/com.st.stm32cube.ide.mcu.externaltools.gnu-tools-for-stm32.12.3.rel1.macos64_1.0.200.202406191456/tools/bin/../lib/gcc/arm-none-eabi/12.3.1/../../../../arm-none-eabi/lib/thumb/v7e-m+fp/hard/libc_nano.a(libc_a-isattyr.o)
                0x08117e44                _isatty_r
 .text._raise_r
                0x08117e64       0x50 /Applications/STM32CubeIDE.app/Contents/Eclipse/plugins/com.st.stm32cube.ide.mcu.externaltools.gnu-tools-for-stm32.12.3.rel1.macos64_1.0.200.202406191456/tools/bin/../lib/gcc/arm-none-eabi/12.3.1/../../../../arm-none-eabi/lib/thumb/v7e-m+fp/hard/libc_nano.a(libc_a-signal.o)
                0x08117e64                _raise_r
 .text.raise    0x08117eb4       0x10 /Applications/STM32CubeIDE.app/Contents/Eclipse/plugins/com.st.stm32cube.ide.mcu.externaltools.gnu-tools-for-stm32.12.3.rel1.macos64_1.0.200.202406191456/tools/bin/../lib/gcc/arm-none-eabi/12.3.1/../../../../arm-none-eabi/lib/thumb/v7e-m+fp/hard/libc_nano.a(libc_a-signal.o)
                0x08117eb4                raise
 .text._kill_r  0x08117ec4       0x24 /Applications/STM32CubeIDE.app/Contents/Eclipse/plugins/com.st.stm32cube.ide.mcu.externaltools.gnu-tools-for-stm32.12.3.rel1.macos64_1.0.200.202406191456/tools/bin/../lib/gcc/arm-none-eabi/12.3.1/../../../../arm-none-eabi/lib/thumb/v7e-m+fp/hard/libc_nano.a(libc_a-signalr.o)
                0x08117ec4                _kill_r
 .text._getpid_r
                0x08117ee8        0x4 /Applications/STM32CubeIDE.app/Contents/Eclipse/plugins/com.st.stm32cube.ide.mcu.externaltools.gnu-tools-for-stm32.12.3.rel1.macos64_1.0.200.202406191456/tools/bin/../lib/gcc/arm-none-eabi/12.3.1/../../../../arm-none-eabi/lib/thumb/v7e-m+fp/hard/libc_nano.a(libc_a-signalr.o)
                0x08117ee8                _getpid_r
 *(.glue_7)
 .glue_7        0x08117eec        0x0 linker stubs
 *(.glue_7t)
 .glue_7t       0x08117eec        0x0 linker stubs
 *(.eh_frame)
 .eh_frame      0x08117eec        0x0 /Applications/STM32CubeIDE.app/Contents/Eclipse/plugins/com.st.stm32cube.ide.mcu.externaltools.gnu-tools-for-stm32.12.3.rel1.macos64_1.0.200.202406191456/tools/bin/../lib/gcc/arm-none-eabi/12.3.1/thumb/v7e-m+fp/hard/crtbegin.o
 *(.init)
 .init          0x08117eec        0x4 /Applications/STM32CubeIDE.app/Contents/Eclipse/plugins/com.st.stm32cube.ide.mcu.externaltools.gnu-tools-for-stm32.12.3.rel1.macos64_1.0.200.202406191456/tools/bin/../lib/gcc/arm-none-eabi/12.3.1/thumb/v7e-m+fp/hard/crti.o
                0x08117eec                _init
 .init          0x08117ef0        0x8 /Applications/STM32CubeIDE.app/Contents/Eclipse/plugins/com.st.stm32cube.ide.mcu.externaltools.gnu-tools-for-stm32.12.3.rel1.macos64_1.0.200.202406191456/tools/bin/../lib/gcc/arm-none-eabi/12.3.1/thumb/v7e-m+fp/hard/crtn.o
 *(.fini)