2025-03-18 08:43:58,264 [INFO] Activator:176 - 


2025-03-18 08:43:58,266 [INFO] Activator:177 - !SESSION log4j initialized
2025-03-18 08:43:59,530 [ERROR] LogOutputStream:75 - [STDERR_REDIRECT] 
2025-03-18 08:44:01,691 [INFO] LogOutputStream:77 - [STDOUT_REDIRECT] 
2025-03-18 08:44:04,519 [INFO] ApplicationProperties:184 - Using Application install path: /Applications/STM32CubeIDE.app/Contents/Eclipse/plugins/com.st.stm32cube.common.mx_6.14.0.202502271554
2025-03-18 08:44:04,531 [INFO] DbMcusXml:78 - Set database path to: /Applications/STM32CubeIDE.app/Contents/Eclipse/plugins/com.st.stm32cube.common.mx_6.14.0.202502271554//db//mcu/
2025-03-18 08:44:04,531 [INFO] ApiDb:274 - Set plugin database path to: /Applications/STM32CubeIDE.app/Contents/Eclipse/plugins/com.st.stm32cube.common.mx_6.14.0.202502271554//db//plugins/boardmanager/
2025-03-18 08:44:04,532 [WARN] ApiDb:259 - Overriding images path with different value:  => /Applications/STM32CubeIDE.app/Contents/Eclipse/plugins/com.st.stm32cube.common.mx_6.14.0.202502271554//db//plugins/mcufinder/images/
2025-03-18 08:44:04,543 [INFO] ApiDb:250 - Set database path to: /Users/philbush/.stmcufinder/plugins/mcufinder//mcu/
2025-03-18 08:44:04,544 [INFO] DbMcusAds:125 - Set database path to: /Users/philbush/.stmcufinder/plugins/mcufinder//mcu/
2025-03-18 08:44:04,546 [INFO] CrossReferenceDbSqlite:203 - Set database path to: /Users/philbush/.stmcufinder/plugins/mcufinder//mcu/cs/
2025-03-18 08:44:04,702 [INFO] RulesReader:64 - Compatibility file has been processed (301 Rules)
2025-03-18 08:44:04,847 [INFO] DbMcusXml:78 - Set database path to: /Applications/STM32CubeIDE.app/Contents/Eclipse/plugins/com.st.stm32cube.common.mx_6.14.0.202502271554//db//mcu/
2025-03-18 08:44:04,847 [INFO] ApiDb:274 - Set plugin database path to: /Applications/STM32CubeIDE.app/Contents/Eclipse/plugins/com.st.stm32cube.common.mx_6.14.0.202502271554//db//plugins/boardmanager/
2025-03-18 08:44:04,848 [INFO] ApiDb:261 - Set plugin images path to: /Applications/STM32CubeIDE.app/Contents/Eclipse/plugins/com.st.stm32cube.common.mx_6.14.0.202502271554//db//plugins/mcufinder/images/
2025-03-18 08:44:04,848 [WARN] DbFile:41 - Overriding database path with different value: /Users/philbush/.stmcufinder/plugins/mcufinder/ => /Users/philbush/.stmcufinder/plugins/mcufinder
2025-03-18 08:44:04,848 [INFO] ApiDb:250 - Set database path to: /Users/philbush/.stmcufinder/plugins/mcufinder//mcu/
2025-03-18 08:44:04,849 [WARN] DbFile:41 - Overriding database path with different value: /Users/philbush/.stmcufinder/plugins/mcufinder/ => /Users/philbush/.stmcufinder/plugins/mcufinder
2025-03-18 08:44:04,849 [INFO] DbMcusAds:125 - Set database path to: /Users/philbush/.stmcufinder/plugins/mcufinder//mcu/
2025-03-18 08:44:04,849 [WARN] DbFile:41 - Overriding database path with different value: /Users/philbush/.stmcufinder/plugins/mcufinder/ => /Users/philbush/.stmcufinder/plugins/mcufinder
2025-03-18 08:44:04,849 [WARN] DbFile:41 - Overriding database path with different value: /Users/philbush/.stmcufinder/plugins/mcufinder/ => /Users/philbush/.stmcufinder/plugins/mcufinder
2025-03-18 08:44:04,849 [INFO] CrossReferenceDbSqlite:203 - Set database path to: /Users/philbush/.stmcufinder/plugins/mcufinder//mcu/cs/
2025-03-18 08:44:04,952 [INFO] MainPanel:272 - HeapMemory: 274726912
2025-03-18 08:44:06,133 [INFO] DbMcusXml:78 - Set database path to: /Applications/STM32CubeIDE.app/Contents/Eclipse/plugins/com.st.stm32cube.common.mx_6.14.0.202502271554//db//mcu/
2025-03-18 08:44:06,133 [INFO] ApiDb:274 - Set plugin database path to: /Applications/STM32CubeIDE.app/Contents/Eclipse/plugins/com.st.stm32cube.common.mx_6.14.0.202502271554//db//plugins/boardmanager/
2025-03-18 08:44:06,134 [INFO] ApiDb:261 - Set plugin images path to: /Applications/STM32CubeIDE.app/Contents/Eclipse/plugins/com.st.stm32cube.common.mx_6.14.0.202502271554//db//plugins/mcufinder/images/
2025-03-18 08:44:06,134 [WARN] DbFile:41 - Overriding database path with different value: /Users/philbush/.stmcufinder/plugins/mcufinder/ => /Users/philbush/.stmcufinder/plugins/mcufinder
2025-03-18 08:44:06,134 [INFO] ApiDb:250 - Set database path to: /Users/philbush/.stmcufinder/plugins/mcufinder//mcu/
2025-03-18 08:44:06,134 [WARN] DbFile:41 - Overriding database path with different value: /Users/philbush/.stmcufinder/plugins/mcufinder/ => /Users/philbush/.stmcufinder/plugins/mcufinder
2025-03-18 08:44:06,134 [INFO] DbMcusAds:125 - Set database path to: /Users/philbush/.stmcufinder/plugins/mcufinder//mcu/
2025-03-18 08:44:06,134 [WARN] DbFile:41 - Overriding database path with different value: /Users/philbush/.stmcufinder/plugins/mcufinder/ => /Users/philbush/.stmcufinder/plugins/mcufinder
2025-03-18 08:44:06,135 [WARN] DbFile:41 - Overriding database path with different value: /Users/philbush/.stmcufinder/plugins/mcufinder/ => /Users/philbush/.stmcufinder/plugins/mcufinder
2025-03-18 08:44:06,135 [INFO] CrossReferenceDbSqlite:203 - Set database path to: /Users/philbush/.stmcufinder/plugins/mcufinder//mcu/cs/
2025-03-18 08:44:06,160 [INFO] ApplicationProperties:184 - Using Application install path: /Applications/STM32CubeIDE.app/Contents/Eclipse/plugins/com.st.stm32cube.common.mx_6.14.0.202502271554
2025-03-18 08:44:06,162 [INFO] PluginManage:196 - Search for loadable plugins [exclusion list=, ]
2025-03-18 08:44:06,166 [INFO] PluginManage:310 - Check plugin analytics
2025-03-18 08:44:06,835 [INFO] AnalyticsPlugin:253 - Accepted Software Licenses: STM32CubeMX.6.10.0,STM32CubeMX.6.11.1,STM32CubeMX.6.12.0,STM32CubeMX.6.12.1,STM32CubeMX.6.13.0,STM32CubeMX.6.14.0
2025-03-18 08:44:06,851 [INFO] AnalyticsPlugin:255 - Accepted CMSIS Pack Licenses: STMicroelectronics.X-CUBE-MEMS1.10.0.0,SEGGER.I-CUBE-embOS.1.3.1,STMicroelectronics.X-CUBE-GNSS1.6.0.0,STMicroelectronics.X-CUBE-FREERTOS.1.2.0,emotas.I-CUBE-CANOPEN.1.3.0,STMicroelectronics.X-CUBE-MEMS1.11.0.0,STMicroelectronics.X-CUBE-GNSS1.7.0.0,STMicroelectronics.X-CUBE-FREERTOS.1.3.0,STMicroelectronics.X-CUBE-GNSS1.7.0.1
2025-03-18 08:44:06,852 [INFO] AnalyticsPlugin:257 - Accepted Firmware Licenses: FW.U5.1.4.0,FW.H7.1.11.0,FW.U5.1.6.0,FW.U5.1.7.0,FW.H7.1.12.0,FW.G4.1.6.0
2025-03-18 08:44:06,927 [INFO] PluginManage:359 - Loaded plugin analytics (category:tool,tabindex:-1)
2025-03-18 08:44:06,929 [INFO] PluginManage:310 - Check plugin cadmodel
2025-03-18 08:44:06,982 [INFO] CADModel:105 - Init CAD model plugin
2025-03-18 08:44:06,983 [INFO] PluginManage:359 - Loaded plugin cadmodel (category:power,tabindex:5)
2025-03-18 08:44:06,985 [INFO] PluginManage:310 - Check plugin clock
2025-03-18 08:44:07,008 [INFO] PluginManage:359 - Loaded plugin clock (category:base,tabindex:2)
2025-03-18 08:44:07,008 [INFO] PluginManage:310 - Check plugin ddr
2025-03-18 08:44:07,010 [INFO] PluginManage:359 - Loaded plugin ddr (category:tool,tabindex:6)
2025-03-18 08:44:07,010 [INFO] PluginManage:310 - Check plugin filemanager
2025-03-18 08:44:07,252 [INFO] PluginManage:359 - Loaded plugin filemanager (category:base,tabindex:10)
2025-03-18 08:44:07,253 [INFO] PluginManage:310 - Check plugin ipmanager
2025-03-18 08:44:07,269 [INFO] PluginManage:359 - Loaded plugin ipmanager (category:base,tabindex:5)
2025-03-18 08:44:07,269 [INFO] PluginManage:310 - Check plugin lpbam
2025-03-18 08:44:07,287 [INFO] PluginManage:359 - Loaded plugin lpbam (category:base,tabindex:0)
2025-03-18 08:44:07,288 [INFO] PluginManage:310 - Check plugin memorymap
2025-03-18 08:44:07,304 [INFO] PluginManage:359 - Loaded plugin memorymap (category:base,tabindex:4)
2025-03-18 08:44:07,304 [INFO] PluginManage:310 - Check plugin pinoutandconfiguration
2025-03-18 08:44:07,320 [INFO] PluginManage:359 - Loaded plugin pinoutandconfiguration (category:base,tabindex:1)
2025-03-18 08:44:07,321 [INFO] PluginManage:310 - Check plugin pinoutconfig
2025-03-18 08:44:07,435 [WARN] SupportedApi:132 - Cannot load RTOS API schema: s4s-elt-must-match.1: The content of 'definitions' must match (annotation?, (simpleType | complexType)?, (unique | key | keyref)*)). A problem was found starting at: attribute.
2025-03-18 08:44:07,629 [INFO] PluginManage:359 - Loaded plugin pinoutconfig (category:base,tabindex:0)
2025-03-18 08:44:07,630 [INFO] PluginManage:310 - Check plugin power
2025-03-18 08:44:07,687 [INFO] PluginManage:359 - Loaded plugin power (category:power,tabindex:4)
2025-03-18 08:44:07,687 [INFO] PluginManage:310 - Check plugin projectmanager
2025-03-18 08:44:07,718 [INFO] PluginManage:359 - Loaded plugin projectmanager (category:projectmanager,tabindex:4)
2025-03-18 08:44:07,719 [INFO] PluginManage:310 - Check plugin rif
2025-03-18 08:44:07,749 [INFO] PluginManage:359 - Loaded plugin rif (category:base,tabindex:3)
2025-03-18 08:44:07,749 [INFO] PluginManage:310 - Check plugin thirdparty
2025-03-18 08:44:08,140 [INFO] PluginManage:359 - Loaded plugin thirdparty (category:base,tabindex:-1)
2025-03-18 08:44:08,141 [INFO] PluginManage:310 - Check plugin tools
2025-03-18 08:44:08,140 [WARN] IntegrityCheckThread:84 - waiting for thirdparty lock release [integrity check]
2025-03-18 08:44:08,142 [INFO] IntegrityCheckThread:86 - entering critical section [integrity check]
2025-03-18 08:44:08,143 [INFO] ThirdPartyUpdaterWithRetryManager:70 - Updater plugin not ready yet. [1/15]
2025-03-18 08:44:08,154 [INFO] PluginManage:359 - Loaded plugin tools (category:base,tabindex:7)
2025-03-18 08:44:08,154 [INFO] PluginManage:310 - Check plugin tutovideos
2025-03-18 08:44:08,416 [INFO] PluginManage:359 - Loaded plugin tutovideos (category:base,tabindex:-1)
2025-03-18 08:44:08,416 [INFO] PluginManage:310 - Check plugin updater
2025-03-18 08:44:08,456 [INFO] PluginManage:359 - Loaded plugin updater (category:base,tabindex:12)
2025-03-18 08:44:08,457 [INFO] PluginManage:310 - Check plugin userauth
2025-03-18 08:44:08,462 [INFO] UserAuth:118 - Init User Auth plugin
2025-03-18 08:44:08,464 [INFO] PluginManage:359 - Loaded plugin userauth (category:base,tabindex:14)
2025-03-18 08:44:08,464 [INFO] PluginManage:283 - PluginManage : Loaded plugins [18]
2025-03-18 08:44:08,960 [INFO] PinOutPanel:1589 - setPackage(No Configuration,No Configuration)
2025-03-18 08:44:09,112 [INFO] CADModel:165 - CPN selected for project level
2025-03-18 08:44:09,113 [INFO] CADModel:114 - Register for checkConnection events
2025-03-18 08:44:09,135 [INFO] IPUIPlugin:80 - create IPUIPlugin
2025-03-18 08:44:09,136 [INFO] PluginManager:220 - loadIPPluginJar : add mdma
2025-03-18 08:44:09,151 [INFO] IPUIPlugin:80 - create IPUIPlugin
2025-03-18 08:44:09,151 [INFO] PluginManager:220 - loadIPPluginJar : add freertos
2025-03-18 08:44:09,164 [INFO] IPUIPlugin:80 - create IPUIPlugin
2025-03-18 08:44:09,164 [INFO] PluginManager:220 - loadIPPluginJar : add gic
2025-03-18 08:44:09,180 [INFO] IPUIPlugin:80 - create IPUIPlugin
2025-03-18 08:44:09,180 [INFO] PluginManager:220 - loadIPPluginJar : add adc
2025-03-18 08:44:09,190 [INFO] IPUIPlugin:80 - create IPUIPlugin
2025-03-18 08:44:09,191 [INFO] PluginManager:220 - loadIPPluginJar : add gtzc
2025-03-18 08:44:09,198 [INFO] IPUIPlugin:80 - create IPUIPlugin
2025-03-18 08:44:09,198 [INFO] PluginManager:220 - loadIPPluginJar : add quadspi
2025-03-18 08:44:09,205 [INFO] IPUIPlugin:80 - create IPUIPlugin
2025-03-18 08:44:09,205 [INFO] PluginManager:220 - loadIPPluginJar : add aes
2025-03-18 08:44:09,214 [INFO] IPUIPlugin:80 - create IPUIPlugin
2025-03-18 08:44:09,214 [INFO] PluginManager:220 - loadIPPluginJar : add pdm2pcm
2025-03-18 08:44:09,223 [INFO] IPUIPlugin:80 - create IPUIPlugin
2025-03-18 08:44:09,223 [INFO] PluginManager:220 - loadIPPluginJar : add hash
2025-03-18 08:44:09,231 [INFO] IPUIPlugin:80 - create IPUIPlugin
2025-03-18 08:44:09,231 [INFO] PluginManager:220 - loadIPPluginJar : add tim
2025-03-18 08:44:09,236 [INFO] IPUIPlugin:80 - create IPUIPlugin
2025-03-18 08:44:09,237 [INFO] PluginManager:220 - loadIPPluginJar : add tsc
2025-03-18 08:44:09,244 [INFO] IPUIPlugin:80 - create IPUIPlugin
2025-03-18 08:44:09,244 [INFO] PluginManager:220 - loadIPPluginJar : add extmemmanager
2025-03-18 08:44:09,251 [INFO] IPUIPlugin:80 - create IPUIPlugin
2025-03-18 08:44:09,251 [INFO] PluginManager:220 - loadIPPluginJar : add ts
2025-03-18 08:44:09,259 [INFO] IPUIPlugin:80 - create IPUIPlugin
2025-03-18 08:44:09,259 [INFO] PluginManager:220 - loadIPPluginJar : add radio
2025-03-18 08:44:09,268 [INFO] IPUIPlugin:80 - create IPUIPlugin
2025-03-18 08:44:09,268 [INFO] PluginManager:220 - loadIPPluginJar : add can
2025-03-18 08:44:09,276 [INFO] IPUIPlugin:80 - create IPUIPlugin
2025-03-18 08:44:09,276 [INFO] PluginManager:220 - loadIPPluginJar : add dma3
2025-03-18 08:44:09,284 [INFO] IPUIPlugin:80 - create IPUIPlugin
2025-03-18 08:44:09,285 [INFO] PluginManager:220 - loadIPPluginJar : add dfsdm
2025-03-18 08:44:09,293 [INFO] IPUIPlugin:80 - create IPUIPlugin
2025-03-18 08:44:09,293 [INFO] PluginManager:220 - loadIPPluginJar : add spi
2025-03-18 08:44:09,302 [INFO] IPUIPlugin:80 - create IPUIPlugin
2025-03-18 08:44:09,302 [INFO] PluginManager:220 - loadIPPluginJar : add gfxmmu
2025-03-18 08:44:09,310 [INFO] IPUIPlugin:80 - create IPUIPlugin
2025-03-18 08:44:09,310 [INFO] PluginManager:220 - loadIPPluginJar : add genericplugin
2025-03-18 08:44:09,319 [INFO] IPUIPlugin:80 - create IPUIPlugin
2025-03-18 08:44:09,319 [INFO] PluginManager:220 - loadIPPluginJar : add cryp
2025-03-18 08:44:09,332 [INFO] IPUIPlugin:80 - create IPUIPlugin
2025-03-18 08:44:09,333 [INFO] PluginManager:220 - loadIPPluginJar : add gpio
2025-03-18 08:44:09,347 [INFO] IPUIPlugin:80 - create IPUIPlugin
2025-03-18 08:44:09,348 [INFO] PluginManager:220 - loadIPPluginJar : add ddr_ctrl_phy
2025-03-18 08:44:09,357 [INFO] IPUIPlugin:80 - create IPUIPlugin
2025-03-18 08:44:09,357 [INFO] PluginManager:220 - loadIPPluginJar : add comp
2025-03-18 08:44:09,365 [INFO] IPUIPlugin:80 - create IPUIPlugin
2025-03-18 08:44:09,366 [INFO] PluginManager:220 - loadIPPluginJar : add tracer_emb
2025-03-18 08:44:09,374 [INFO] IPUIPlugin:80 - create IPUIPlugin
2025-03-18 08:44:09,375 [INFO] PluginManager:220 - loadIPPluginJar : add openamp
2025-03-18 08:44:09,385 [INFO] IPUIPlugin:80 - create IPUIPlugin
2025-03-18 08:44:09,385 [INFO] PluginManager:220 - loadIPPluginJar : add stm32_wpan
2025-03-18 08:44:09,399 [INFO] IPUIPlugin:80 - create IPUIPlugin
2025-03-18 08:44:09,402 [INFO] PluginManager:220 - loadIPPluginJar : add plateformsettings
2025-03-18 08:44:09,416 [INFO] IPUIPlugin:80 - create IPUIPlugin
2025-03-18 08:44:09,416 [INFO] PluginManager:220 - loadIPPluginJar : add ipddr
2025-03-18 08:44:09,425 [INFO] IPUIPlugin:80 - create IPUIPlugin
2025-03-18 08:44:09,426 [INFO] PluginManager:220 - loadIPPluginJar : add usart
2025-03-18 08:44:09,434 [INFO] IPUIPlugin:80 - create IPUIPlugin
2025-03-18 08:44:09,434 [INFO] PluginManager:220 - loadIPPluginJar : add ltdc
2025-03-18 08:44:09,443 [INFO] IPUIPlugin:80 - create IPUIPlugin
2025-03-18 08:44:09,443 [INFO] PluginManager:220 - loadIPPluginJar : add nvic
2025-03-18 08:44:09,449 [INFO] IPUIPlugin:80 - create IPUIPlugin
2025-03-18 08:44:09,449 [INFO] PluginManager:220 - loadIPPluginJar : add fatfs
2025-03-18 08:44:09,460 [INFO] IPUIPlugin:80 - create IPUIPlugin
2025-03-18 08:44:09,460 [INFO] PluginManager:220 - loadIPPluginJar : add linkedlist
2025-03-18 08:44:09,471 [INFO] IPUIPlugin:80 - create IPUIPlugin
2025-03-18 08:44:09,471 [INFO] PluginManager:220 - loadIPPluginJar : add dma
2025-03-18 08:44:09,480 [INFO] IPUIPlugin:80 - create IPUIPlugin
2025-03-18 08:44:09,480 [INFO] PluginManager:220 - loadIPPluginJar : add fmc
2025-03-18 08:44:09,488 [INFO] IPUIPlugin:80 - create IPUIPlugin
2025-03-18 08:44:09,489 [INFO] PluginManager:220 - loadIPPluginJar : add i2s
2025-03-18 08:44:09,497 [INFO] IPUIPlugin:80 - create IPUIPlugin
2025-03-18 08:44:09,498 [INFO] PluginManager:220 - loadIPPluginJar : add ucpd
2025-03-18 08:44:09,511 [INFO] IPUIPlugin:80 - create IPUIPlugin
2025-03-18 08:44:09,512 [INFO] PluginManager:220 - loadIPPluginJar : add lorawan
2025-03-18 08:44:09,522 [INFO] IPUIPlugin:80 - create IPUIPlugin
2025-03-18 08:44:09,523 [INFO] PluginManager:220 - loadIPPluginJar : add opamp
2025-03-18 08:44:09,532 [INFO] IPUIPlugin:80 - create IPUIPlugin
2025-03-18 08:44:09,532 [INFO] PluginManager:220 - loadIPPluginJar : add i3c
2025-03-18 08:44:09,541 [INFO] IPUIPlugin:80 - create IPUIPlugin
2025-03-18 08:44:09,543 [INFO] PluginManager:220 - loadIPPluginJar : add touchsensing
2025-03-18 08:44:09,551 [INFO] IPUIPlugin:80 - create IPUIPlugin
2025-03-18 08:44:09,552 [INFO] PluginManager:220 - loadIPPluginJar : add i2c
2025-03-18 08:44:09,561 [INFO] IPUIPlugin:80 - create IPUIPlugin
2025-03-18 08:44:09,561 [INFO] PluginManager:220 - loadIPPluginJar : add resmgrutility
2025-03-18 08:44:09,569 [INFO] IPUIPlugin:80 - create IPUIPlugin
2025-03-18 08:44:09,569 [INFO] PluginManager:220 - loadIPPluginJar : add sai
2025-03-18 08:44:09,576 [INFO] IPUIPlugin:80 - create IPUIPlugin
2025-03-18 08:44:09,576 [INFO] PluginManager:220 - loadIPPluginJar : add usbx
2025-03-18 08:44:09,754 [FATAL] Updater:351 - Updater called before beeing initialized
2025-03-18 08:44:09,865 [INFO] RulesReader:64 - Compatibility file has been processed (301 Rules)
2025-03-18 08:44:09,894 [INFO] RulesReader:64 - Compatibility file has been processed (301 Rules)
2025-03-18 08:44:09,919 [INFO] CADModel:165 - CPN selected for project level
2025-03-18 08:44:09,920 [INFO] CADModel:114 - Register for checkConnection events
2025-03-18 08:44:09,920 [FATAL] Updater:351 - Updater called before beeing initialized
2025-03-18 08:44:09,920 [ERROR] CADModel:125 - Updater not yet initialized, retry later 
2025-03-18 08:44:10,720 [FATAL] Updater:351 - Updater called before beeing initialized
2025-03-18 08:44:10,722 [INFO] CADModel:165 - CPN selected for project level
2025-03-18 08:44:10,722 [INFO] CADModel:114 - Register for checkConnection events
2025-03-18 08:44:10,722 [FATAL] Updater:351 - Updater called before beeing initialized
2025-03-18 08:44:10,722 [ERROR] CADModel:125 - Updater not yet initialized, retry later 
2025-03-18 08:44:10,725 [FATAL] Updater:351 - Updater called before beeing initialized
2025-03-18 08:44:10,964 [FATAL] Updater:351 - Updater called before beeing initialized
2025-03-18 08:44:10,975 [INFO] DbMcusAds:53 - JSON generation date=Thu Mar 06 06:54:22 PST 2025 (1741272862297)
2025-03-18 08:44:10,976 [FATAL] Updater:351 - Updater called before beeing initialized
2025-03-18 08:44:11,100 [WARN] DetailPanel:346 - Failed to get advertising image, set to default
2025-03-18 08:44:11,149 [INFO] ThirdPartyUpdaterWithRetryManager:70 - Updater plugin not ready yet. [2/15]
2025-03-18 08:44:11,385 [FATAL] Updater:351 - Updater called before beeing initialized
2025-03-18 08:44:11,391 [FATAL] Updater:351 - Updater called before beeing initialized
2025-03-18 08:44:11,391 [FATAL] Updater:351 - Updater called before beeing initialized
2025-03-18 08:44:11,391 [WARN] DetailPanel:346 - Failed to get advertising image, set to default
2025-03-18 08:44:11,395 [FATAL] Updater:351 - Updater called before beeing initialized
2025-03-18 08:44:11,498 [ERROR] Updater:1198 - MainUpdater not yet initialized. External WinMGr cannot be set.
2025-03-18 08:44:11,515 [INFO] Updater:1134 - Updater Version found : 6.14.0
2025-03-18 08:44:11,531 [INFO] ApplicationProperties:184 - Using Application install path: /Applications/STM32CubeIDE.app/Contents/Eclipse/plugins/com.st.stm32cube.common.mx_6.14.0.202502271554
2025-03-18 08:44:12,277 [INFO] MainUpdater:2872 - connection check result : 10
2025-03-18 08:44:12,278 [INFO] MainUpdater:289 - Updater Check For Update Now.
2025-03-18 08:44:12,278 [INFO] MicroXplorer:498 - Change Database Version : DB.6.0.140
2025-03-18 08:44:12,296 [INFO] McuFinderGlobals:63 - Set McuFinder mode to 2 (CubeIDE integrated)
2025-03-18 08:44:12,303 [INFO] UserAuth:486 - Internet connection configuration mode: 1
2025-03-18 08:44:12,323 [INFO] JxBrowserEngine:152 - Initiate JxBrowser Engine with user profile folder
2025-03-18 08:44:12,667 [INFO] CheckServerUpdateThread:120 - End of CheckServer Thread
2025-03-18 08:44:14,404 [WARN] PackLoader:240 - Cannot read IP mode file for STMicroelectronics.FP-SNS-MOTENVWB1.1.4.0
2025-03-18 08:44:14,433 [WARN] PackLoader:240 - Cannot read IP mode file for STMicroelectronics.FP-ATR-ASTRA1.2.0.2
2025-03-18 08:44:14,445 [WARN] PackLoader:240 - Cannot read IP mode file for STMicroelectronics.FP-ATR-ASTRA1.2.0.1
2025-03-18 08:44:14,465 [WARN] PackLoader:240 - Cannot read IP mode file for STMicroelectronics.X-CUBE-SMBUS.2.1.0
2025-03-18 08:44:14,483 [WARN] PackLoader:240 - Cannot read IP mode file for STMicroelectronics.X-CUBE-WB05N.1.1.0
2025-03-18 08:44:14,496 [WARN] PackLoader:240 - Cannot read IP mode file for STMicroelectronics.X-CUBE-TOUCHGFX.4.23.1
2025-03-18 08:44:14,507 [WARN] PackLoader:240 - Cannot read IP mode file for STMicroelectronics.X-CUBE-TOUCHGFX.4.23.0
2025-03-18 08:44:14,518 [WARN] PackLoader:240 - Cannot read IP mode file for STMicroelectronics.X-CUBE-TOUCHGFX.4.23.2
2025-03-18 08:44:14,590 [WARN] PackLoader:240 - Cannot read IP mode file for STMicroelectronics.X-CUBE-AZRTOS-F7.1.1.0
2025-03-18 08:44:14,649 [WARN] PackLoader:240 - Cannot read IP mode file for STMicroelectronics.FP-SNS-MOTENV1.4.3.2
2025-03-18 08:44:14,991 [WARN] PackLoader:240 - Cannot read IP mode file for STMicroelectronics.X-CUBE-MEMS1.11.0.0
2025-03-18 08:44:15,934 [WARN] PackLoader:240 - Cannot read IP mode file for STMicroelectronics.FP-SNS-FLIGHT1.5.0.2
2025-03-18 08:44:16,011 [WARN] PackLoader:240 - Cannot read IP mode file for Infineon.AIROC-Wi-Fi-Bluetooth-STM32.1.7.0
2025-03-18 08:44:16,123 [WARN] PackLoader:240 - Cannot read IP mode file for STMicroelectronics.X-CUBE-DISPLAY.3.0.0
2025-03-18 08:44:16,176 [WARN] PackLoader:240 - Cannot read IP mode file for STMicroelectronics.X-CUBE-BLE1.7.0.0
2025-03-18 08:44:16,232 [WARN] PackLoader:240 - Cannot read IP mode file for STMicroelectronics.X-CUBE-NFC10.1.0.0
2025-03-18 08:44:16,286 [WARN] PackLoader:240 - Cannot read IP mode file for STMicroelectronics.X-CUBE-BLEMGR.4.0.0
2025-03-18 08:44:16,328 [WARN] PackLoader:240 - Cannot read IP mode file for emotas.I-CUBE-CANOPEN.1.3.0
2025-03-18 08:44:16,649 [WARN] PackLoader:240 - Cannot read IP mode file for STMicroelectronics.X-CUBE-BLEMGR.3.1.0
2025-03-18 08:44:16,673 [WARN] PackLoader:240 - Cannot read IP mode file for STMicroelectronics.X-CUBE-AI.10.0.0
2025-03-18 08:44:16,687 [WARN] PackLoader:240 - Cannot read IP mode file for STMicroelectronics.FP-SNS-SMARTAG2.1.2.0
2025-03-18 08:44:16,703 [WARN] PackLoader:240 - Cannot read IP mode file for STMicroelectronics.FP-SNS-FLIGHT1.5.1.0
2025-03-18 08:44:16,763 [INFO] WebApp:169 - Instantiating new browser for Auth
2025-03-18 08:44:16,881 [WARN] PackLoader:240 - Cannot read IP mode file for STMicroelectronics.X-CUBE-MEMS1.11.1.0
2025-03-18 08:44:17,221 [INFO] LogOutputStream:77 - [STDOUT_REDIRECT] 1 : Invalid condition id : UX_CORESTACK_Condition cause : null
2025-03-18 08:44:17,232 [INFO] LogOutputStream:77 - [STDOUT_REDIRECT] 1 : Invalid condition id : UX_CORESTACK_Condition cause : null
2025-03-18 08:44:17,235 [INFO] LogOutputStream:77 - [STDOUT_REDIRECT] 1 : Invalid condition id : UX_CORESTACK_Condition cause : null
2025-03-18 08:44:17,238 [INFO] LogOutputStream:77 - [STDOUT_REDIRECT] 1 : Invalid condition id : UX_CORESTACK_Condition cause : null
2025-03-18 08:44:17,239 [INFO] LogOutputStream:77 - [STDOUT_REDIRECT] 1 : Invalid condition id : UX_CORESTACK_Condition cause : null
2025-03-18 08:44:17,253 [WARN] PackLoader:240 - Cannot read IP mode file for STMicroelectronics.X-CUBE-AZRTOS-WL.2.0.0
2025-03-18 08:44:17,288 [WARN] PackLoader:240 - Cannot read IP mode file for STMicroelectronics.FP-SNS-MOTENV1.5.0.0
2025-03-18 08:44:17,303 [WARN] PackLoader:240 - Cannot read IP mode file for wolfSSL.I-CUBE-wolfMQTT.1.19.0
2025-03-18 08:44:17,315 [WARN] PackLoader:240 - Cannot read IP mode file for WES.I-CUBE-Cesium.1.3.0
2025-03-18 08:44:17,326 [WARN] PackLoader:240 - Cannot read IP mode file for STMicroelectronics.X-CUBE-BLE2.3.3.0
2025-03-18 08:44:17,345 [WARN] PackLoader:240 - Cannot read IP mode file for STMicroelectronics.X-CUBE-NFC9.1.0.0
2025-03-18 08:44:17,389 [WARN] PackLoader:240 - Cannot read IP mode file for STMicroelectronics.X-CUBE-BLE1.7.1.0
2025-03-18 08:44:17,407 [WARN] PackLoader:240 - Cannot read IP mode file for STMicroelectronics.X-CUBE-TCPP.4.1.0
2025-03-18 08:44:17,506 [WARN] PackLoader:240 - Cannot read IP mode file for STMicroelectronics.X-CUBE-ALGOBUILD.1.3.0
2025-03-18 08:44:17,539 [WARN] PackLoader:240 - Cannot read IP mode file for STMicroelectronics.X-CUBE-AZRTOS-G0.1.1.0
2025-03-18 08:44:17,559 [WARN] PackLoader:240 - Cannot read IP mode file for STMicroelectronics.X-CUBE-SAFEA1.1.2.2
2025-03-18 08:44:17,570 [WARN] PackLoader:240 - Cannot read IP mode file for STMicroelectronics.X-CUBE-NFC4.3.0.0
2025-03-18 08:44:17,582 [WARN] PackLoader:240 - Cannot read IP mode file for wolfSSL.I-CUBE-wolfMQTT.1.18.0
2025-03-18 08:44:17,613 [WARN] PackLoader:240 - Cannot read IP mode file for EmbeddedOffice.I-CUBE-FS-RTOS.1.0.1
2025-03-18 08:44:17,626 [WARN] PackLoader:240 - Cannot read IP mode file for STMicroelectronics.X-CUBE-TCPP.4.2.0
2025-03-18 08:44:17,643 [WARN] PackLoader:240 - Cannot read IP mode file for RealThread.X-CUBE-RT-Thread_Nano.4.1.1
2025-03-18 08:44:17,758 [WARN] PackLoader:240 - Cannot read IP mode file for wolfSSL.I-CUBE-wolfSSL.5.7.0
2025-03-18 08:44:17,767 [WARN] PackLoader:240 - Cannot read IP mode file for STMicroelectronics.FP-ATR-SIGFOX1.3.2.0
2025-03-18 08:44:17,781 [WARN] ConditionMgr:438 - getConditionDescription Invalid condition id : Cortex-A Device cause : null
2025-03-18 08:44:17,797 [WARN] ConditionMgr:1044 - genDependencies : Invalid condition id : Cortex-A Device cause : null
2025-03-18 08:44:17,797 [WARN] ConditionMgr:1044 - genDependencies : Invalid condition id : Cortex-A Device cause : null
2025-03-18 08:44:17,797 [WARN] ConditionMgr:1044 - genDependencies : Invalid condition id : Cortex-A Device cause : null
2025-03-18 08:44:17,812 [WARN] PackLoader:240 - Cannot read IP mode file for STMicroelectronics.X-CUBE-EEPRMA1.5.1.0
2025-03-18 08:44:17,862 [WARN] PackLoader:240 - Cannot read IP mode file for wolfSSL.I-CUBE-wolfSSL.5.7.4
2025-03-18 08:44:17,874 [WARN] PackLoader:240 - Cannot read IP mode file for wolfSSL.I-CUBE-wolfSSL.5.7.6
2025-03-18 08:44:17,889 [WARN] PackLoader:240 - Cannot read IP mode file for ITTIA_DB.I-CUBE-ITTIADB.8.9.0
2025-03-18 08:44:17,943 [WARN] PackLoader:240 - Cannot read IP mode file for SEGGER.I-CUBE-embOS.1.3.1
2025-03-18 08:44:18,182 [WARN] PackLoader:240 - Cannot read IP mode file for STMicroelectronics.X-CUBE-ALGOBUILD.1.4.0
2025-03-18 08:44:18,211 [WARN] PackLoader:240 - Cannot read IP mode file for STMicroelectronics.X-CUBE-AI.9.1.0
2025-03-18 08:44:18,236 [WARN] PackLoader:240 - Cannot read IP mode file for STMicroelectronics.X-CUBE-GNSS1.6.0.0
2025-03-18 08:44:18,354 [WARN] PackLoader:240 - Cannot read IP mode file for STMicroelectronics.X-CUBE-AZRTOS-F4.1.1.0
2025-03-18 08:44:18,369 [WARN] PackLoader:240 - Cannot read IP mode file for STMicroelectronics.X-CUBE-ISPU.2.1.0
2025-03-18 08:44:18,382 [WARN] PackLoader:240 - Cannot read IP mode file for STMicroelectronics.X-CUBE-FREERTOS.1.2.0
2025-03-18 08:44:18,459 [WARN] PackLoader:240 - Cannot read IP mode file for wolfSSL.I-CUBE-wolfSSL.5.6.6
2025-03-18 08:44:18,497 [WARN] PackLoader:240 - Cannot read IP mode file for STMicroelectronics.X-CUBE-AZRTOS-L5.2.0.0
2025-03-18 08:44:18,512 [INFO] WebApp:463 - Apply proxy settings
2025-03-18 08:44:18,527 [WARN] PackLoader:240 - Cannot read IP mode file for STMicroelectronics.X-CUBE-NFC6.3.1.0
2025-03-18 08:44:18,538 [INFO] WebApp:508 - Chromium authenticates against Manually configured proxy
2025-03-18 08:44:18,555 [WARN] PackLoader:240 - Cannot read IP mode file for ITTIA_DB.I-CUBE-ITTIADB.8.8.0
2025-03-18 08:44:18,579 [WARN] PackLoader:240 - Cannot read IP mode file for STMicroelectronics.X-CUBE-DPower.1.2.0
2025-03-18 08:44:18,582 [INFO] WebApp:516 - Username used for proxy authentication: 
2025-03-18 08:44:18,597 [WARN] PackLoader:240 - Cannot read IP mode file for STMicroelectronics.X-CUBE-AI.9.0.0
2025-03-18 08:44:18,620 [WARN] PackLoader:240 - Cannot read IP mode file for STMicroelectronics.X-CUBE-FREERTOS.1.3.0
2025-03-18 08:44:18,639 [INFO] WebApp:894 - Register for checkConnection events
2025-03-18 08:44:18,640 [INFO] WebApp:463 - Apply proxy settings
2025-03-18 08:44:18,659 [INFO] WebApp:508 - Chromium authenticates against Manually configured proxy
2025-03-18 08:44:18,660 [INFO] WebApp:516 - Username used for proxy authentication: 
2025-03-18 08:44:18,724 [WARN] PackLoader:240 - Cannot read IP mode file for STMicroelectronics.X-CUBE-NFC7.1.0.1
2025-03-18 08:44:18,742 [WARN] PackLoader:240 - Cannot read IP mode file for wolfSSL.I-CUBE-wolfTPM.3.2.0
2025-03-18 08:44:18,764 [WARN] PackLoader:240 - Cannot read IP mode file for STMicroelectronics.X-CUBE-NFC6.3.0.0
2025-03-18 08:44:18,777 [WARN] PackLoader:240 - Cannot read IP mode file for STMicroelectronics.X-CUBE-AI.8.1.0
2025-03-18 08:44:18,809 [WARN] ConditionMgr:438 - getConditionDescription Invalid condition id : LAN8742 Phy interface Condition cause : null
2025-03-18 08:44:18,812 [WARN] PackLoader:240 - Cannot read IP mode file for STMicroelectronics.X-CUBE-AZRTOS-L4.2.0.0
2025-03-18 08:44:18,816 [WARN] ConditionMgr:1044 - genDependencies : Invalid condition id : LAN8742 Phy interface Condition cause : null
2025-03-18 08:44:18,817 [WARN] ConditionMgr:1044 - genDependencies : Invalid condition id : LAN8742 Phy interface Condition cause : null
2025-03-18 08:44:18,818 [WARN] ConditionMgr:1044 - genDependencies : Invalid condition id : LAN8742 Phy interface Condition cause : null
2025-03-18 08:44:18,843 [WARN] PackLoader:240 - Cannot read IP mode file for STMicroelectronics.X-CUBE-SFXS2LP1.4.0.0
2025-03-18 08:44:18,876 [WARN] PackLoader:240 - Cannot read IP mode file for STMicroelectronics.X-CUBE-AZRTOS-H7.3.3.0
2025-03-18 08:44:18,907 [WARN] PackLoader:240 - Cannot read IP mode file for STMicroelectronics.X-CUBE-IPS.3.0.0
2025-03-18 08:44:18,913 [INFO] WebApp:225 - Starting web application
2025-03-18 08:44:18,914 [INFO] WebApp:593 - Web application path used /Applications/STM32CubeIDE.app/Contents/Eclipse/plugins/com.st.stm32cube.common.mx_6.14.0.202502271554/db/plugins/mcufinder/reactClient1/index.html
2025-03-18 08:44:19,647 [WARN] ConditionMgr:438 - getConditionDescription Invalid condition id : UX DEVICE CLASS RTOS Condition cause : null
2025-03-18 08:44:19,695 [WARN] ConditionMgr:438 - getConditionDescription Invalid condition id : UX DEVICE CLASS RTOS Condition cause : null
2025-03-18 08:44:19,707 [WARN] PackLoader:240 - Cannot read IP mode file for STMicroelectronics.X-CUBE-AZRTOS-WB.2.0.0
2025-03-18 08:44:19,725 [WARN] ConditionMgr:1044 - genDependencies : Invalid condition id : UX DEVICE CLASS RTOS Condition cause : null
2025-03-18 08:44:19,725 [WARN] ConditionMgr:1044 - genDependencies : Invalid condition id : UX DEVICE CLASS RTOS Condition cause : null
2025-03-18 08:44:19,727 [WARN] ConditionMgr:1044 - genDependencies : Invalid condition id : UX DEVICE CLASS RTOS Condition cause : null
2025-03-18 08:44:19,728 [WARN] ConditionMgr:1044 - genDependencies : Invalid condition id : UX DEVICE CLASS RTOS Condition cause : null
2025-03-18 08:44:19,728 [WARN] ConditionMgr:1044 - genDependencies : Invalid condition id : UX DEVICE CLASS RTOS Condition cause : null
2025-03-18 08:44:19,721 [INFO] WebApp:191 - Connection restablished
2025-03-18 08:44:19,848 [WARN] PackLoader:240 - Cannot read IP mode file for STMicroelectronics.X-CUBE-GNSS1.7.0.0
2025-03-18 08:44:20,218 [WARN] PackLoader:240 - Cannot read IP mode file for STMicroelectronics.X-CUBE-GNSS1.7.0.1
2025-03-18 08:44:20,277 [WARN] PackLoader:240 - Cannot read IP mode file for STMicroelectronics.X-CUBE-TOUCHGFX.4.25.0
2025-03-18 08:44:20,291 [WARN] PackLoader:240 - Cannot read IP mode file for STMicroelectronics.FP-SNS-STBOX1.2.0.0
2025-03-18 08:44:20,327 [WARN] PackLoader:240 - Cannot read IP mode file for STMicroelectronics.X-CUBE-SUBG2.5.0.0
2025-03-18 08:44:20,385 [WARN] PackLoader:240 - Cannot read IP mode file for STMicroelectronics.X-CUBE-AZRTOS-H7RS.1.1.0
2025-03-18 08:44:20,408 [WARN] PackLoader:240 - Cannot read IP mode file for Cesanta.I-CUBE-Mongoose.7.13.0
2025-03-18 08:44:20,443 [WARN] PackLoader:240 - Cannot read IP mode file for STMicroelectronics.X-CUBE-AZRTOS-G4.2.0.0
2025-03-18 08:44:20,492 [WARN] PackLoader:240 - Cannot read IP mode file for Infineon.AIROC-Wi-Fi-Bluetooth-STM32.1.5.1
2025-03-18 08:44:20,505 [WARN] PackLoader:240 - Cannot read IP mode file for STMicroelectronics.FP-SNS-MOTENVWB1.1.3.1
2025-03-18 08:44:20,519 [WARN] PackLoader:240 - Cannot read IP mode file for STMicroelectronics.X-CUBE-ISPU.2.0.0
2025-03-18 08:44:20,535 [WARN] PackLoader:240 - Cannot read IP mode file for STMicroelectronics.X-CUBE-IPS.3.1.0
2025-03-18 08:44:20,555 [WARN] PackLoader:240 - Cannot read IP mode file for STMicroelectronics.X-CUBE-ALS.1.0.2
2025-03-18 08:44:20,617 [INFO] UserAuth:486 - Internet connection configuration mode: 1
2025-03-18 08:44:20,643 [WARN] PackLoader:240 - Cannot read IP mode file for STMicroelectronics.X-CUBE-MEMS1.10.0.0
2025-03-18 08:44:20,924 [WARN] PackLoader:240 - Cannot read IP mode file for STMicroelectronics.X-CUBE-FREERTOS.1.1.0
2025-03-18 08:44:20,943 [WARN] PackLoader:240 - Cannot read IP mode file for STMicroelectronics.X-CUBE-TOUCHGFX.4.24.0
2025-03-18 08:44:20,951 [WARN] PackLoader:240 - Cannot read IP mode file for STMicroelectronics.X-CUBE-TOUCHGFX.4.24.2
2025-03-18 08:44:20,958 [WARN] PackLoader:240 - Cannot read IP mode file for STMicroelectronics.X-CUBE-TOUCHGFX.4.24.1
2025-03-18 08:44:20,966 [WARN] PackLoader:240 - Cannot read IP mode file for wolfSSL.I-CUBE-wolfTPM.3.4.0
2025-03-18 08:44:20,974 [WARN] PackLoader:240 - Cannot read IP mode file for portGmbH.I-Cube-SoM-uGOAL.1.1.0
2025-03-18 08:44:20,982 [WARN] PackLoader:240 - Cannot read IP mode file for STMicroelectronics.X-CUBE-ALS.1.0.1
2025-03-18 08:44:21,070 [WARN] PackLoader:240 - Cannot read IP mode file for STMicroelectronics.X-CUBE-AZRTOS-H7RS.1.0.0
2025-03-18 08:44:21,093 [WARN] PackLoader:240 - Cannot read IP mode file for STMicroelectronics.FP-ATR-ASTRA1.2.0.0
2025-03-18 08:44:21,113 [WARN] PackLoader:240 - Cannot read IP mode file for STMicroelectronics.X-CUBE-TOF1.3.4.2
2025-03-18 08:44:21,143 [WARN] PackLoader:240 - Cannot read IP mode file for STMicroelectronics.X-CUBE-TOF1.3.4.1
2025-03-18 08:44:21,197 [WARN] PackLoader:240 - Cannot read IP mode file for STMicroelectronics.X-CUBE-AZRTOS-H7.3.2.0
2025-03-18 08:44:21,231 [WARN] PackLoader:240 - Cannot read IP mode file for Infineon.AIROC-Wi-Fi-Bluetooth-STM32.1.6.0
2025-03-18 08:44:21,245 [WARN] PackLoader:240 - Cannot read IP mode file for wolfSSL.I-CUBE-wolfSSH.1.4.17
2025-03-18 08:44:21,249 [INFO] ThirdParty:978 - Integrity check success = true
2025-03-18 08:44:21,249 [INFO] IntegrityCheckThread:100 - exiting critical section [integrity check]
2025-03-18 08:44:21,249 [INFO] IntegrityCheckThread:103 - End integrity checks thread
