../Core/Src/stm32h7xx_it.c:72:6:NMI_Handler	8	static
../Core/Src/stm32h7xx_it.c:88:6:HardFault_Handler	8	static
../Core/Src/stm32h7xx_it.c:104:6:MemManage_Handler	8	static
../Core/Src/stm32h7xx_it.c:120:6:BusFault_Handler	8	static
../Core/Src/stm32h7xx_it.c:136:6:UsageFault_Handler	8	static
../Core/Src/stm32h7xx_it.c:152:6:SVC_Handler	4	static
../Core/Src/stm32h7xx_it.c:165:6:DebugMon_Handler	4	static
../Core/Src/stm32h7xx_it.c:178:6:PendSV_Handler	4	static
../Core/Src/stm32h7xx_it.c:191:6:SysTick_Handler	8	static
../Core/Src/stm32h7xx_it.c:212:6:DMA1_Stream0_IRQHandler	8	static
../Core/Src/stm32h7xx_it.c:226:6:UART4_IRQHandler	8	static
../Core/Src/stm32h7xx_it.c:240:6:SDMMC2_IRQHandler	8	static
../Core/Src/stm32h7xx_it.c:254:6:HSEM2_IRQHandler	8	static
../Core/Src/stm32h7xx_it.c:271:6:HAL_HSEM_FreeCallback	16	static
